../Drivers/STM32U5xx_HAL_Driver/Inc/stm32u5xx_ll_bus.h:845:22:LL_AHB2_GRP1_EnableClock	24	static
../Drivers/STM32U5xx_HAL_Driver/Inc/stm32u5xx_ll_bus.h:1895:22:LL_APB1_GRP2_EnableClock	24	static
../Core/Src/main.c:76:6:myprintf	16	static
../Core/Src/main.c:93:5:main	101480	static
../Core/Src/main.c:251:6:SystemClock_Config	128	static
../Core/Src/main.c:307:13:SystemPower_Config	8	static
../Core/Src/main.c:327:13:MX_ADC1_Init	40	static
../Core/Src/main.c:389:13:MX_ICACHE_Init	8	static
../Core/Src/main.c:421:13:MX_MEMORYMAP_Init	4	static
../Core/Src/main.c:442:13:MX_SPI1_Init	24	static
../Core/Src/main.c:499:13:MX_UCPD1_Init	32	static
../Core/Src/main.c:541:13:MX_USART1_UART_Init	8	static
../Core/Src/main.c:589:13:MX_USB_OTG_HS_HCD_Init	8	static
../Core/Src/main.c:622:13:MX_GPIO_Init	56	static
../Core/Src/main.c:700:6:Error_Handler	4	static,ignoring_inline_asm
