Archive member included to satisfy reference by file (symbol)

/Applications/STM32CubeIDE.app/Contents/Eclipse/plugins/com.st.stm32cube.ide.mcu.externaltools.gnu-tools-for-stm32.11.3.rel1.macos64_1.1.1.202309131626/tools/bin/../lib/gcc/arm-none-eabi/11.3.1/../../../../arm-none-eabi/lib/thumb/v8-m.main+fp/hard/libc_nano.a(libc_a-exit.o)
                              /Applications/STM32CubeIDE.app/Contents/Eclipse/plugins/com.st.stm32cube.ide.mcu.externaltools.gnu-tools-for-stm32.11.3.rel1.macos64_1.1.1.202309131626/tools/bin/../lib/gcc/arm-none-eabi/11.3.1/../../../../arm-none-eabi/lib/thumb/v8-m.main+fp/hard/crt0.o (exit)
/Applications/STM32CubeIDE.app/Contents/Eclipse/plugins/com.st.stm32cube.ide.mcu.externaltools.gnu-tools-for-stm32.11.3.rel1.macos64_1.1.1.202309131626/tools/bin/../lib/gcc/arm-none-eabi/11.3.1/../../../../arm-none-eabi/lib/thumb/v8-m.main+fp/hard/libc_nano.a(libc_a-sprintf.o)
                              ./Core/Src/main.o (sprintf)
/Applications/STM32CubeIDE.app/Contents/Eclipse/plugins/com.st.stm32cube.ide.mcu.externaltools.gnu-tools-for-stm32.11.3.rel1.macos64_1.1.1.202309131626/tools/bin/../lib/gcc/arm-none-eabi/11.3.1/../../../../arm-none-eabi/lib/thumb/v8-m.main+fp/hard/libc_nano.a(libc_a-findfp.o)
                              /Applications/STM32CubeIDE.app/Contents/Eclipse/plugins/com.st.stm32cube.ide.mcu.externaltools.gnu-tools-for-stm32.11.3.rel1.macos64_1.1.1.202309131626/tools/bin/../lib/gcc/arm-none-eabi/11.3.1/../../../../arm-none-eabi/lib/thumb/v8-m.main+fp/hard/libc_nano.a(libc_a-exit.o) (__stdio_exit_handler)
/Applications/STM32CubeIDE.app/Contents/Eclipse/plugins/com.st.stm32cube.ide.mcu.externaltools.gnu-tools-for-stm32.11.3.rel1.macos64_1.1.1.202309131626/tools/bin/../lib/gcc/arm-none-eabi/11.3.1/../../../../arm-none-eabi/lib/thumb/v8-m.main+fp/hard/libc_nano.a(libc_a-fwalk.o)
                              /Applications/STM32CubeIDE.app/Contents/Eclipse/plugins/com.st.stm32cube.ide.mcu.externaltools.gnu-tools-for-stm32.11.3.rel1.macos64_1.1.1.202309131626/tools/bin/../lib/gcc/arm-none-eabi/11.3.1/../../../../arm-none-eabi/lib/thumb/v8-m.main+fp/hard/libc_nano.a(libc_a-findfp.o) (_fwalk_sglue)
/Applications/STM32CubeIDE.app/Contents/Eclipse/plugins/com.st.stm32cube.ide.mcu.externaltools.gnu-tools-for-stm32.11.3.rel1.macos64_1.1.1.202309131626/tools/bin/../lib/gcc/arm-none-eabi/11.3.1/../../../../arm-none-eabi/lib/thumb/v8-m.main+fp/hard/libc_nano.a(libc_a-vsnprintf.o)
                              ./Core/Src/main.o (vsnprintf)
/Applications/STM32CubeIDE.app/Contents/Eclipse/plugins/com.st.stm32cube.ide.mcu.externaltools.gnu-tools-for-stm32.11.3.rel1.macos64_1.1.1.202309131626/tools/bin/../lib/gcc/arm-none-eabi/11.3.1/../../../../arm-none-eabi/lib/thumb/v8-m.main+fp/hard/libc_nano.a(libc_a-memset.o)
                              /Applications/STM32CubeIDE.app/Contents/Eclipse/plugins/com.st.stm32cube.ide.mcu.externaltools.gnu-tools-for-stm32.11.3.rel1.macos64_1.1.1.202309131626/tools/bin/../lib/gcc/arm-none-eabi/11.3.1/../../../../arm-none-eabi/lib/thumb/v8-m.main+fp/hard/crt0.o (memset)
/Applications/STM32CubeIDE.app/Contents/Eclipse/plugins/com.st.stm32cube.ide.mcu.externaltools.gnu-tools-for-stm32.11.3.rel1.macos64_1.1.1.202309131626/tools/bin/../lib/gcc/arm-none-eabi/11.3.1/../../../../arm-none-eabi/lib/thumb/v8-m.main+fp/hard/libc_nano.a(libc_a-impure.o)
                              /Applications/STM32CubeIDE.app/Contents/Eclipse/plugins/com.st.stm32cube.ide.mcu.externaltools.gnu-tools-for-stm32.11.3.rel1.macos64_1.1.1.202309131626/tools/bin/../lib/gcc/arm-none-eabi/11.3.1/../../../../arm-none-eabi/lib/thumb/v8-m.main+fp/hard/libc_nano.a(libc_a-sprintf.o) (_impure_ptr)
/Applications/STM32CubeIDE.app/Contents/Eclipse/plugins/com.st.stm32cube.ide.mcu.externaltools.gnu-tools-for-stm32.11.3.rel1.macos64_1.1.1.202309131626/tools/bin/../lib/gcc/arm-none-eabi/11.3.1/../../../../arm-none-eabi/lib/thumb/v8-m.main+fp/hard/libc_nano.a(libc_a-clock.o)
                              ./Core/Src/main.o (clock)
/Applications/STM32CubeIDE.app/Contents/Eclipse/plugins/com.st.stm32cube.ide.mcu.externaltools.gnu-tools-for-stm32.11.3.rel1.macos64_1.1.1.202309131626/tools/bin/../lib/gcc/arm-none-eabi/11.3.1/../../../../arm-none-eabi/lib/thumb/v8-m.main+fp/hard/libc_nano.a(libc_a-timesr.o)
                              /Applications/STM32CubeIDE.app/Contents/Eclipse/plugins/com.st.stm32cube.ide.mcu.externaltools.gnu-tools-for-stm32.11.3.rel1.macos64_1.1.1.202309131626/tools/bin/../lib/gcc/arm-none-eabi/11.3.1/../../../../arm-none-eabi/lib/thumb/v8-m.main+fp/hard/libc_nano.a(libc_a-clock.o) (_times_r)
/Applications/STM32CubeIDE.app/Contents/Eclipse/plugins/com.st.stm32cube.ide.mcu.externaltools.gnu-tools-for-stm32.11.3.rel1.macos64_1.1.1.202309131626/tools/bin/../lib/gcc/arm-none-eabi/11.3.1/../../../../arm-none-eabi/lib/thumb/v8-m.main+fp/hard/libc_nano.a(libc_a-errno.o)
                              ./Core/Src/syscalls.o (__errno)
[...]
Memory Configuration

Name             Origin             Length             Attributes
RAM              0x0000000020000000 0x0000000000270000 xrw
SRAM4            0x0000000028000000 0x0000000000004000 xrw
FLASH            0x0000000008000000 0x0000000000400000 xr
*default*        0x0000000000000000 0xffffffffffffffff

Linker script and memory map

LOAD /Applications/STM32CubeIDE.app/Contents/Eclipse/plugins/com.st.stm32cube.ide.mcu.externaltools.gnu-tools-for-stm32.11.3.rel1.macos64_1.1.1.202309131626/tools/bin/../lib/gcc/arm-none-eabi/11.3.1/thumb/v8-m.main+fp/hard/crti.o
LOAD /Applications/STM32CubeIDE.app/Contents/Eclipse/plugins/com.st.stm32cube.ide.mcu.externaltools.gnu-tools-for-stm32.11.3.rel1.macos64_1.1.1.202309131626/tools/bin/../lib/gcc/arm-none-eabi/11.3.1/thumb/v8-m.main+fp/hard/crtbegin.o
LOAD /Applications/STM32CubeIDE.app/Contents/Eclipse/plugins/com.st.stm32cube.ide.mcu.externaltools.gnu-tools-for-stm32.11.3.rel1.macos64_1.1.1.202309131626/tools/bin/../lib/gcc/arm-none-eabi/11.3.1/../../../../arm-none-eabi/lib/thumb/v8-m.main+fp/hard/crt0.o
LOAD ./Core/Src/diskio.o
LOAD ./Core/Src/fatfs.o
LOAD ./Core/Src/ff.o
LOAD ./Core/Src/ff_gen_drv.o
LOAD ./Core/Src/main.o
LOAD ./Core/Src/stm32u5xx_hal_msp.o
LOAD ./Core/Src/stm32u5xx_it.o
LOAD ./Core/Src/syscall.o
LOAD ./Core/Src/syscalls.o
LOAD ./Core/Src/sysmem.o
LOAD ./Core/Src/system_stm32u5xx.o
LOAD ./Core/Src/user_diskio.o
LOAD ./Core/Src/user_diskio_spi.o
LOAD ./Core/Src/wav_header.o
LOAD ./Core/Startup/startup_stm32u5a5zjtxq.o
LOAD ./Drivers/STM32U5xx_HAL_Driver/Src/stm32u5xx_hal.o
LOAD ./Drivers/STM32U5xx_HAL_Driver/Src/stm32u5xx_hal_adc.o
LOAD ./Drivers/STM32U5xx_HAL_Driver/Src/stm32u5xx_hal_adc_ex.o
LOAD ./Drivers/STM32U5xx_HAL_Driver/Src/stm32u5xx_hal_cortex.o
LOAD ./Drivers/STM32U5xx_HAL_Driver/Src/stm32u5xx_hal_dma.o
LOAD ./Drivers/STM32U5xx_HAL_Driver/Src/stm32u5xx_hal_dma_ex.o
LOAD ./Drivers/STM32U5xx_HAL_Driver/Src/stm32u5xx_hal_exti.o
LOAD ./Drivers/STM32U5xx_HAL_Driver/Src/stm32u5xx_hal_flash.o
LOAD ./Drivers/STM32U5xx_HAL_Driver/Src/stm32u5xx_hal_flash_ex.o
LOAD ./Drivers/STM32U5xx_HAL_Driver/Src/stm32u5xx_hal_gpio.o
LOAD ./Drivers/STM32U5xx_HAL_Driver/Src/stm32u5xx_hal_gtzc.o
LOAD ./Drivers/STM32U5xx_HAL_Driver/Src/stm32u5xx_hal_hcd.o
LOAD ./Drivers/STM32U5xx_HAL_Driver/Src/stm32u5xx_hal_i2c.o
LOAD ./Drivers/STM32U5xx_HAL_Driver/Src/stm32u5xx_hal_i2c_ex.o
LOAD ./Drivers/STM32U5xx_HAL_Driver/Src/stm32u5xx_hal_icache.o
LOAD ./Drivers/STM32U5xx_HAL_Driver/Src/stm32u5xx_hal_pwr.o
LOAD ./Drivers/STM32U5xx_HAL_Driver/Src/stm32u5xx_hal_pwr_ex.o
LOAD ./Drivers/STM32U5xx_HAL_Driver/Src/stm32u5xx_hal_rcc.o
LOAD ./Drivers/STM32U5xx_HAL_Driver/Src/stm32u5xx_hal_rcc_ex.o
LOAD ./Drivers/STM32U5xx_HAL_Driver/Src/stm32u5xx_hal_spi.o
LOAD ./Drivers/STM32U5xx_HAL_Driver/Src/stm32u5xx_hal_spi_ex.o
LOAD ./Drivers/STM32U5xx_HAL_Driver/Src/stm32u5xx_hal_tim.o
LOAD ./Drivers/STM32U5xx_HAL_Driver/Src/stm32u5xx_hal_tim_ex.o
LOAD ./Drivers/STM32U5xx_HAL_Driver/Src/stm32u5xx_hal_uart.o
LOAD ./Drivers/STM32U5xx_HAL_Driver/Src/stm32u5xx_hal_uart_ex.o
LOAD ./Drivers/STM32U5xx_HAL_Driver/Src/stm32u5xx_ll_dma.o
LOAD ./Drivers/STM32U5xx_HAL_Driver/Src/stm32u5xx_ll_exti.o
LOAD ./Drivers/STM32U5xx_HAL_Driver/Src/stm32u5xx_ll_gpio.o
LOAD ./Drivers/STM32U5xx_HAL_Driver/Src/stm32u5xx_ll_lpgpio.o
LOAD ./Drivers/STM32U5xx_HAL_Driver/Src/stm32u5xx_ll_ucpd.o
LOAD ./Drivers/STM32U5xx_HAL_Driver/Src/stm32u5xx_ll_usb.o
LOAD ./Drivers/STM32U5xx_HAL_Driver/Src/stm32u5xx_ll_utils.o
START GROUP
LOAD /Applications/STM32CubeIDE.app/Contents/Eclipse/plugins/com.st.stm32cube.ide.mcu.externaltools.gnu-tools-for-stm32.11.3.rel1.macos64_1.1.1.202309131626/tools/bin/../lib/gcc/arm-none-eabi/11.3.1/../../../../arm-none-eabi/lib/thumb/v8-m.main+fp/hard/libc_nano.a
LOAD /Applications/STM32CubeIDE.app/Contents/Eclipse/plugins/com.st.stm32cube.ide.mcu.externaltools.gnu-tools-for-stm32.11.3.rel1.macos64_1.1.1.202309131626/tools/bin/../lib/gcc/arm-none-eabi/11.3.1/../../../../arm-none-eabi/lib/thumb/v8-m.main+fp/hard/libm.a
END GROUP
START GROUP
LOAD /Applications/STM32CubeIDE.app/Contents/Eclipse/plugins/com.st.stm32cube.ide.mcu.externaltools.gnu-tools-for-stm32.11.3.rel1.macos64_1.1.1.202309131626/tools/bin/../lib/gcc/arm-none-eabi/11.3.1/thumb/v8-m.main+fp/hard/libgcc.a
LOAD /Applications/STM32CubeIDE.app/Contents/Eclipse/plugins/com.st.stm32cube.ide.mcu.externaltools.gnu-tools-for-stm32.11.3.rel1.macos64_1.1.1.202309131626/tools/bin/../lib/gcc/arm-none-eabi/11.3.1/../../../../arm-none-eabi/lib/thumb/v8-m.main+fp/hard/libc_nano.a
END GROUP
START GROUP
LOAD /Applications/STM32CubeIDE.app/Contents/Eclipse/plugins/com.st.stm32cube.ide.mcu.externaltools.gnu-tools-for-stm32.11.3.rel1.macos64_1.1.1.202309131626/tools/bin/../lib/gcc/arm-none-eabi/11.3.1/thumb/v8-m.main+fp/hard/libgcc.a
LOAD /Applications/STM32CubeIDE.app/Contents/Eclipse/plugins/com.st.stm32cube.ide.mcu.externaltools.gnu-tools-for-stm32.11.3.rel1.macos64_1.1.1.202309131626/tools/bin/../lib/gcc/arm-none-eabi/11.3.1/../../../../arm-none-eabi/lib/thumb/v8-m.main+fp/hard/libc_nano.a
LOAD /Applications/STM32CubeIDE.app/Contents/Eclipse/plugins/com.st.stm32cube.ide.mcu.externaltools.gnu-tools-for-stm32.11.3.rel1.macos64_1.1.1.202309131626/tools/bin/../lib/gcc/arm-none-eabi/11.3.1/../../../../arm-none-eabi/lib/thumb/v8-m.main+fp/hard/libnosys.a
END GROUP
START GROUP
LOAD /Applications/STM32CubeIDE.app/Contents/Eclipse/plugins/com.st.stm32cube.ide.mcu.externaltools.gnu-tools-for-stm32.11.3.rel1.macos64_1.1.1.202309131626/tools/bin/../lib/gcc/arm-none-eabi/11.3.1/thumb/v8-m.main+fp/hard/libgcc.a
LOAD /Applications/STM32CubeIDE.app/Contents/Eclipse/plugins/com.st.stm32cube.ide.mcu.externaltools.gnu-tools-for-stm32.11.3.rel1.macos64_1.1.1.202309131626/tools/bin/../lib/gcc/arm-none-eabi/11.3.1/../../../../arm-none-eabi/lib/thumb/v8-m.main+fp/hard/libc_nano.a
LOAD /Applications/STM32CubeIDE.app/Contents/Eclipse/plugins/com.st.stm32cube.ide.mcu.externaltools.gnu-tools-for-stm32.11.3.rel1.macos64_1.1.1.202309131626/tools/bin/../lib/gcc/arm-none-eabi/11.3.1/../../../../arm-none-eabi/lib/thumb/v8-m.main+fp/hard/libnosys.a
END GROUP
LOAD /Applications/STM32CubeIDE.app/Contents/Eclipse/plugins/com.st.stm32cube.ide.mcu.externaltools.gnu-tools-for-stm32.11.3.rel1.macos64_1.1.1.202309131626/tools/bin/../lib/gcc/arm-none-eabi/11.3.1/thumb/v8-m.main+fp/hard/crtend.o
LOAD /Applications/STM32CubeIDE.app/Contents/Eclipse/plugins/com.st.stm32cube.ide.mcu.externaltools.gnu-tools-for-stm32.11.3.rel1.macos64_1.1.1.202309131626/tools/bin/../lib/gcc/arm-none-eabi/11.3.1/thumb/v8-m.main+fp/hard/crtn.o
                0x0000000020270000                _estack = (ORIGIN (RAM) + LENGTH (RAM))
                0x0000000000000200                _Min_Heap_Size = 0x200
                0x0000000000000400                _Min_Stack_Size = 0x400

.isr_vector     0x0000000008000000      0x250
 *(.isr_vector)
 .isr_vector    0x0000000008000000      0x250 ./Core/Startup/startup_stm32u5a5zjtxq.o
                0x0000000008000000                g_pfnVectors

.text           0x0000000008000250     0xe33c
 *(.text)
 .text          0x0000000008000250       0x40 /Applications/STM32CubeIDE.app/Contents/Eclipse/plugins/com.st.stm32cube.ide.mcu.externaltools.gnu-tools-for-stm32.11.3.rel1.macos64_1.1.1.202309131626/tools/bin/../lib/gcc/arm-none-eabi/11.3.1/thumb/v8-m.main+fp/hard/crtbegin.o
 .text          0x0000000008000290       0x10 /Applications/STM32CubeIDE.app/Contents/Eclipse/plugins/com.st.stm32cube.ide.mcu.externaltools.gnu-tools-for-stm32.11.3.rel1.macos64_1.1.1.202309131626/tools/bin/../lib/gcc/arm-none-eabi/11.3.1/../../../../arm-none-eabi/lib/thumb/v8-m.main+fp/hard/libc_nano.a(libc_a-strlen.o)
                0x0000000008000290                strlen
 .text          0x00000000080002a0      0x378 /Applications/STM32CubeIDE.app/Contents/Eclipse/plugins/com.st.stm32cube.ide.mcu.externaltools.gnu-tools-for-stm32.11.3.rel1.macos64_1.1.1.202309131626/tools/bin/../lib/gcc/arm-none-eabi/11.3.1/thumb/v8-m.main+fp/hard/libgcc.a(_arm_addsubdf3.o)
                0x00000000080002a0                __aeabi_drsub
                0x00000000080002a8                __subdf3
                0x00000000080002a8                __aeabi_dsub
                0x00000000080002ac                __aeabi_dadd
                0x00000000080002ac                __adddf3
                0x0000000008000524                __aeabi_ui2d
                0x0000000008000524                __floatunsidf
                0x0000000008000544                __floatsidf
                0x0000000008000544                __aeabi_i2d
                0x0000000008000568                __extendsfdf2
                0x0000000008000568                __aeabi_f2d
                0x00000000080005ac                __aeabi_ul2d
                0x00000000080005ac                __floatundidf
                0x00000000080005bc                __aeabi_l2d
                0x00000000080005bc                __floatdidf
 .text          0x0000000008000618       0x30 /Applications/STM32CubeIDE.app/Contents/Eclipse/plugins/com.st.stm32cube.ide.mcu.externaltools.gnu-tools-for-stm32.11.3.rel1.macos64_1.1.1.202309131626/tools/bin/../lib/gcc/arm-none-eabi/11.3.1/thumb/v8-m.main+fp/hard/libgcc.a(_aeabi_uldivmod.o)
                0x0000000008000618                __aeabi_uldivmod
 .text          0x0000000008000648      0x2ec /Applications/STM32CubeIDE.app/Contents/Eclipse/plugins/com.st.stm32cube.ide.mcu.externaltools.gnu-tools-for-stm32.11.3.rel1.macos64_1.1.1.202309131626/tools/bin/../lib/gcc/arm-none-eabi/11.3.1/thumb/v8-m.main+fp/hard/libgcc.a(_udivmoddi4.o)
                0x0000000008000648                __udivmoddi4
 .text          0x0000000008000934        0x4 /Applications/STM32CubeIDE.app/Contents/Eclipse/plugins/com.st.stm32cube.ide.mcu.externaltools.gnu-tools-for-stm32.11.3.rel1.macos64_1.1.1.202309131626/tools/bin/../lib/gcc/arm-none-eabi/11.3.1/thumb/v8-m.main+fp/hard/libgcc.a(_dvmd_tls.o)
                0x0000000008000934                __aeabi_ldiv0
                0x0000000008000934                __aeabi_idiv0
 *(.text*)
 .text.disk_status
                0x0000000008000938       0x34 ./Core/Src/diskio.o
                0x0000000008000938                disk_status
 .text.disk_initialize
                0x000000000800096c       0x4c ./Core/Src/diskio.o
                0x000000000800096c                disk_initialize
 .text.disk_read
                0x00000000080009b8       0x40 ./Core/Src/diskio.o
                0x00000000080009b8                disk_read
 .text.disk_write
                0x00000000080009f8       0x40 ./Core/Src/diskio.o
                0x00000000080009f8                disk_write
 .text.disk_ioctl
                0x0000000008000a38       0x3c ./Core/Src/diskio.o
                0x0000000008000a38                disk_ioctl
 .text.MX_FATFS_Init
                0x0000000008000a74       0x24 ./Core/Src/fatfs.o
                0x0000000008000a74                MX_FATFS_Init
 .text.get_fattime
                0x0000000008000a98       0x10 ./Core/Src/fatfs.o
                0x0000000008000a98                get_fattime
 .text.mem_cpy  0x0000000008000aa8       0x3e ./Core/Src/ff.o
 .text.mem_set  0x0000000008000ae6       0x36 ./Core/Src/ff.o
 .text.mem_cmp  0x0000000008000b1c       0x4e ./Core/Src/ff.o
 .text.chk_chr  0x0000000008000b6a       0x36 ./Core/Src/ff.o
 .text.chk_lock
                0x0000000008000ba0       0xdc ./Core/Src/ff.o
 .text.enq_lock
                0x0000000008000c7c       0x48 ./Core/Src/ff.o
 .text.inc_lock
                0x0000000008000cc4      0x170 ./Core/Src/ff.o
 .text.dec_lock
                0x0000000008000e34       0x88 ./Core/Src/ff.o
 .text.clear_lock
                0x0000000008000ebc       0x54 ./Core/Src/ff.o
 .text.sync_window
                0x0000000008000f10       0x92 ./Core/Src/ff.o
 .text.move_window
                0x0000000008000fa2       0x5c ./Core/Src/ff.o
 .text.sync_fs  0x0000000008000ffe      0x15a ./Core/Src/ff.o
 .text.clust2sect
                0x0000000008001158       0x44 ./Core/Src/ff.o
                0x0000000008001158                clust2sect
 .text.get_fat  0x000000000800119c      0x174 ./Core/Src/ff.o
                0x000000000800119c                get_fat
 .text.put_fat  0x0000000008001310      0x21c ./Core/Src/ff.o
                0x0000000008001310                put_fat
 .text.remove_chain
                0x000000000800152c       0xb4 ./Core/Src/ff.o
 .text.create_chain
                0x00000000080015e0      0x13a ./Core/Src/ff.o
 .text.clmt_clust
                0x000000000800171a       0x6a ./Core/Src/ff.o
 .text.dir_sdi  0x0000000008001784      0x128 ./Core/Src/ff.o
 .text.dir_next
                0x00000000080018ac      0x1ee ./Core/Src/ff.o
 .text.dir_alloc
                0x0000000008001a9a       0x94 ./Core/Src/ff.o
 .text.ld_clust
                0x0000000008001b2e       0x5c ./Core/Src/ff.o
 .text.st_clust
                0x0000000008001b8a       0x4e ./Core/Src/ff.o
 .text.dir_find
                0x0000000008001bd8       0x9e ./Core/Src/ff.o
 .text.dir_register
                0x0000000008001c76       0x72 ./Core/Src/ff.o
 .text.create_name
                0x0000000008001ce8      0x180 ./Core/Src/ff.o
 .text.follow_path
                0x0000000008001e68       0xdc ./Core/Src/ff.o
 .text.get_ldnumber
                0x0000000008001f44       0x88 ./Core/Src/ff.o
 .text.check_fs
                0x0000000008001fcc       0xd4 ./Core/Src/ff.o
 .text.find_volume
                0x00000000080020a0      0x598 ./Core/Src/ff.o
 .text.validate
                0x0000000008002638       0x66 ./Core/Src/ff.o
 *fill*         0x000000000800269e        0x2 
 .text.f_mount  0x00000000080026a0       0x9c ./Core/Src/ff.o
                0x00000000080026a0                f_mount
 .text.f_open   0x000000000800273c      0x4f2 ./Core/Src/ff.o
                0x000000000800273c                f_open
 .text.f_write  0x0000000008002c2e      0x35a ./Core/Src/ff.o
                0x0000000008002c2e                f_write
 .text.f_sync   0x0000000008002f88      0x174 ./Core/Src/ff.o
                0x0000000008002f88                f_sync
 .text.f_close  0x00000000080030fc       0x50 ./Core/Src/ff.o
                0x00000000080030fc                f_close
 .text.f_getfree
                0x000000000800314c      0x19a ./Core/Src/ff.o
                0x000000000800314c                f_getfree
 *fill*         0x00000000080032e6        0x2 
 .text.FATFS_LinkDriverEx
                0x00000000080032e8       0x98 ./Core/Src/ff_gen_drv.o
                0x00000000080032e8                FATFS_LinkDriverEx
 .text.FATFS_LinkDriver
                0x0000000008003380       0x1e ./Core/Src/ff_gen_drv.o
                0x0000000008003380                FATFS_LinkDriver
 *fill*         0x000000000800339e        0x2 
 .text.LL_AHB2_GRP1_EnableClock
                0x00000000080033a0       0x38 ./Core/Src/main.o
 .text.LL_APB1_GRP2_EnableClock
                0x00000000080033d8       0x38 ./Core/Src/main.o
 .text.myprintf
                0x0000000008003410       0x4c ./Core/Src/main.o
                0x0000000008003410                myprintf
 .text.main     0x000000000800345c      0x3c0 ./Core/Src/main.o
                0x000000000800345c                main
 .text.SystemClock_Config
                0x000000000800381c       0xc2 ./Core/Src/main.o
                0x000000000800381c                SystemClock_Config
 .text.SystemPower_Config
                0x00000000080038de       0x1c ./Core/Src/main.o
 *fill*         0x00000000080038fa        0x2 
 .text.MX_ADC1_Init
                0x00000000080038fc       0xe0 ./Core/Src/main.o
 .text.MX_ICACHE_Init
                0x00000000080039dc       0x26 ./Core/Src/main.o
 .text.MX_MEMORYMAP_Init
                0x0000000008003a02        0xe ./Core/Src/main.o
 .text.MX_SPI1_Init
                0x0000000008003a10       0xdc ./Core/Src/main.o
 .text.MX_UCPD1_Init
                0x0000000008003aec       0x6c ./Core/Src/main.o
 .text.MX_USART1_UART_Init
                0x0000000008003b58       0x98 ./Core/Src/main.o
 .text.MX_USB_OTG_HS_HCD_Init
                0x0000000008003bf0       0x50 ./Core/Src/main.o
 .text.MX_GPIO_Init
                0x0000000008003c40      0x1bc ./Core/Src/main.o
 .text.Error_Handler
                0x0000000008003dfc        0xa ./Core/Src/main.o
                0x0000000008003dfc                Error_Handler
 *fill*         0x0000000008003e06        0x2 
 .text.HAL_MspInit
                0x0000000008003e08       0x34 ./Core/Src/stm32u5xx_hal_msp.o
                0x0000000008003e08                HAL_MspInit
 .text.HAL_ADC_MspInit
                0x0000000008003e3c       0xc8 ./Core/Src/stm32u5xx_hal_msp.o
                0x0000000008003e3c                HAL_ADC_MspInit
 .text.HAL_SPI_MspInit
                0x0000000008003f04       0xd4 ./Core/Src/stm32u5xx_hal_msp.o
                0x0000000008003f04                HAL_SPI_MspInit
 .text.HAL_UART_MspInit
                0x0000000008003fd8       0xd4 ./Core/Src/stm32u5xx_hal_msp.o
                0x0000000008003fd8                HAL_UART_MspInit
 .text.HAL_HCD_MspInit
                0x00000000080040ac       0xf0 ./Core/Src/stm32u5xx_hal_msp.o
                0x00000000080040ac                HAL_HCD_MspInit
 .text.NMI_Handler
                0x000000000800419c        0x6 ./Core/Src/stm32u5xx_it.o
                0x000000000800419c                NMI_Handler
 .text.HardFault_Handler
                0x00000000080041a2        0x6 ./Core/Src/stm32u5xx_it.o
                0x00000000080041a2                HardFault_Handler
 .text.MemManage_Handler
                0x00000000080041a8        0x6 ./Core/Src/stm32u5xx_it.o
                0x00000000080041a8                MemManage_Handler
 .text.BusFault_Handler
                0x00000000080041ae        0x6 ./Core/Src/stm32u5xx_it.o
                0x00000000080041ae                BusFault_Handler
 .text.UsageFault_Handler
                0x00000000080041b4        0x6 ./Core/Src/stm32u5xx_it.o
                0x00000000080041b4                UsageFault_Handler
 .text.SVC_Handler
                0x00000000080041ba        0xe ./Core/Src/stm32u5xx_it.o
                0x00000000080041ba                SVC_Handler
 .text.DebugMon_Handler
                0x00000000080041c8        0xe ./Core/Src/stm32u5xx_it.o
                0x00000000080041c8                DebugMon_Handler
 .text.PendSV_Handler
                0x00000000080041d6        0xe ./Core/Src/stm32u5xx_it.o
                0x00000000080041d6                PendSV_Handler
 .text.SysTick_Handler
                0x00000000080041e4        0xc ./Core/Src/stm32u5xx_it.o
                0x00000000080041e4                SysTick_Handler
 .text._times   0x00000000080041f0       0x18 ./Core/Src/syscalls.o
                0x00000000080041f0                _times
 .text._sbrk    0x0000000008004208       0x6c ./Core/Src/sysmem.o
                0x0000000008004208                _sbrk
 .text.SystemInit
                0x0000000008004274       0x70 ./Core/Src/system_stm32u5xx.o
                0x0000000008004274                SystemInit
 .text.USER_initialize
                0x00000000080042e4       0x1c ./Core/Src/user_diskio.o
                0x00000000080042e4                USER_initialize
 .text.USER_status
                0x0000000008004300       0x1c ./Core/Src/user_diskio.o
                0x0000000008004300                USER_status
 .text.USER_read
                0x000000000800431c       0x26 ./Core/Src/user_diskio.o
                0x000000000800431c                USER_read
 .text.USER_write
                0x0000000008004342       0x26 ./Core/Src/user_diskio.o
                0x0000000008004342                USER_write
 .text.USER_ioctl
                0x0000000008004368       0x26 ./Core/Src/user_diskio.o
                0x0000000008004368                USER_ioctl
 *fill*         0x000000000800438e        0x2 
 .text.SPI_Timer_On
                0x0000000008004390       0x28 ./Core/Src/user_diskio_spi.o
                0x0000000008004390                SPI_Timer_On
 .text.SPI_Timer_Status
                0x00000000080043b8       0x2c ./Core/Src/user_diskio_spi.o
                0x00000000080043b8                SPI_Timer_Status
 .text.xchg_spi
                0x00000000080043e4       0x2c ./Core/Src/user_diskio_spi.o
 .text.rcvr_spi_multi
                0x0000000008004410       0x38 ./Core/Src/user_diskio_spi.o
 .text.xmit_spi_multi
                0x0000000008004448       0x28 ./Core/Src/user_diskio_spi.o
 .text.wait_ready
                0x0000000008004470       0x46 ./Core/Src/user_diskio_spi.o
 *fill*         0x00000000080044b6        0x2 
 .text.despiselect
                0x00000000080044b8       0x20 ./Core/Src/user_diskio_spi.o
 .text.spiselect
                0x00000000080044d8       0x38 ./Core/Src/user_diskio_spi.o
 .text.rcvr_datablock
                0x0000000008004510       0x52 ./Core/Src/user_diskio_spi.o
 .text.xmit_datablock
                0x0000000008004562       0x64 ./Core/Src/user_diskio_spi.o
 .text.send_cmd
                0x00000000080045c6       0xde ./Core/Src/user_diskio_spi.o
 .text.USER_SPI_initialize
                0x00000000080046a4      0x1d8 ./Core/Src/user_diskio_spi.o
                0x00000000080046a4                USER_SPI_initialize
 .text.USER_SPI_status
                0x000000000800487c       0x2c ./Core/Src/user_diskio_spi.o
                0x000000000800487c                USER_SPI_status
 .text.USER_SPI_read
                0x00000000080048a8       0xcc ./Core/Src/user_diskio_spi.o
                0x00000000080048a8                USER_SPI_read
 .text.USER_SPI_write
                0x0000000008004974       0xf8 ./Core/Src/user_diskio_spi.o
                0x0000000008004974                USER_SPI_write
 .text.USER_SPI_ioctl
                0x0000000008004a6c      0x2e0 ./Core/Src/user_diskio_spi.o
                0x0000000008004a6c                USER_SPI_ioctl
 .text.create_header
                0x0000000008004d4c       0x50 ./Core/Src/wav_header.o
                0x0000000008004d4c                create_header
 .text.create_PCM_SC_header
                0x0000000008004d9c       0x36 ./Core/Src/wav_header.o
                0x0000000008004d9c                create_PCM_SC_header
 .text.create_PCM_SC_header_correct
                0x0000000008004dd2       0x44 ./Core/Src/wav_header.o
                0x0000000008004dd2                create_PCM_SC_header_correct
 *fill*         0x0000000008004e16        0x2 
 .text.Reset_Handler
                0x0000000008004e18       0x50 ./Core/Startup/startup_stm32u5a5zjtxq.o
                0x0000000008004e18                Reset_Handler
 .text.Default_Handler
                0x0000000008004e68        0x2 ./Core/Startup/startup_stm32u5a5zjtxq.o
                0x0000000008004e68                HASH_IRQHandler
                0x0000000008004e68                TIM8_TRG_COM_IRQHandler
                0x0000000008004e68                TIM8_CC_IRQHandler
                0x0000000008004e68                EXTI5_IRQHandler
                0x0000000008004e68                FLASH_S_IRQHandler
                0x0000000008004e68                EXTI13_IRQHandler
                0x0000000008004e68                TIM1_CC_IRQHandler
                0x0000000008004e68                TSC_IRQHandler
                0x0000000008004e68                TAMP_IRQHandler
                0x0000000008004e68                TIM6_IRQHandler
                0x0000000008004e68                EXTI12_IRQHandler
                0x0000000008004e68                CORDIC_IRQHandler
                0x0000000008004e68                EXTI3_IRQHandler
                0x0000000008004e68                LPTIM4_IRQHandler
                0x0000000008004e68                GPDMA1_Channel5_IRQHandler
                0x0000000008004e68                EXTI8_IRQHandler
                0x0000000008004e68                LPTIM2_IRQHandler
                0x0000000008004e68                I2C3_ER_IRQHandler
                0x0000000008004e68                I2C5_EV_IRQHandler
                0x0000000008004e68                PWR_S3WU_IRQHandler
                0x0000000008004e68                MDF1_FLT2_IRQHandler
                0x0000000008004e68                LPDMA1_Channel3_IRQHandler
                0x0000000008004e68                LPTIM3_IRQHandler
                0x0000000008004e68                EXTI0_IRQHandler
                0x0000000008004e68                I2C2_EV_IRQHandler
                0x0000000008004e68                FPU_IRQHandler
                0x0000000008004e68                GPDMA1_Channel3_IRQHandler
                0x0000000008004e68                GPDMA1_Channel7_IRQHandler
                0x0000000008004e68                MDF1_FLT4_IRQHandler
                0x0000000008004e68                FDCAN1_IT1_IRQHandler
                0x0000000008004e68                RAMCFG_IRQHandler
                0x0000000008004e68                ADC1_2_IRQHandler
                0x0000000008004e68                GPDMA1_Channel9_IRQHandler
                0x0000000008004e68                DCACHE1_IRQHandler
                0x0000000008004e68                SPI1_IRQHandler
                0x0000000008004e68                OCTOSPI1_IRQHandler
                0x0000000008004e68                GPDMA1_Channel2_IRQHandler
                0x0000000008004e68                TIM8_UP_IRQHandler
                0x0000000008004e68                RCC_S_IRQHandler
                0x0000000008004e68                OCTOSPI2_IRQHandler
                0x0000000008004e68                SAI2_IRQHandler
                0x0000000008004e68                MDF1_FLT1_IRQHandler
                0x0000000008004e68                PKA_IRQHandler
                0x0000000008004e68                USART6_IRQHandler
                0x0000000008004e68                MDF1_FLT5_IRQHandler
                0x0000000008004e68                EXTI15_IRQHandler
                0x0000000008004e68                TIM17_IRQHandler
                0x0000000008004e68                USART3_IRQHandler
                0x0000000008004e68                RTC_IRQHandler
                0x0000000008004e68                EXTI9_IRQHandler
                0x0000000008004e68                HSPI1_IRQHandler
                0x0000000008004e68                UART5_IRQHandler
                0x0000000008004e68                TIM4_IRQHandler
                0x0000000008004e68                I2C1_EV_IRQHandler
                0x0000000008004e68                GPDMA1_Channel12_IRQHandler
                0x0000000008004e68                GPDMA1_Channel1_IRQHandler
                0x0000000008004e68                TIM16_IRQHandler
                0x0000000008004e68                GPDMA1_Channel15_IRQHandler
                0x0000000008004e68                UART4_IRQHandler
                0x0000000008004e68                SecureFault_Handler
                0x0000000008004e68                TIM3_IRQHandler
                0x0000000008004e68                RCC_IRQHandler
                0x0000000008004e68                TIM1_TRG_COM_IRQHandler
                0x0000000008004e68                Default_Handler
                0x0000000008004e68                GPDMA1_Channel8_IRQHandler
                0x0000000008004e68                FMAC_IRQHandler
                0x0000000008004e68                I2C5_ER_IRQHandler
                0x0000000008004e68                OTFDEC1_IRQHandler
                0x0000000008004e68                GPDMA1_Channel11_IRQHandler
                0x0000000008004e68                TIM7_IRQHandler
                0x0000000008004e68                SDMMC1_IRQHandler
                0x0000000008004e68                SAES_IRQHandler
                0x0000000008004e68                TIM5_IRQHandler
                0x0000000008004e68                UCPD1_IRQHandler
                0x0000000008004e68                GPDMA1_Channel0_IRQHandler
                0x0000000008004e68                TIM15_IRQHandler
                0x0000000008004e68                I2C3_EV_IRQHandler
                0x0000000008004e68                LPDMA1_Channel0_IRQHandler
                0x0000000008004e68                PVD_PVM_IRQHandler
                0x0000000008004e68                SPI2_IRQHandler
                0x0000000008004e68                LPDMA1_Channel1_IRQHandler
                0x0000000008004e68                EXTI14_IRQHandler
                0x0000000008004e68                EXTI11_IRQHandler
                0x0000000008004e68                OTFDEC2_IRQHandler
                0x0000000008004e68                CRS_IRQHandler
                0x0000000008004e68                GPDMA1_Channel14_IRQHandler
                0x0000000008004e68                LSECSSD_IRQHandler
                0x0000000008004e68                EXTI4_IRQHandler
                0x0000000008004e68                RTC_S_IRQHandler
                0x0000000008004e68                GPDMA1_Channel13_IRQHandler
                0x0000000008004e68                RNG_IRQHandler
                0x0000000008004e68                COMP_IRQHandler
                0x0000000008004e68                TIM1_UP_IRQHandler
                0x0000000008004e68                ADC4_IRQHandler
                0x0000000008004e68                WWDG_IRQHandler
                0x0000000008004e68                I2C4_EV_IRQHandler
                0x0000000008004e68                ADF1_IRQHandler
                0x0000000008004e68                IWDG_IRQHandler
                0x0000000008004e68                I2C6_ER_IRQHandler
                0x0000000008004e68                LPUART1_IRQHandler
                0x0000000008004e68                MDF1_FLT0_IRQHandler
                0x0000000008004e68                FDCAN1_IT0_IRQHandler
                0x0000000008004e68                TIM2_IRQHandler
                0x0000000008004e68                GPDMA1_Channel4_IRQHandler
                0x0000000008004e68                OTG_HS_IRQHandler
                0x0000000008004e68                EXTI7_IRQHandler
                0x0000000008004e68                DMA2D_IRQHandler
                0x0000000008004e68                TIM1_BRK_IRQHandler
                0x0000000008004e68                EXTI1_IRQHandler
                0x0000000008004e68                SDMMC2_IRQHandler
                0x0000000008004e68                AES_IRQHandler
                0x0000000008004e68                DAC1_IRQHandler
                0x0000000008004e68                GTZC_IRQHandler
                0x0000000008004e68                MDF1_FLT3_IRQHandler
                0x0000000008004e68                USART2_IRQHandler
                0x0000000008004e68                I2C6_EV_IRQHandler
                0x0000000008004e68                GPDMA1_Channel6_IRQHandler
                0x0000000008004e68                I2C2_ER_IRQHandler
                0x0000000008004e68                TIM8_BRK_IRQHandler
                0x0000000008004e68                FLASH_IRQHandler
                0x0000000008004e68                USART1_IRQHandler
                0x0000000008004e68                EXTI10_IRQHandler
                0x0000000008004e68                SPI3_IRQHandler
                0x0000000008004e68                LPDMA1_Channel2_IRQHandler
                0x0000000008004e68                I2C1_ER_IRQHandler
                0x0000000008004e68                FMC_IRQHandler
                0x0000000008004e68                EXTI6_IRQHandler
                0x0000000008004e68                LPTIM1_IRQHandler
                0x0000000008004e68                DCMI_PSSI_IRQHandler
                0x0000000008004e68                I2C4_ER_IRQHandler
                0x0000000008004e68                GPDMA1_Channel10_IRQHandler
                0x0000000008004e68                ICACHE_IRQHandler
                0x0000000008004e68                SAI1_IRQHandler
                0x0000000008004e68                EXTI2_IRQHandler
 *fill*         0x0000000008004e6a        0x2 
 .text.HAL_Init
                0x0000000008004e6c       0x5c ./Drivers/STM32U5xx_HAL_Driver/Src/stm32u5xx_hal.o
                0x0000000008004e6c                HAL_Init
 .text.HAL_InitTick
                0x0000000008004ec8       0x6c ./Drivers/STM32U5xx_HAL_Driver/Src/stm32u5xx_hal.o
                0x0000000008004ec8                HAL_InitTick
 .text.HAL_IncTick
                0x0000000008004f34       0x28 ./Drivers/STM32U5xx_HAL_Driver/Src/stm32u5xx_hal.o
                0x0000000008004f34                HAL_IncTick
 .text.HAL_GetTick
                0x0000000008004f5c       0x18 ./Drivers/STM32U5xx_HAL_Driver/Src/stm32u5xx_hal.o
                0x0000000008004f5c                HAL_GetTick
 .text.HAL_Delay
                0x0000000008004f74       0x48 ./Drivers/STM32U5xx_HAL_Driver/Src/stm32u5xx_hal.o
                0x0000000008004f74                HAL_Delay
 .text.HAL_SYSCFG_EnableOTGPHY
                0x0000000008004fbc       0x28 ./Drivers/STM32U5xx_HAL_Driver/Src/stm32u5xx_hal.o
                0x0000000008004fbc                HAL_SYSCFG_EnableOTGPHY
 .text.HAL_SYSCFG_SetOTGPHYReferenceClockSelection
                0x0000000008004fe4       0x28 ./Drivers/STM32U5xx_HAL_Driver/Src/stm32u5xx_hal.o
                0x0000000008004fe4                HAL_SYSCFG_SetOTGPHYReferenceClockSelection
 .text.LL_ADC_SetCommonClock
                0x000000000800500c       0x26 ./Drivers/STM32U5xx_HAL_Driver/Src/stm32u5xx_hal_adc.o
 .text.LL_ADC_SetCommonPathInternalCh
                0x0000000008005032       0x26 ./Drivers/STM32U5xx_HAL_Driver/Src/stm32u5xx_hal_adc.o
 .text.LL_ADC_GetCommonPathInternalCh
                0x0000000008005058       0x1c ./Drivers/STM32U5xx_HAL_Driver/Src/stm32u5xx_hal_adc.o
 .text.LL_ADC_SetResolution
                0x0000000008005074       0x40 ./Drivers/STM32U5xx_HAL_Driver/Src/stm32u5xx_hal_adc.o
 .text.LL_ADC_SetOffset
                0x00000000080050b4       0x42 ./Drivers/STM32U5xx_HAL_Driver/Src/stm32u5xx_hal_adc.o
 .text.LL_ADC_GetOffsetChannel
                0x00000000080050f6       0x2c ./Drivers/STM32U5xx_HAL_Driver/Src/stm32u5xx_hal_adc.o
 .text.LL_ADC_SetOffsetSign
                0x0000000008005122       0x36 ./Drivers/STM32U5xx_HAL_Driver/Src/stm32u5xx_hal_adc.o
 .text.LL_ADC_SetOffsetSignedSaturation
                0x0000000008005158       0x36 ./Drivers/STM32U5xx_HAL_Driver/Src/stm32u5xx_hal_adc.o
 .text.LL_ADC_SetOffsetUnsignedSaturation
                0x000000000800518e       0x36 ./Drivers/STM32U5xx_HAL_Driver/Src/stm32u5xx_hal_adc.o
 .text.LL_ADC_SetGainCompensation
                0x00000000080051c4       0x46 ./Drivers/STM32U5xx_HAL_Driver/Src/stm32u5xx_hal_adc.o
 .text.LL_ADC_SetSamplingTimeCommonChannels
                0x000000000800520a       0x3e ./Drivers/STM32U5xx_HAL_Driver/Src/stm32u5xx_hal_adc.o
 .text.LL_ADC_REG_IsTriggerSourceSWStart
                0x0000000008005248       0x26 ./Drivers/STM32U5xx_HAL_Driver/Src/stm32u5xx_hal_adc.o
 *fill*         0x000000000800526e        0x2 
 .text.LL_ADC_REG_SetSequencerRanks
                0x0000000008005270       0xc0 ./Drivers/STM32U5xx_HAL_Driver/Src/stm32u5xx_hal_adc.o
 .text.LL_ADC_REG_SetSequencerChAdd
                0x0000000008005330       0x66 ./Drivers/STM32U5xx_HAL_Driver/Src/stm32u5xx_hal_adc.o
 .text.LL_ADC_REG_SetSequencerChRem
                0x0000000008005396       0x30 ./Drivers/STM32U5xx_HAL_Driver/Src/stm32u5xx_hal_adc.o
 *fill*         0x00000000080053c6        0x2 
 .text.LL_ADC_SetChannelSamplingTime
                0x00000000080053c8       0xc8 ./Drivers/STM32U5xx_HAL_Driver/Src/stm32u5xx_hal_adc.o
 .text.LL_ADC_SetChannelSingleDiff
                0x0000000008005490       0x48 ./Drivers/STM32U5xx_HAL_Driver/Src/stm32u5xx_hal_adc.o
 .text.LL_ADC_GetMultimode
                0x00000000080054d8       0x1c ./Drivers/STM32U5xx_HAL_Driver/Src/stm32u5xx_hal_adc.o
 .text.LL_ADC_GetMultiDMATransfer
                0x00000000080054f4       0x1c ./Drivers/STM32U5xx_HAL_Driver/Src/stm32u5xx_hal_adc.o
 .text.LL_ADC_DisableDeepPowerDown
                0x0000000008005510       0x24 ./Drivers/STM32U5xx_HAL_Driver/Src/stm32u5xx_hal_adc.o
 .text.LL_ADC_IsDeepPowerDownEnabled
                0x0000000008005534       0x28 ./Drivers/STM32U5xx_HAL_Driver/Src/stm32u5xx_hal_adc.o
 .text.LL_ADC_EnableInternalRegulator
                0x000000000800555c       0x28 ./Drivers/STM32U5xx_HAL_Driver/Src/stm32u5xx_hal_adc.o
 .text.LL_ADC_IsInternalRegulatorEnabled
                0x0000000008005584       0x28 ./Drivers/STM32U5xx_HAL_Driver/Src/stm32u5xx_hal_adc.o
 .text.LL_ADC_Enable
                0x00000000080055ac       0x28 ./Drivers/STM32U5xx_HAL_Driver/Src/stm32u5xx_hal_adc.o
 .text.LL_ADC_IsEnabled
                0x00000000080055d4       0x26 ./Drivers/STM32U5xx_HAL_Driver/Src/stm32u5xx_hal_adc.o
 .text.LL_ADC_REG_StartConversion
                0x00000000080055fa       0x28 ./Drivers/STM32U5xx_HAL_Driver/Src/stm32u5xx_hal_adc.o
 .text.LL_ADC_REG_IsConversionOngoing
                0x0000000008005622       0x26 ./Drivers/STM32U5xx_HAL_Driver/Src/stm32u5xx_hal_adc.o
 .text.LL_ADC_INJ_IsConversionOngoing
                0x0000000008005648       0x26 ./Drivers/STM32U5xx_HAL_Driver/Src/stm32u5xx_hal_adc.o
 *fill*         0x000000000800566e        0x2 
 .text.HAL_ADC_Init
                0x0000000008005670      0x5d0 ./Drivers/STM32U5xx_HAL_Driver/Src/stm32u5xx_hal_adc.o
                0x0000000008005670                HAL_ADC_Init
 .text.HAL_ADC_Start
                0x0000000008005c40      0x1bc ./Drivers/STM32U5xx_HAL_Driver/Src/stm32u5xx_hal_adc.o
                0x0000000008005c40                HAL_ADC_Start
 .text.HAL_ADC_PollForConversion
                0x0000000008005dfc      0x2a4 ./Drivers/STM32U5xx_HAL_Driver/Src/stm32u5xx_hal_adc.o
                0x0000000008005dfc                HAL_ADC_PollForConversion
 .text.HAL_ADC_ConfigChannel
                0x00000000080060a0      0xc3c ./Drivers/STM32U5xx_HAL_Driver/Src/stm32u5xx_hal_adc.o
                0x00000000080060a0                HAL_ADC_ConfigChannel
 .text.ADC_Enable
                0x0000000008006cdc      0x134 ./Drivers/STM32U5xx_HAL_Driver/Src/stm32u5xx_hal_adc.o
                0x0000000008006cdc                ADC_Enable
 .text.__NVIC_SetPriorityGrouping
                0x0000000008006e10       0x48 ./Drivers/STM32U5xx_HAL_Driver/Src/stm32u5xx_hal_cortex.o
 .text.__NVIC_GetPriorityGrouping
                0x0000000008006e58       0x1c ./Drivers/STM32U5xx_HAL_Driver/Src/stm32u5xx_hal_cortex.o
 .text.__NVIC_SetPriority
                0x0000000008006e74       0x54 ./Drivers/STM32U5xx_HAL_Driver/Src/stm32u5xx_hal_cortex.o
 .text.NVIC_EncodePriority
                0x0000000008006ec8       0x66 ./Drivers/STM32U5xx_HAL_Driver/Src/stm32u5xx_hal_cortex.o
 *fill*         0x0000000008006f2e        0x2 
 .text.SysTick_Config
                0x0000000008006f30       0x44 ./Drivers/STM32U5xx_HAL_Driver/Src/stm32u5xx_hal_cortex.o
 .text.HAL_NVIC_SetPriorityGrouping
                0x0000000008006f74       0x16 ./Drivers/STM32U5xx_HAL_Driver/Src/stm32u5xx_hal_cortex.o
                0x0000000008006f74                HAL_NVIC_SetPriorityGrouping
 .text.HAL_NVIC_SetPriority
                0x0000000008006f8a       0x34 ./Drivers/STM32U5xx_HAL_Driver/Src/stm32u5xx_hal_cortex.o
                0x0000000008006f8a                HAL_NVIC_SetPriority
 .text.HAL_SYSTICK_Config
                0x0000000008006fbe       0x18 ./Drivers/STM32U5xx_HAL_Driver/Src/stm32u5xx_hal_cortex.o
                0x0000000008006fbe                HAL_SYSTICK_Config
 *fill*         0x0000000008006fd6        0x2 
 .text.HAL_GPIO_Init
                0x0000000008006fd8      0x3b0 ./Drivers/STM32U5xx_HAL_Driver/Src/stm32u5xx_hal_gpio.o
                0x0000000008006fd8                HAL_GPIO_Init
 .text.HAL_GPIO_WritePin
                0x0000000008007388       0x30 ./Drivers/STM32U5xx_HAL_Driver/Src/stm32u5xx_hal_gpio.o
                0x0000000008007388                HAL_GPIO_WritePin
 .text.HAL_GPIO_TogglePin
                0x00000000080073b8       0x34 ./Drivers/STM32U5xx_HAL_Driver/Src/stm32u5xx_hal_gpio.o
                0x00000000080073b8                HAL_GPIO_TogglePin
 .text.HAL_HCD_Init
                0x00000000080073ec       0xac ./Drivers/STM32U5xx_HAL_Driver/Src/stm32u5xx_hal_hcd.o
                0x00000000080073ec                HAL_HCD_Init
 .text.HAL_ICACHE_ConfigAssociativityMode
                0x0000000008007498       0x40 ./Drivers/STM32U5xx_HAL_Driver/Src/stm32u5xx_hal_icache.o
                0x0000000008007498                HAL_ICACHE_ConfigAssociativityMode
 .text.HAL_ICACHE_Enable
                0x00000000080074d8       0x20 ./Drivers/STM32U5xx_HAL_Driver/Src/stm32u5xx_hal_icache.o
                0x00000000080074d8                HAL_ICACHE_Enable
 .text.HAL_PWREx_ControlVoltageScaling
                0x00000000080074f8       0xfc ./Drivers/STM32U5xx_HAL_Driver/Src/stm32u5xx_hal_pwr_ex.o
                0x00000000080074f8                HAL_PWREx_ControlVoltageScaling
 .text.HAL_PWREx_GetVoltageRange
                0x00000000080075f4       0x1c ./Drivers/STM32U5xx_HAL_Driver/Src/stm32u5xx_hal_pwr_ex.o
                0x00000000080075f4                HAL_PWREx_GetVoltageRange
 .text.HAL_PWREx_ConfigSupply
                0x0000000008007610       0xa0 ./Drivers/STM32U5xx_HAL_Driver/Src/stm32u5xx_hal_pwr_ex.o
                0x0000000008007610                HAL_PWREx_ConfigSupply
 .text.HAL_PWREx_EnableVddUSB
                0x00000000080076b0       0x20 ./Drivers/STM32U5xx_HAL_Driver/Src/stm32u5xx_hal_pwr_ex.o
                0x00000000080076b0                HAL_PWREx_EnableVddUSB
 .text.HAL_PWREx_EnableVddIO2
                0x00000000080076d0       0x20 ./Drivers/STM32U5xx_HAL_Driver/Src/stm32u5xx_hal_pwr_ex.o
                0x00000000080076d0                HAL_PWREx_EnableVddIO2
 .text.HAL_PWREx_EnableVddA
                0x00000000080076f0       0x20 ./Drivers/STM32U5xx_HAL_Driver/Src/stm32u5xx_hal_pwr_ex.o
                0x00000000080076f0                HAL_PWREx_EnableVddA
 .text.HAL_PWREx_EnableUSBHSTranceiverSupply
                0x0000000008007710       0x3c ./Drivers/STM32U5xx_HAL_Driver/Src/stm32u5xx_hal_pwr_ex.o
                0x0000000008007710                HAL_PWREx_EnableUSBHSTranceiverSupply
 .text.HAL_RCC_OscConfig
                0x000000000800774c      0xdb8 ./Drivers/STM32U5xx_HAL_Driver/Src/stm32u5xx_hal_rcc.o
                0x000000000800774c                HAL_RCC_OscConfig
 .text.HAL_RCC_ClockConfig
                0x0000000008008504      0x3e4 ./Drivers/STM32U5xx_HAL_Driver/Src/stm32u5xx_hal_rcc.o
                0x0000000008008504                HAL_RCC_ClockConfig
 .text.HAL_RCC_GetSysClockFreq
                0x00000000080088e8      0x204 ./Drivers/STM32U5xx_HAL_Driver/Src/stm32u5xx_hal_rcc.o
                0x00000000080088e8                HAL_RCC_GetSysClockFreq
 .text.HAL_RCC_GetHCLKFreq
                0x0000000008008aec       0x34 ./Drivers/STM32U5xx_HAL_Driver/Src/stm32u5xx_hal_rcc.o
                0x0000000008008aec                HAL_RCC_GetHCLKFreq
 .text.HAL_RCC_GetPCLK1Freq
                0x0000000008008b20       0x28 ./Drivers/STM32U5xx_HAL_Driver/Src/stm32u5xx_hal_rcc.o
                0x0000000008008b20                HAL_RCC_GetPCLK1Freq
 .text.HAL_RCC_GetPCLK2Freq
                0x0000000008008b48       0x28 ./Drivers/STM32U5xx_HAL_Driver/Src/stm32u5xx_hal_rcc.o
                0x0000000008008b48                HAL_RCC_GetPCLK2Freq
 .text.HAL_RCC_GetPCLK3Freq
                0x0000000008008b70       0x28 ./Drivers/STM32U5xx_HAL_Driver/Src/stm32u5xx_hal_rcc.o
                0x0000000008008b70                HAL_RCC_GetPCLK3Freq
 .text.RCC_SetFlashLatencyFromMSIRange
                0x0000000008008b98      0x10c ./Drivers/STM32U5xx_HAL_Driver/Src/stm32u5xx_hal_rcc.o
 .text.HAL_RCCEx_PeriphCLKConfig
                0x0000000008008ca4      0xd78 ./Drivers/STM32U5xx_HAL_Driver/Src/stm32u5xx_hal_rcc_ex.o
                0x0000000008008ca4                HAL_RCCEx_PeriphCLKConfig
 .text.HAL_RCCEx_GetPLL1ClockFreq
                0x0000000008009a1c      0x2b4 ./Drivers/STM32U5xx_HAL_Driver/Src/stm32u5xx_hal_rcc_ex.o
                0x0000000008009a1c                HAL_RCCEx_GetPLL1ClockFreq
 .text.HAL_RCCEx_GetPLL2ClockFreq
                0x0000000008009cd0      0x2b4 ./Drivers/STM32U5xx_HAL_Driver/Src/stm32u5xx_hal_rcc_ex.o
                0x0000000008009cd0                HAL_RCCEx_GetPLL2ClockFreq
 .text.HAL_RCCEx_GetPLL3ClockFreq
                0x0000000008009f84      0x2b4 ./Drivers/STM32U5xx_HAL_Driver/Src/stm32u5xx_hal_rcc_ex.o
                0x0000000008009f84                HAL_RCCEx_GetPLL3ClockFreq
 .text.HAL_RCCEx_GetPeriphCLKFreq
                0x000000000800a238     0x16bc ./Drivers/STM32U5xx_HAL_Driver/Src/stm32u5xx_hal_rcc_ex.o
                0x000000000800a238                HAL_RCCEx_GetPeriphCLKFreq
 .text.RCCEx_PLL2_Config
                0x000000000800b8f4      0x130 ./Drivers/STM32U5xx_HAL_Driver/Src/stm32u5xx_hal_rcc_ex.o
 .text.RCCEx_PLL3_Config
                0x000000000800ba24      0x130 ./Drivers/STM32U5xx_HAL_Driver/Src/stm32u5xx_hal_rcc_ex.o
 .text.HAL_SPI_Init
                0x000000000800bb54      0x22c ./Drivers/STM32U5xx_HAL_Driver/Src/stm32u5xx_hal_spi.o
                0x000000000800bb54                HAL_SPI_Init
 .text.HAL_SPI_Transmit
                0x000000000800bd80      0x43c ./Drivers/STM32U5xx_HAL_Driver/Src/stm32u5xx_hal_spi.o
                0x000000000800bd80                HAL_SPI_Transmit
 .text.HAL_SPI_TransmitReceive
                0x000000000800c1bc      0x47c ./Drivers/STM32U5xx_HAL_Driver/Src/stm32u5xx_hal_spi.o
                0x000000000800c1bc                HAL_SPI_TransmitReceive
 .text.SPI_CloseTransfer
                0x000000000800c638      0x140 ./Drivers/STM32U5xx_HAL_Driver/Src/stm32u5xx_hal_spi.o
 .text.SPI_WaitOnFlagUntilTimeout
                0x000000000800c778       0x5c ./Drivers/STM32U5xx_HAL_Driver/Src/stm32u5xx_hal_spi.o
 .text.SPI_GetPacketSize
                0x000000000800c7d4       0x36 ./Drivers/STM32U5xx_HAL_Driver/Src/stm32u5xx_hal_spi.o
 .text.HAL_SPIEx_SetConfigAutonomousMode
                0x000000000800c80a       0x82 ./Drivers/STM32U5xx_HAL_Driver/Src/stm32u5xx_hal_spi_ex.o
                0x000000000800c80a                HAL_SPIEx_SetConfigAutonomousMode
 .text.HAL_UART_Init
                0x000000000800c88c       0xa0 ./Drivers/STM32U5xx_HAL_Driver/Src/stm32u5xx_hal_uart.o
                0x000000000800c88c                HAL_UART_Init
 .text.HAL_UART_Transmit
                0x000000000800c92c      0x11c ./Drivers/STM32U5xx_HAL_Driver/Src/stm32u5xx_hal_uart.o
                0x000000000800c92c                HAL_UART_Transmit
 .text.UART_SetConfig
                0x000000000800ca48      0x35c ./Drivers/STM32U5xx_HAL_Driver/Src/stm32u5xx_hal_uart.o
                0x000000000800ca48                UART_SetConfig
 .text.UART_AdvFeatureConfig
                0x000000000800cda4      0x144 ./Drivers/STM32U5xx_HAL_Driver/Src/stm32u5xx_hal_uart.o
                0x000000000800cda4                UART_AdvFeatureConfig
 .text.UART_CheckIdleState
                0x000000000800cee8      0x154 ./Drivers/STM32U5xx_HAL_Driver/Src/stm32u5xx_hal_uart.o
                0x000000000800cee8                UART_CheckIdleState
 .text.UART_WaitOnFlagUntilTimeout
                0x000000000800d03c       0xce ./Drivers/STM32U5xx_HAL_Driver/Src/stm32u5xx_hal_uart.o
                0x000000000800d03c                UART_WaitOnFlagUntilTimeout
 .text.UART_EndRxTransfer
                0x000000000800d10a       0xcc ./Drivers/STM32U5xx_HAL_Driver/Src/stm32u5xx_hal_uart.o
 .text.HAL_UARTEx_DisableFifoMode
                0x000000000800d1d6       0x72 ./Drivers/STM32U5xx_HAL_Driver/Src/stm32u5xx_hal_uart_ex.o
                0x000000000800d1d6                HAL_UARTEx_DisableFifoMode
 .text.HAL_UARTEx_SetTxFifoThreshold
                0x000000000800d248       0x7c ./Drivers/STM32U5xx_HAL_Driver/Src/stm32u5xx_hal_uart_ex.o
                0x000000000800d248                HAL_UARTEx_SetTxFifoThreshold
 .text.HAL_UARTEx_SetRxFifoThreshold
                0x000000000800d2c4       0x7c ./Drivers/STM32U5xx_HAL_Driver/Src/stm32u5xx_hal_uart_ex.o
                0x000000000800d2c4                HAL_UARTEx_SetRxFifoThreshold
 .text.UARTEx_SetNbDataToProcess
                0x000000000800d340       0x9c ./Drivers/STM32U5xx_HAL_Driver/Src/stm32u5xx_hal_uart_ex.o
 .text.LL_GPIO_SetPinMode
                0x000000000800d3dc       0x7a ./Drivers/STM32U5xx_HAL_Driver/Src/stm32u5xx_ll_gpio.o
 .text.LL_GPIO_SetPinOutputType
                0x000000000800d456       0x30 ./Drivers/STM32U5xx_HAL_Driver/Src/stm32u5xx_ll_gpio.o
 .text.LL_GPIO_SetPinSpeed
                0x000000000800d486       0x7a ./Drivers/STM32U5xx_HAL_Driver/Src/stm32u5xx_ll_gpio.o
 .text.LL_GPIO_SetPinPull
                0x000000000800d500       0x7a ./Drivers/STM32U5xx_HAL_Driver/Src/stm32u5xx_ll_gpio.o
 .text.LL_GPIO_SetAFPin_0_7
                0x000000000800d57a       0x7a ./Drivers/STM32U5xx_HAL_Driver/Src/stm32u5xx_ll_gpio.o
 .text.LL_GPIO_SetAFPin_8_15
                0x000000000800d5f4       0x7e ./Drivers/STM32U5xx_HAL_Driver/Src/stm32u5xx_ll_gpio.o
 .text.LL_GPIO_Init
                0x000000000800d672       0xfc ./Drivers/STM32U5xx_HAL_Driver/Src/stm32u5xx_ll_gpio.o
                0x000000000800d672                LL_GPIO_Init
 .text.USB_CoreInit
                0x000000000800d76e       0x5c ./Drivers/STM32U5xx_HAL_Driver/Src/stm32u5xx_ll_usb.o
                0x000000000800d76e                USB_CoreInit
 .text.USB_DisableGlobalInt
                0x000000000800d7ca       0x22 ./Drivers/STM32U5xx_HAL_Driver/Src/stm32u5xx_ll_usb.o
                0x000000000800d7ca                USB_DisableGlobalInt
 .text.USB_SetCurrentMode
                0x000000000800d7ec       0x98 ./Drivers/STM32U5xx_HAL_Driver/Src/stm32u5xx_ll_usb.o
                0x000000000800d7ec                USB_SetCurrentMode
 .text.USB_FlushTxFifo
                0x000000000800d884       0x68 ./Drivers/STM32U5xx_HAL_Driver/Src/stm32u5xx_ll_usb.o
                0x000000000800d884                USB_FlushTxFifo
 .text.USB_FlushRxFifo
                0x000000000800d8ec       0x60 ./Drivers/STM32U5xx_HAL_Driver/Src/stm32u5xx_ll_usb.o
                0x000000000800d8ec                USB_FlushRxFifo
 .text.USB_GetMode
                0x000000000800d94c       0x1c ./Drivers/STM32U5xx_HAL_Driver/Src/stm32u5xx_ll_usb.o
                0x000000000800d94c                USB_GetMode
 .text.USB_CoreReset
                0x000000000800d968       0x68 ./Drivers/STM32U5xx_HAL_Driver/Src/stm32u5xx_ll_usb.o
 .text.USB_HostInit
                0x000000000800d9d0      0x198 ./Drivers/STM32U5xx_HAL_Driver/Src/stm32u5xx_ll_usb.o
                0x000000000800d9d0                USB_HostInit
 .text.sprintf  0x000000000800db68       0x40 /Applications/STM32CubeIDE.app/Contents/Eclipse/plugins/com.st.stm32cube.ide.mcu.externaltools.gnu-tools-for-stm32.11.3.rel1.macos64_1.1.1.202309131626/tools/bin/../lib/gcc/arm-none-eabi/11.3.1/../../../../arm-none-eabi/lib/thumb/v8-m.main+fp/hard/libc_nano.a(libc_a-sprintf.o)
                0x000000000800db68                sprintf
                0x000000000800db68                siprintf
 .text._vsnprintf_r
                0x000000000800dba8       0x56 /Applications/STM32CubeIDE.app/Contents/Eclipse/plugins/com.st.stm32cube.ide.mcu.externaltools.gnu-tools-for-stm32.11.3.rel1.macos64_1.1.1.202309131626/tools/bin/../lib/gcc/arm-none-eabi/11.3.1/../../../../arm-none-eabi/lib/thumb/v8-m.main+fp/hard/libc_nano.a(libc_a-vsnprintf.o)
                0x000000000800dba8                _vsnprintf_r
                0x000000000800dba8                _vsniprintf_r
 *fill*         0x000000000800dbfe        0x2 
 .text.vsnprintf
                0x000000000800dc00       0x1c /Applications/STM32CubeIDE.app/Contents/Eclipse/plugins/com.st.stm32cube.ide.mcu.externaltools.gnu-tools-for-stm32.11.3.rel1.macos64_1.1.1.202309131626/tools/bin/../lib/gcc/arm-none-eabi/11.3.1/../../../../arm-none-eabi/lib/thumb/v8-m.main+fp/hard/libc_nano.a(libc_a-vsnprintf.o)
                0x000000000800dc00                vsnprintf
                0x000000000800dc00                vsniprintf
 .text.memset   0x000000000800dc1c       0x10 /Applications/STM32CubeIDE.app/Contents/Eclipse/plugins/com.st.stm32cube.ide.mcu.externaltools.gnu-tools-for-stm32.11.3.rel1.macos64_1.1.1.202309131626/tools/bin/../lib/gcc/arm-none-eabi/11.3.1/../../../../arm-none-eabi/lib/thumb/v8-m.main+fp/hard/libc_nano.a(libc_a-memset.o)
                0x000000000800dc1c                memset
 .text.clock    0x000000000800dc2c       0x28 /Applications/STM32CubeIDE.app/Contents/Eclipse/plugins/com.st.stm32cube.ide.mcu.externaltools.gnu-tools-for-stm32.11.3.rel1.macos64_1.1.1.202309131626/tools/bin/../lib/gcc/arm-none-eabi/11.3.1/../../../../arm-none-eabi/lib/thumb/v8-m.main+fp/hard/libc_nano.a(libc_a-clock.o)
                0x000000000800dc2c                clock
 .text._times_r
                0x000000000800dc54        0x6 /Applications/STM32CubeIDE.app/Contents/Eclipse/plugins/com.st.stm32cube.ide.mcu.externaltools.gnu-tools-for-stm32.11.3.rel1.macos64_1.1.1.202309131626/tools/bin/../lib/gcc/arm-none-eabi/11.3.1/../../../../arm-none-eabi/lib/thumb/v8-m.main+fp/hard/libc_nano.a(libc_a-timesr.o)
                0x000000000800dc54                _times_r
 *fill*         0x000000000800dc5a        0x2 
 .text.__errno  0x000000000800dc5c        0xc /Applications/STM32CubeIDE.app/Contents/Eclipse/plugins/com.st.stm32cube.ide.mcu.externaltools.gnu-tools-for-stm32.11.3.rel1.macos64_1.1.1.202309131626/tools/bin/../lib/gcc/arm-none-eabi/11.3.1/../../../../arm-none-eabi/lib/thumb/v8-m.main+fp/hard/libc_nano.a(libc_a-errno.o)
                0x000000000800dc5c                __errno
 .text.__libc_init_array
                0x000000000800dc68       0x48 /Applications/STM32CubeIDE.app/Contents/Eclipse/plugins/com.st.stm32cube.ide.mcu.externaltools.gnu-tools-for-stm32.11.3.rel1.macos64_1.1.1.202309131626/tools/bin/../lib/gcc/arm-none-eabi/11.3.1/../../../../arm-none-eabi/lib/thumb/v8-m.main+fp/hard/libc_nano.a(libc_a-init.o)
                0x000000000800dc68                __libc_init_array
 .text.__retarget_lock_acquire_recursive
                0x000000000800dcb0        0x2 /Applications/STM32CubeIDE.app/Contents/Eclipse/plugins/com.st.stm32cube.ide.mcu.externaltools.gnu-tools-for-stm32.11.3.rel1.macos64_1.1.1.202309131626/tools/bin/../lib/gcc/arm-none-eabi/11.3.1/../../../../arm-none-eabi/lib/thumb/v8-m.main+fp/hard/libc_nano.a(libc_a-lock.o)
                0x000000000800dcb0                __retarget_lock_acquire_recursive
 .text.__retarget_lock_release_recursive
                0x000000000800dcb2        0x2 /Applications/STM32CubeIDE.app/Contents/Eclipse/plugins/com.st.stm32cube.ide.mcu.externaltools.gnu-tools-for-stm32.11.3.rel1.macos64_1.1.1.202309131626/tools/bin/../lib/gcc/arm-none-eabi/11.3.1/../../../../arm-none-eabi/lib/thumb/v8-m.main+fp/hard/libc_nano.a(libc_a-lock.o)
                0x000000000800dcb2                __retarget_lock_release_recursive
 .text.__ssputs_r
                0x000000000800dcb4       0xb4 /Applications/STM32CubeIDE.app/Contents/Eclipse/plugins/com.st.stm32cube.ide.mcu.externaltools.gnu-tools-for-stm32.11.3.rel1.macos64_1.1.1.202309131626/tools/bin/../lib/gcc/arm-none-eabi/11.3.1/../../../../arm-none-eabi/lib/thumb/v8-m.main+fp/hard/libc_nano.a(libc_a-nano-svfprintf.o)
                0x000000000800dcb4                __ssputs_r
 .text._svfprintf_r
                0x000000000800dd68      0x1fc /Applications/STM32CubeIDE.app/Contents/Eclipse/plugins/com.st.stm32cube.ide.mcu.externaltools.gnu-tools-for-stm32.11.3.rel1.macos64_1.1.1.202309131626/tools/bin/../lib/gcc/arm-none-eabi/11.3.1/../../../../arm-none-eabi/lib/thumb/v8-m.main+fp/hard/libc_nano.a(libc_a-nano-svfprintf.o)
                0x000000000800dd68                _svfprintf_r
                0x000000000800dd68                _svfiprintf_r
 .text.sbrk_aligned
                0x000000000800df64       0x40 /Applications/STM32CubeIDE.app/Contents/Eclipse/plugins/com.st.stm32cube.ide.mcu.externaltools.gnu-tools-for-stm32.11.3.rel1.macos64_1.1.1.202309131626/tools/bin/../lib/gcc/arm-none-eabi/11.3.1/../../../../arm-none-eabi/lib/thumb/v8-m.main+fp/hard/libc_nano.a(libc_a-mallocr.o)
 .text._malloc_r
                0x000000000800dfa4      0x100 /Applications/STM32CubeIDE.app/Contents/Eclipse/plugins/com.st.stm32cube.ide.mcu.externaltools.gnu-tools-for-stm32.11.3.rel1.macos64_1.1.1.202309131626/tools/bin/../lib/gcc/arm-none-eabi/11.3.1/../../../../arm-none-eabi/lib/thumb/v8-m.main+fp/hard/libc_nano.a(libc_a-mallocr.o)
                0x000000000800dfa4                _malloc_r
 .text._printf_common
                0x000000000800e0a4       0xe4 /Applications/STM32CubeIDE.app/Contents/Eclipse/plugins/com.st.stm32cube.ide.mcu.externaltools.gnu-tools-for-stm32.11.3.rel1.macos64_1.1.1.202309131626/tools/bin/../lib/gcc/arm-none-eabi/11.3.1/../../../../arm-none-eabi/lib/thumb/v8-m.main+fp/hard/libc_nano.a(libc_a-nano-vfprintf_i.o)
                0x000000000800e0a4                _printf_common
 .text._printf_i
                0x000000000800e188      0x240 /Applications/STM32CubeIDE.app/Contents/Eclipse/plugins/com.st.stm32cube.ide.mcu.externaltools.gnu-tools-for-stm32.11.3.rel1.macos64_1.1.1.202309131626/tools/bin/../lib/gcc/arm-none-eabi/11.3.1/../../../../arm-none-eabi/lib/thumb/v8-m.main+fp/hard/libc_nano.a(libc_a-nano-vfprintf_i.o)
                0x000000000800e188                _printf_i
 .text.__malloc_lock
                0x000000000800e3c8        0xc /Applications/STM32CubeIDE.app/Contents/Eclipse/plugins/com.st.stm32cube.ide.mcu.externaltools.gnu-tools-for-stm32.11.3.rel1.macos64_1.1.1.202309131626/tools/bin/../lib/gcc/arm-none-eabi/11.3.1/../../../../arm-none-eabi/lib/thumb/v8-m.main+fp/hard/libc_nano.a(libc_a-mlock.o)
                0x000000000800e3c8                __malloc_lock
 .text.__malloc_unlock
                0x000000000800e3d4        0xc /Applications/STM32CubeIDE.app/Contents/Eclipse/plugins/com.st.stm32cube.ide.mcu.externaltools.gnu-tools-for-stm32.11.3.rel1.macos64_1.1.1.202309131626/tools/bin/../lib/gcc/arm-none-eabi/11.3.1/../../../../arm-none-eabi/lib/thumb/v8-m.main+fp/hard/libc_nano.a(libc_a-mlock.o)
                0x000000000800e3d4                __malloc_unlock
 .text._realloc_r
                0x000000000800e3e0       0x5e /Applications/STM32CubeIDE.app/Contents/Eclipse/plugins/com.st.stm32cube.ide.mcu.externaltools.gnu-tools-for-stm32.11.3.rel1.macos64_1.1.1.202309131626/tools/bin/../lib/gcc/arm-none-eabi/11.3.1/../../../../arm-none-eabi/lib/thumb/v8-m.main+fp/hard/libc_nano.a(libc_a-reallocr.o)
                0x000000000800e3e0                _realloc_r
 .text.memmove  0x000000000800e43e       0x34 /Applications/STM32CubeIDE.app/Contents/Eclipse/plugins/com.st.stm32cube.ide.mcu.externaltools.gnu-tools-for-stm32.11.3.rel1.macos64_1.1.1.202309131626/tools/bin/../lib/gcc/arm-none-eabi/11.3.1/../../../../arm-none-eabi/lib/thumb/v8-m.main+fp/hard/libc_nano.a(libc_a-memmove.o)
                0x000000000800e43e                memmove
 *fill*         0x000000000800e472        0x2 
 .text._sbrk_r  0x000000000800e474       0x20 /Applications/STM32CubeIDE.app/Contents/Eclipse/plugins/com.st.stm32cube.ide.mcu.externaltools.gnu-tools-for-stm32.11.3.rel1.macos64_1.1.1.202309131626/tools/bin/../lib/gcc/arm-none-eabi/11.3.1/../../../../arm-none-eabi/lib/thumb/v8-m.main+fp/hard/libc_nano.a(libc_a-sbrkr.o)
                0x000000000800e474                _sbrk_r
 .text.memchr   0x000000000800e494       0x1c /Applications/STM32CubeIDE.app/Contents/Eclipse/plugins/com.st.stm32cube.ide.mcu.externaltools.gnu-tools-for-stm32.11.3.rel1.macos64_1.1.1.202309131626/tools/bin/../lib/gcc/arm-none-eabi/11.3.1/../../../../arm-none-eabi/lib/thumb/v8-m.main+fp/hard/libc_nano.a(libc_a-memchr-stub.o)
                0x000000000800e494                memchr
 .text.memcpy   0x000000000800e4b0       0x1a /Applications/STM32CubeIDE.app/Contents/Eclipse/plugins/com.st.stm32cube.ide.mcu.externaltools.gnu-tools-for-stm32.11.3.rel1.macos64_1.1.1.202309131626/tools/bin/../lib/gcc/arm-none-eabi/11.3.1/../../../../arm-none-eabi/lib/thumb/v8-m.main+fp/hard/libc_nano.a(libc_a-memcpy-stub.o)
                0x000000000800e4b0                memcpy
 *fill*         0x000000000800e4ca        0x2 
 .text._free_r  0x000000000800e4cc       0x98 /Applications/STM32CubeIDE.app/Contents/Eclipse/plugins/com.st.stm32cube.ide.mcu.externaltools.gnu-tools-for-stm32.11.3.rel1.macos64_1.1.1.202309131626/tools/bin/../lib/gcc/arm-none-eabi/11.3.1/../../../../arm-none-eabi/lib/thumb/v8-m.main+fp/hard/libc_nano.a(libc_a-freer.o)
                0x000000000800e4cc                _free_r
 .text._malloc_usable_size_r
                0x000000000800e564       0x10 /Applications/STM32CubeIDE.app/Contents/Eclipse/plugins/com.st.stm32cube.ide.mcu.externaltools.gnu-tools-for-stm32.11.3.rel1.macos64_1.1.1.202309131626/tools/bin/../lib/gcc/arm-none-eabi/11.3.1/../../../../arm-none-eabi/lib/thumb/v8-m.main+fp/hard/libc_nano.a(libc_a-msizer.o)
                0x000000000800e564                _malloc_usable_size_r
 *(.glue_7)
 .glue_7        0x000000000800e574        0x0 linker stubs
 *(.glue_7t)
 .glue_7t       0x000000000800e574        0x0 linker stubs
 *(.eh_frame)
 .eh_frame      0x000000000800e574        0x0 /Applications/STM32CubeIDE.app/Contents/Eclipse/plugins/com.st.stm32cube.ide.mcu.externaltools.gnu-tools-for-stm32.11.3.rel1.macos64_1.1.1.202309131626/tools/bin/../lib/gcc/arm-none-eabi/11.3.1/thumb/v8-m.main+fp/hard/crtbegin.o
 *(.init)
 .init          0x000000000800e574        0x4 /Applications/STM32CubeIDE.app/Contents/Eclipse/plugins/com.st.stm32cube.ide.mcu.externaltools.gnu-tools-for-stm32.11.3.rel1.macos64_1.1.1.202309131626/tools/bin/../lib/gcc/arm-none-eabi/11.3.1/thumb/v8-m.main+fp/hard/crti.o
                0x000000000800e574                _init
 .init          0x000000000800e578        0x8 /Applications/STM32CubeIDE.app/Contents/Eclipse/plugins/com.st.stm32cube.ide.mcu.externaltools.gnu-tools-for-stm32.11.3.rel1.macos64_1.1.1.202309131626/tools/bin/../lib/gcc/arm-none-eabi/11.3.1/thumb/v8-m.main+fp/hard/crtn.o
 *(.fini)
 .fini          0x000000000800e580        0x4 /Applications/STM32CubeIDE.app/Contents/Eclipse/plugins/com.st.stm32cube.ide.mcu.externaltools.gnu-tools-for-stm32.11.3.rel1.macos64_1.1.1.202309131626/tools/bin/../lib/gcc/arm-none-eabi/11.3.1/thumb/v8-m.main+fp/hard/crti.o
                0x000000000800e580                _fini
 .fini          0x000000000800e584        0x8 /Applications/STM32CubeIDE.app/Contents/Eclipse/plugins/com.st.stm32cube.ide.mcu.externaltools.gnu-tools-for-stm32.11.3.rel1.macos64_1.1.1.202309131626/tools/bin/../lib/gcc/arm-none-eabi/11.3.1/thumb/v8-m.main+fp/hard/crtn.o
                0x000000000800e58c                _etext = .

.vfp11_veneer   0x000000000800e58c        0x0
 .vfp11_veneer  0x000000000800e58c        0x0 linker stubs

.v4_bx          0x000000000800e58c        0x0
 .v4_bx         0x000000000800e58c        0x0 linker stubs

.iplt           0x000000000800e58c        0x0
 .iplt          0x000000000800e58c        0x0 /Applications/STM32CubeIDE.app/Contents/Eclipse/plugins/com.st.stm32cube.ide.mcu.externaltools.gnu-tools-for-stm32.11.3.rel1.macos64_1.1.1.202309131626/tools/bin/../lib/gcc/arm-none-eabi/11.3.1/thumb/v8-m.main+fp/hard/crtbegin.o

.rodata         0x000000000800e58c      0x33b
 *(.rodata)
 .rodata        0x000000000800e58c       0x68 ./Core/Src/ff.o
 .rodata        0x000000000800e5f4      0x11d ./Core/Src/main.o
 *(.rodata*)
 *fill*         0x000000000800e711        0x3 
 .rodata.ExCvt  0x000000000800e714       0x80 ./Core/Src/ff.o
 .rodata.AHBPrescTable
                0x000000000800e794       0x10 ./Core/Src/system_stm32u5xx.o
                0x000000000800e794                AHBPrescTable
 .rodata.APBPrescTable
                0x000000000800e7a4        0x8 ./Core/Src/system_stm32u5xx.o
                0x000000000800e7a4                APBPrescTable
 .rodata.MSIRangeTable
                0x000000000800e7ac       0x40 ./Core/Src/system_stm32u5xx.o
                0x000000000800e7ac                MSIRangeTable
 .rodata.LPGPIO_Map
                0x000000000800e7ec       0x80 ./Drivers/STM32U5xx_HAL_Driver/Src/stm32u5xx_hal_gpio.o
 .rodata.UARTPrescTable
                0x000000000800e86c       0x18 ./Drivers/STM32U5xx_HAL_Driver/Src/stm32u5xx_hal_uart.o
                0x000000000800e86c                UARTPrescTable
 .rodata.numerator.1
                0x000000000800e884        0x8 ./Drivers/STM32U5xx_HAL_Driver/Src/stm32u5xx_hal_uart_ex.o
 .rodata.denominator.0
                0x000000000800e88c        0x8 ./Drivers/STM32U5xx_HAL_Driver/Src/stm32u5xx_hal_uart_ex.o
 .rodata._svfprintf_r.str1.1
                0x000000000800e894       0x11 /Applications/STM32CubeIDE.app/Contents/Eclipse/plugins/com.st.stm32cube.ide.mcu.externaltools.gnu-tools-for-stm32.11.3.rel1.macos64_1.1.1.202309131626/tools/bin/../lib/gcc/arm-none-eabi/11.3.1/../../../../arm-none-eabi/lib/thumb/v8-m.main+fp/hard/libc_nano.a(libc_a-nano-svfprintf.o)
 .rodata._printf_i.str1.1
                0x000000000800e8a5       0x22 /Applications/STM32CubeIDE.app/Contents/Eclipse/plugins/com.st.stm32cube.ide.mcu.externaltools.gnu-tools-for-stm32.11.3.rel1.macos64_1.1.1.202309131626/tools/bin/../lib/gcc/arm-none-eabi/11.3.1/../../../../arm-none-eabi/lib/thumb/v8-m.main+fp/hard/libc_nano.a(libc_a-nano-vfprintf_i.o)

.ARM.extab
 *(.ARM.extab* .gnu.linkonce.armextab.*)

.ARM            0x000000000800e8c8        0x8
                0x000000000800e8c8                __exidx_start = .
 *(.ARM.exidx*)
 .ARM.exidx     0x000000000800e8c8        0x8 /Applications/STM32CubeIDE.app/Contents/Eclipse/plugins/com.st.stm32cube.ide.mcu.externaltools.gnu-tools-for-stm32.11.3.rel1.macos64_1.1.1.202309131626/tools/bin/../lib/gcc/arm-none-eabi/11.3.1/thumb/v8-m.main+fp/hard/libgcc.a(_udivmoddi4.o)
                0x000000000800e8d0                __exidx_end = .

.rel.dyn        0x000000000800e8d0        0x0
 .rel.iplt      0x000000000800e8d0        0x0 /Applications/STM32CubeIDE.app/Contents/Eclipse/plugins/com.st.stm32cube.ide.mcu.externaltools.gnu-tools-for-stm32.11.3.rel1.macos64_1.1.1.202309131626/tools/bin/../lib/gcc/arm-none-eabi/11.3.1/thumb/v8-m.main+fp/hard/crtbegin.o

.preinit_array  0x000000000800e8d0        0x0
                0x000000000800e8d0                PROVIDE (__preinit_array_start = .)
 *(.preinit_array*)
                0x000000000800e8d0                PROVIDE (__preinit_array_end = .)

.init_array     0x000000000800e8d0        0x4
                0x000000000800e8d0                PROVIDE (__init_array_start = .)
 *(SORT_BY_NAME(.init_array.*))
 *(.init_array*)
 .init_array    0x000000000800e8d0        0x4 /Applications/STM32CubeIDE.app/Contents/Eclipse/plugins/com.st.stm32cube.ide.mcu.externaltools.gnu-tools-for-stm32.11.3.rel1.macos64_1.1.1.202309131626/tools/bin/../lib/gcc/arm-none-eabi/11.3.1/thumb/v8-m.main+fp/hard/crtbegin.o
                0x000000000800e8d4                PROVIDE (__init_array_end = .)

.fini_array     0x000000000800e8d4        0x4
                [!provide]                        PROVIDE (__fini_array_start = .)
 *(SORT_BY_NAME(.fini_array.*))
 *(.fini_array*)
 .fini_array    0x000000000800e8d4        0x4 /Applications/STM32CubeIDE.app/Contents/Eclipse/plugins/com.st.stm32cube.ide.mcu.externaltools.gnu-tools-for-stm32.11.3.rel1.macos64_1.1.1.202309131626/tools/bin/../lib/gcc/arm-none-eabi/11.3.1/thumb/v8-m.main+fp/hard/crtbegin.o
                [!provide]                        PROVIDE (__fini_array_end = .)
                0x000000000800e8d8                _sidata = LOADADDR (.data)

.data           0x0000000020000000       0x74 load address 0x000000000800e8d8
                0x0000000020000000                _sdata = .
 *(.data)
 *(.data*)
 .data.SystemCoreClock
                0x0000000020000000        0x4 ./Core/Src/system_stm32u5xx.o
                0x0000000020000000                SystemCoreClock
 .data.USER_Driver
                0x0000000020000004       0x14 ./Core/Src/user_diskio.o
                0x0000000020000004                USER_Driver
 .data.Stat     0x0000000020000018        0x1 ./Core/Src/user_diskio_spi.o
 *fill*         0x0000000020000019        0x3 
 .data.uwTickPrio
                0x000000002000001c        0x4 ./Drivers/STM32U5xx_HAL_Driver/Src/stm32u5xx_hal.o
                0x000000002000001c                uwTickPrio
 .data.uwTickFreq
                0x0000000020000020        0x1 ./Drivers/STM32U5xx_HAL_Driver/Src/stm32u5xx_hal.o
                0x0000000020000020                uwTickFreq
 *fill*         0x0000000020000021        0x3 
 .data._impure_data
                0x0000000020000024       0x4c /Applications/STM32CubeIDE.app/Contents/Eclipse/plugins/com.st.stm32cube.ide.mcu.externaltools.gnu-tools-for-stm32.11.3.rel1.macos64_1.1.1.202309131626/tools/bin/../lib/gcc/arm-none-eabi/11.3.1/../../../../arm-none-eabi/lib/thumb/v8-m.main+fp/hard/libc_nano.a(libc_a-impure.o)
                0x0000000020000024                _impure_data
 .data._impure_ptr
                0x0000000020000070        0x4 /Applications/STM32CubeIDE.app/Contents/Eclipse/plugins/com.st.stm32cube.ide.mcu.externaltools.gnu-tools-for-stm32.11.3.rel1.macos64_1.1.1.202309131626/tools/bin/../lib/gcc/arm-none-eabi/11.3.1/../../../../arm-none-eabi/lib/thumb/v8-m.main+fp/hard/libc_nano.a(libc_a-impure.o)
                0x0000000020000070                _impure_ptr
 *(.RamFunc)
 *(.RamFunc*)
                0x0000000020000074                _edata = .

.igot.plt       0x0000000020000074        0x0 load address 0x000000000800e94c
 .igot.plt      0x0000000020000074        0x0 /Applications/STM32CubeIDE.app/Contents/Eclipse/plugins/com.st.stm32cube.ide.mcu.externaltools.gnu-tools-for-stm32.11.3.rel1.macos64_1.1.1.202309131626/tools/bin/../lib/gcc/arm-none-eabi/11.3.1/thumb/v8-m.main+fp/hard/crtbegin.o

.bss            0x0000000020000074      0x860 load address 0x000000000800e94c
                0x0000000020000074                _sbss = .
                0x0000000020000074                __bss_start__ = _sbss
 *(.bss)
 .bss           0x0000000020000074       0x1c /Applications/STM32CubeIDE.app/Contents/Eclipse/plugins/com.st.stm32cube.ide.mcu.externaltools.gnu-tools-for-stm32.11.3.rel1.macos64_1.1.1.202309131626/tools/bin/../lib/gcc/arm-none-eabi/11.3.1/thumb/v8-m.main+fp/hard/crtbegin.o
 *(.bss*)
 .bss.retUSER   0x0000000020000090        0x1 ./Core/Src/fatfs.o
                0x0000000020000090                retUSER
 *fill*         0x0000000020000091        0x3 
 .bss.USERPath  0x0000000020000094        0x4 ./Core/Src/fatfs.o
                0x0000000020000094                USERPath
 .bss.FatFs     0x0000000020000098        0x4 ./Core/Src/ff.o
 .bss.Fsid      0x000000002000009c        0x2 ./Core/Src/ff.o
 *fill*         0x000000002000009e        0x2 
 .bss.Files     0x00000000200000a0       0x18 ./Core/Src/ff.o
 .bss.disk      0x00000000200000b8        0xc ./Core/Src/ff_gen_drv.o
                0x00000000200000b8                disk
 .bss.hadc1     0x00000000200000c4       0x8c ./Core/Src/main.o
                0x00000000200000c4                hadc1
 .bss.hspi1     0x0000000020000150       0x90 ./Core/Src/main.o
                0x0000000020000150                hspi1
 .bss.huart1    0x00000000200001e0       0x94 ./Core/Src/main.o
                0x00000000200001e0                huart1
 .bss.hhcd_USB_OTG_HS
                0x0000000020000274      0x404 ./Core/Src/main.o
                0x0000000020000274                hhcd_USB_OTG_HS
 .bss.buffer.0  0x0000000020000678      0x100 ./Core/Src/main.o
 .bss.__sbrk_heap_end
                0x0000000020000778        0x4 ./Core/Src/sysmem.o
 .bss.CardType  0x000000002000077c        0x1 ./Core/Src/user_diskio_spi.o
 *fill*         0x000000002000077d        0x3 
 .bss.spiTimerTickStart
                0x0000000020000780        0x4 ./Core/Src/user_diskio_spi.o
                0x0000000020000780                spiTimerTickStart
 .bss.spiTimerTickDelay
                0x0000000020000784        0x4 ./Core/Src/user_diskio_spi.o
                0x0000000020000784                spiTimerTickDelay
 .bss.uwTick    0x0000000020000788        0x4 ./Drivers/STM32U5xx_HAL_Driver/Src/stm32u5xx_hal.o
                0x0000000020000788                uwTick
 .bss.__sf      0x000000002000078c      0x138 /Applications/STM32CubeIDE.app/Contents/Eclipse/plugins/com.st.stm32cube.ide.mcu.externaltools.gnu-tools-for-stm32.11.3.rel1.macos64_1.1.1.202309131626/tools/bin/../lib/gcc/arm-none-eabi/11.3.1/../../../../arm-none-eabi/lib/thumb/v8-m.main+fp/hard/libc_nano.a(libc_a-findfp.o)
                0x000000002000078c                __sf
 .bss.__lock___malloc_recursive_mutex
                0x00000000200008c4        0x1 /Applications/STM32CubeIDE.app/Contents/Eclipse/plugins/com.st.stm32cube.ide.mcu.externaltools.gnu-tools-for-stm32.11.3.rel1.macos64_1.1.1.202309131626/tools/bin/../lib/gcc/arm-none-eabi/11.3.1/../../../../arm-none-eabi/lib/thumb/v8-m.main+fp/hard/libc_nano.a(libc_a-lock.o)
                0x00000000200008c4                __lock___malloc_recursive_mutex
 *fill*         0x00000000200008c5        0x3 
 .bss.__malloc_free_list
                0x00000000200008c8        0x4 /Applications/STM32CubeIDE.app/Contents/Eclipse/plugins/com.st.stm32cube.ide.mcu.externaltools.gnu-tools-for-stm32.11.3.rel1.macos64_1.1.1.202309131626/tools/bin/../lib/gcc/arm-none-eabi/11.3.1/../../../../arm-none-eabi/lib/thumb/v8-m.main+fp/hard/libc_nano.a(libc_a-mallocr.o)
                0x00000000200008c8                __malloc_free_list
 .bss.__malloc_sbrk_start
                0x00000000200008cc        0x4 /Applications/STM32CubeIDE.app/Contents/Eclipse/plugins/com.st.stm32cube.ide.mcu.externaltools.gnu-tools-for-stm32.11.3.rel1.macos64_1.1.1.202309131626/tools/bin/../lib/gcc/arm-none-eabi/11.3.1/../../../../arm-none-eabi/lib/thumb/v8-m.main+fp/hard/libc_nano.a(libc_a-mallocr.o)
                0x00000000200008cc                __malloc_sbrk_start
 .bss.errno     0x00000000200008d0        0x4 /Applications/STM32CubeIDE.app/Contents/Eclipse/plugins/com.st.stm32cube.ide.mcu.externaltools.gnu-tools-for-stm32.11.3.rel1.macos64_1.1.1.202309131626/tools/bin/../lib/gcc/arm-none-eabi/11.3.1/../../../../arm-none-eabi/lib/thumb/v8-m.main+fp/hard/libc_nano.a(libc_a-reent.o)
                0x00000000200008d0                errno
 *(COMMON)
                0x00000000200008d4                _ebss = .
                0x00000000200008d4                __bss_end__ = _ebss

._user_heap_stack
                0x00000000200008d4      0x604 load address 0x000000000800e94c
                0x00000000200008d8                . = ALIGN (0x8)
 *fill*         0x00000000200008d4        0x4 
                [!provide]                        PROVIDE (end = .)
                0x00000000200008d8                PROVIDE (_end = .)
                0x0000000020000ad8                . = (. + _Min_Heap_Size)
 *fill*         0x00000000200008d8      0x200 
                0x0000000020000ed8                . = (. + _Min_Stack_Size)
 *fill*         0x0000000020000ad8      0x400 
                0x0000000020000ed8                . = ALIGN (0x8)

/DISCARD/
 libc.a(*)
 libm.a(*)
 libgcc.a(*)

.ARM.attributes
                0x0000000000000000       0x36
 *(.ARM.attributes)
 .ARM.attributes
                0x0000000000000000       0x22 /Applications/STM32CubeIDE.app/Contents/Eclipse/plugins/com.st.stm32cube.ide.mcu.externaltools.gnu-tools-for-stm32.11.3.rel1.macos64_1.1.1.202309131626/tools/bin/../lib/gcc/arm-none-eabi/11.3.1/thumb/v8-m.main+fp/hard/crti.o
 .ARM.attributes
                0x0000000000000022       0x38 /Applications/STM32CubeIDE.app/Contents/Eclipse/plugins/com.st.stm32cube.ide.mcu.externaltools.gnu-tools-for-stm32.11.3.rel1.macos64_1.1.1.202309131626/tools/bin/../lib/gcc/arm-none-eabi/11.3.1/thumb/v8-m.main+fp/hard/crtbegin.o
 .ARM.attributes
                0x000000000000005a       0x3a ./Core/Src/diskio.o
 .ARM.attributes
                0x0000000000000094       0x3a ./Core/Src/fatfs.o
 .ARM.attributes
                0x00000000000000ce       0x3a ./Core/Src/ff.o
 .ARM.attributes
                0x0000000000000108       0x3a ./Core/Src/ff_gen_drv.o
 .ARM.attributes
                0x0000000000000142       0x3a ./Core/Src/main.o
 .ARM.attributes
                0x000000000000017c       0x3a ./Core/Src/stm32u5xx_hal_msp.o
 .ARM.attributes
                0x00000000000001b6       0x3a ./Core/Src/stm32u5xx_it.o
 .ARM.attributes
                0x00000000000001f0       0x3a ./Core/Src/syscalls.o
 .ARM.attributes
                0x000000000000022a       0x3a ./Core/Src/sysmem.o
 .ARM.attributes
                0x0000000000000264       0x3a ./Core/Src/system_stm32u5xx.o
 .ARM.attributes
                0x000000000000029e       0x3a ./Core/Src/user_diskio.o
 .ARM.attributes
                0x00000000000002d8       0x3a ./Core/Src/user_diskio_spi.o
 .ARM.attributes
                0x0000000000000312       0x3a ./Core/Src/wav_header.o
 .ARM.attributes
                0x000000000000034c       0x24 ./Core/Startup/startup_stm32u5a5zjtxq.o
 .ARM.attributes
                0x0000000000000370       0x3a ./Drivers/STM32U5xx_HAL_Driver/Src/stm32u5xx_hal.o
 .ARM.attributes
                0x00000000000003aa       0x3a ./Drivers/STM32U5xx_HAL_Driver/Src/stm32u5xx_hal_adc.o
 .ARM.attributes
                0x00000000000003e4       0x3a ./Drivers/STM32U5xx_HAL_Driver/Src/stm32u5xx_hal_cortex.o
 .ARM.attributes
                0x000000000000041e       0x3a ./Drivers/STM32U5xx_HAL_Driver/Src/stm32u5xx_hal_gpio.o
 .ARM.attributes
                0x0000000000000458       0x3a ./Drivers/STM32U5xx_HAL_Driver/Src/stm32u5xx_hal_hcd.o
 .ARM.attributes
                0x0000000000000492       0x3a ./Drivers/STM32U5xx_HAL_Driver/Src/stm32u5xx_hal_icache.o
 .ARM.attributes
                0x00000000000004cc       0x3a ./Drivers/STM32U5xx_HAL_Driver/Src/stm32u5xx_hal_pwr_ex.o
 .ARM.attributes
                0x0000000000000506       0x3a ./Drivers/STM32U5xx_HAL_Driver/Src/stm32u5xx_hal_rcc.o
 .ARM.attributes
                0x0000000000000540       0x3a ./Drivers/STM32U5xx_HAL_Driver/Src/stm32u5xx_hal_rcc_ex.o
 .ARM.attributes
                0x000000000000057a       0x3a ./Drivers/STM32U5xx_HAL_Driver/Src/stm32u5xx_hal_spi.o
 .ARM.attributes
                0x00000000000005b4       0x3a ./Drivers/STM32U5xx_HAL_Driver/Src/stm32u5xx_hal_spi_ex.o
 .ARM.attributes
                0x00000000000005ee       0x3a ./Drivers/STM32U5xx_HAL_Driver/Src/stm32u5xx_hal_uart.o
 .ARM.attributes
                0x0000000000000628       0x3a ./Drivers/STM32U5xx_HAL_Driver/Src/stm32u5xx_hal_uart_ex.o
 .ARM.attributes
                0x0000000000000662       0x3a ./Drivers/STM32U5xx_HAL_Driver/Src/stm32u5xx_ll_gpio.o
 .ARM.attributes
                0x000000000000069c       0x3a ./Drivers/STM32U5xx_HAL_Driver/Src/stm32u5xx_ll_usb.o
 .ARM.attributes
                0x00000000000006d6       0x38 /Applications/STM32CubeIDE.app/Contents/Eclipse/plugins/com.st.stm32cube.ide.mcu.externaltools.gnu-tools-for-stm32.11.3.rel1.macos64_1.1.1.202309131626/tools/bin/../lib/gcc/arm-none-eabi/11.3.1/../../../../arm-none-eabi/lib/thumb/v8-m.main+fp/hard/libc_nano.a(libc_a-sprintf.o)
 .ARM.attributes
                0x000000000000070e       0x38 /Applications/STM32CubeIDE.app/Contents/Eclipse/plugins/com.st.stm32cube.ide.mcu.externaltools.gnu-tools-for-stm32.11.3.rel1.macos64_1.1.1.202309131626/tools/bin/../lib/gcc/arm-none-eabi/11.3.1/../../../../arm-none-eabi/lib/thumb/v8-m.main+fp/hard/libc_nano.a(libc_a-findfp.o)
 .ARM.attributes
                0x0000000000000746       0x38 /Applications/STM32CubeIDE.app/Contents/Eclipse/plugins/com.st.stm32cube.ide.mcu.externaltools.gnu-tools-for-stm32.11.3.rel1.macos64_1.1.1.202309131626/tools/bin/../lib/gcc/arm-none-eabi/11.3.1/../../../../arm-none-eabi/lib/thumb/v8-m.main+fp/hard/libc_nano.a(libc_a-vsnprintf.o)
 .ARM.attributes
                0x000000000000077e       0x38 /Applications/STM32CubeIDE.app/Contents/Eclipse/plugins/com.st.stm32cube.ide.mcu.externaltools.gnu-tools-for-stm32.11.3.rel1.macos64_1.1.1.202309131626/tools/bin/../lib/gcc/arm-none-eabi/11.3.1/../../../../arm-none-eabi/lib/thumb/v8-m.main+fp/hard/libc_nano.a(libc_a-memset.o)
 .ARM.attributes
                0x00000000000007b6       0x38 /Applications/STM32CubeIDE.app/Contents/Eclipse/plugins/com.st.stm32cube.ide.mcu.externaltools.gnu-tools-for-stm32.11.3.rel1.macos64_1.1.1.202309131626/tools/bin/../lib/gcc/arm-none-eabi/11.3.1/../../../../arm-none-eabi/lib/thumb/v8-m.main+fp/hard/libc_nano.a(libc_a-impure.o)
 .ARM.attributes
                0x00000000000007ee       0x38 /Applications/STM32CubeIDE.app/Contents/Eclipse/plugins/com.st.stm32cube.ide.mcu.externaltools.gnu-tools-for-stm32.11.3.rel1.macos64_1.1.1.202309131626/tools/bin/../lib/gcc/arm-none-eabi/11.3.1/../../../../arm-none-eabi/lib/thumb/v8-m.main+fp/hard/libc_nano.a(libc_a-clock.o)
 .ARM.attributes
                0x0000000000000826       0x38 /Applications/STM32CubeIDE.app/Contents/Eclipse/plugins/com.st.stm32cube.ide.mcu.externaltools.gnu-tools-for-stm32.11.3.rel1.macos64_1.1.1.202309131626/tools/bin/../lib/gcc/arm-none-eabi/11.3.1/../../../../arm-none-eabi/lib/thumb/v8-m.main+fp/hard/libc_nano.a(libc_a-timesr.o)
 .ARM.attributes
                0x000000000000085e       0x38 /Applications/STM32CubeIDE.app/Contents/Eclipse/plugins/com.st.stm32cube.ide.mcu.externaltools.gnu-tools-for-stm32.11.3.rel1.macos64_1.1.1.202309131626/tools/bin/../lib/gcc/arm-none-eabi/11.3.1/../../../../arm-none-eabi/lib/thumb/v8-m.main+fp/hard/libc_nano.a(libc_a-errno.o)
 .ARM.attributes
                0x0000000000000896       0x38 /Applications/STM32CubeIDE.app/Contents/Eclipse/plugins/com.st.stm32cube.ide.mcu.externaltools.gnu-tools-for-stm32.11.3.rel1.macos64_1.1.1.202309131626/tools/bin/../lib/gcc/arm-none-eabi/11.3.1/../../../../arm-none-eabi/lib/thumb/v8-m.main+fp/hard/libc_nano.a(libc_a-init.o)
 .ARM.attributes
                0x00000000000008ce       0x38 /Applications/STM32CubeIDE.app/Contents/Eclipse/plugins/com.st.stm32cube.ide.mcu.externaltools.gnu-tools-for-stm32.11.3.rel1.macos64_1.1.1.202309131626/tools/bin/../lib/gcc/arm-none-eabi/11.3.1/../../../../arm-none-eabi/lib/thumb/v8-m.main+fp/hard/libc_nano.a(libc_a-lock.o)
 .ARM.attributes
                0x0000000000000906       0x17 /Applications/STM32CubeIDE.app/Contents/Eclipse/plugins/com.st.stm32cube.ide.mcu.externaltools.gnu-tools-for-stm32.11.3.rel1.macos64_1.1.1.202309131626/tools/bin/../lib/gcc/arm-none-eabi/11.3.1/../../../../arm-none-eabi/lib/thumb/v8-m.main+fp/hard/libc_nano.a(libc_a-strlen.o)
 .ARM.attributes
                0x000000000000091d       0x38 /Applications/STM32CubeIDE.app/Contents/Eclipse/plugins/com.st.stm32cube.ide.mcu.externaltools.gnu-tools-for-stm32.11.3.rel1.macos64_1.1.1.202309131626/tools/bin/../lib/gcc/arm-none-eabi/11.3.1/../../../../arm-none-eabi/lib/thumb/v8-m.main+fp/hard/libc_nano.a(libc_a-nano-svfprintf.o)
 .ARM.attributes
                0x0000000000000955       0x38 /Applications/STM32CubeIDE.app/Contents/Eclipse/plugins/com.st.stm32cube.ide.mcu.externaltools.gnu-tools-for-stm32.11.3.rel1.macos64_1.1.1.202309131626/tools/bin/../lib/gcc/arm-none-eabi/11.3.1/../../../../arm-none-eabi/lib/thumb/v8-m.main+fp/hard/libc_nano.a(libc_a-mallocr.o)
 .ARM.attributes
                0x000000000000098d       0x38 /Applications/STM32CubeIDE.app/Contents/Eclipse/plugins/com.st.stm32cube.ide.mcu.externaltools.gnu-tools-for-stm32.11.3.rel1.macos64_1.1.1.202309131626/tools/bin/../lib/gcc/arm-none-eabi/11.3.1/../../../../arm-none-eabi/lib/thumb/v8-m.main+fp/hard/libc_nano.a(libc_a-nano-vfprintf_i.o)
 .ARM.attributes
                0x00000000000009c5       0x38 /Applications/STM32CubeIDE.app/Contents/Eclipse/plugins/com.st.stm32cube.ide.mcu.externaltools.gnu-tools-for-stm32.11.3.rel1.macos64_1.1.1.202309131626/tools/bin/../lib/gcc/arm-none-eabi/11.3.1/../../../../arm-none-eabi/lib/thumb/v8-m.main+fp/hard/libc_nano.a(libc_a-mlock.o)
 .ARM.attributes
                0x00000000000009fd       0x38 /Applications/STM32CubeIDE.app/Contents/Eclipse/plugins/com.st.stm32cube.ide.mcu.externaltools.gnu-tools-for-stm32.11.3.rel1.macos64_1.1.1.202309131626/tools/bin/../lib/gcc/arm-none-eabi/11.3.1/../../../../arm-none-eabi/lib/thumb/v8-m.main+fp/hard/libc_nano.a(libc_a-reallocr.o)
 .ARM.attributes
                0x0000000000000a35       0x38 /Applications/STM32CubeIDE.app/Contents/Eclipse/plugins/com.st.stm32cube.ide.mcu.externaltools.gnu-tools-for-stm32.11.3.rel1.macos64_1.1.1.202309131626/tools/bin/../lib/gcc/arm-none-eabi/11.3.1/../../../../arm-none-eabi/lib/thumb/v8-m.main+fp/hard/libc_nano.a(libc_a-memmove.o)
 .ARM.attributes
                0x0000000000000a6d       0x38 /Applications/STM32CubeIDE.app/Contents/Eclipse/plugins/com.st.stm32cube.ide.mcu.externaltools.gnu-tools-for-stm32.11.3.rel1.macos64_1.1.1.202309131626/tools/bin/../lib/gcc/arm-none-eabi/11.3.1/../../../../arm-none-eabi/lib/thumb/v8-m.main+fp/hard/libc_nano.a(libc_a-reent.o)
 .ARM.attributes
                0x0000000000000aa5       0x38 /Applications/STM32CubeIDE.app/Contents/Eclipse/plugins/com.st.stm32cube.ide.mcu.externaltools.gnu-tools-for-stm32.11.3.rel1.macos64_1.1.1.202309131626/tools/bin/../lib/gcc/arm-none-eabi/11.3.1/../../../../arm-none-eabi/lib/thumb/v8-m.main+fp/hard/libc_nano.a(libc_a-sbrkr.o)
 .ARM.attributes
                0x0000000000000add       0x38 /Applications/STM32CubeIDE.app/Contents/Eclipse/plugins/com.st.stm32cube.ide.mcu.externaltools.gnu-tools-for-stm32.11.3.rel1.macos64_1.1.1.202309131626/tools/bin/../lib/gcc/arm-none-eabi/11.3.1/../../../../arm-none-eabi/lib/thumb/v8-m.main+fp/hard/libc_nano.a(libc_a-memchr-stub.o)
 .ARM.attributes
                0x0000000000000b15       0x38 /Applications/STM32CubeIDE.app/Contents/Eclipse/plugins/com.st.stm32cube.ide.mcu.externaltools.gnu-tools-for-stm32.11.3.rel1.macos64_1.1.1.202309131626/tools/bin/../lib/gcc/arm-none-eabi/11.3.1/../../../../arm-none-eabi/lib/thumb/v8-m.main+fp/hard/libc_nano.a(libc_a-memcpy-stub.o)
 .ARM.attributes
                0x0000000000000b4d       0x38 /Applications/STM32CubeIDE.app/Contents/Eclipse/plugins/com.st.stm32cube.ide.mcu.externaltools.gnu-tools-for-stm32.11.3.rel1.macos64_1.1.1.202309131626/tools/bin/../lib/gcc/arm-none-eabi/11.3.1/../../../../arm-none-eabi/lib/thumb/v8-m.main+fp/hard/libc_nano.a(libc_a-freer.o)
 .ARM.attributes
                0x0000000000000b85       0x38 /Applications/STM32CubeIDE.app/Contents/Eclipse/plugins/com.st.stm32cube.ide.mcu.externaltools.gnu-tools-for-stm32.11.3.rel1.macos64_1.1.1.202309131626/tools/bin/../lib/gcc/arm-none-eabi/11.3.1/../../../../arm-none-eabi/lib/thumb/v8-m.main+fp/hard/libc_nano.a(libc_a-msizer.o)
 .ARM.attributes
                0x0000000000000bbd       0x22 /Applications/STM32CubeIDE.app/Contents/Eclipse/plugins/com.st.stm32cube.ide.mcu.externaltools.gnu-tools-for-stm32.11.3.rel1.macos64_1.1.1.202309131626/tools/bin/../lib/gcc/arm-none-eabi/11.3.1/thumb/v8-m.main+fp/hard/libgcc.a(_arm_addsubdf3.o)
 .ARM.attributes
                0x0000000000000bdf       0x22 /Applications/STM32CubeIDE.app/Contents/Eclipse/plugins/com.st.stm32cube.ide.mcu.externaltools.gnu-tools-for-stm32.11.3.rel1.macos64_1.1.1.202309131626/tools/bin/../lib/gcc/arm-none-eabi/11.3.1/thumb/v8-m.main+fp/hard/libgcc.a(_aeabi_uldivmod.o)
 .ARM.attributes
                0x0000000000000c01       0x38 /Applications/STM32CubeIDE.app/Contents/Eclipse/plugins/com.st.stm32cube.ide.mcu.externaltools.gnu-tools-for-stm32.11.3.rel1.macos64_1.1.1.202309131626/tools/bin/../lib/gcc/arm-none-eabi/11.3.1/thumb/v8-m.main+fp/hard/libgcc.a(_udivmoddi4.o)
 .ARM.attributes
                0x0000000000000c39       0x22 /Applications/STM32CubeIDE.app/Contents/Eclipse/plugins/com.st.stm32cube.ide.mcu.externaltools.gnu-tools-for-stm32.11.3.rel1.macos64_1.1.1.202309131626/tools/bin/../lib/gcc/arm-none-eabi/11.3.1/thumb/v8-m.main+fp/hard/libgcc.a(_dvmd_tls.o)
 .ARM.attributes
                0x0000000000000c5b       0x22 /Applications/STM32CubeIDE.app/Contents/Eclipse/plugins/com.st.stm32cube.ide.mcu.externaltools.gnu-tools-for-stm32.11.3.rel1.macos64_1.1.1.202309131626/tools/bin/../lib/gcc/arm-none-eabi/11.3.1/thumb/v8-m.main+fp/hard/crtn.o
OUTPUT(STM32-SDcard.elf elf32-littlearm)
LOAD linker stubs
LOAD /Applications/STM32CubeIDE.app/Contents/Eclipse/plugins/com.st.stm32cube.ide.mcu.externaltools.gnu-tools-for-stm32.11.3.rel1.macos64_1.1.1.202309131626/tools/bin/../lib/gcc/arm-none-eabi/11.3.1/../../../../arm-none-eabi/lib/thumb/v8-m.main+fp/hard/libc.a
LOAD /Applications/STM32CubeIDE.app/Contents/Eclipse/plugins/com.st.stm32cube.ide.mcu.externaltools.gnu-tools-for-stm32.11.3.rel1.macos64_1.1.1.202309131626/tools/bin/../lib/gcc/arm-none-eabi/11.3.1/../../../../arm-none-eabi/lib/thumb/v8-m.main+fp/hard/libm.a
LOAD /Applications/STM32CubeIDE.app/Contents/Eclipse/plugins/com.st.stm32cube.ide.mcu.externaltools.gnu-tools-for-stm32.11.3.rel1.macos64_1.1.1.202309131626/tools/bin/../lib/gcc/arm-none-eabi/11.3.1/thumb/v8-m.main+fp/hard/libgcc.a

.comment        0x0000000000000000       0x43
 .comment       0x0000000000000000       0x43 /Applications/STM32CubeIDE.app/Contents/Eclipse/plugins/com.st.stm32cube.ide.mcu.externaltools.gnu-tools-for-stm32.11.3.rel1.macos64_1.1.1.202309131626/tools/bin/../lib/gcc/arm-none-eabi/11.3.1/thumb/v8-m.main+fp/hard/crtbegin.o
                                         0x44 (size before relaxing)
 .comment       0x0000000000000043       0x44 ./Core/Src/diskio.o
 .comment       0x0000000000000043       0x44 ./Core/Src/fatfs.o
 .comment       0x0000000000000043       0x44 ./Core/Src/ff.o
 .comment       0x0000000000000043       0x44 ./Core/Src/ff_gen_drv.o
 .comment       0x0000000000000043       0x44 ./Core/Src/main.o
 .comment       0x0000000000000043       0x44 ./Core/Src/stm32u5xx_hal_msp.o
 .comment       0x0000000000000043       0x44 ./Core/Src/stm32u5xx_it.o
 .comment       0x0000000000000043       0x44 ./Core/Src/syscalls.o
 .comment       0x0000000000000043       0x44 ./Core/Src/sysmem.o
 .comment       0x0000000000000043       0x44 ./Core/Src/system_stm32u5xx.o
 .comment       0x0000000000000043       0x44 ./Core/Src/user_diskio.o
 .comment       0x0000000000000043       0x44 ./Core/Src/user_diskio_spi.o
 .comment       0x0000000000000043       0x44 ./Core/Src/wav_header.o
 .comment       0x0000000000000043       0x44 ./Drivers/STM32U5xx_HAL_Driver/Src/stm32u5xx_hal.o
 .comment       0x0000000000000043       0x44 ./Drivers/STM32U5xx_HAL_Driver/Src/stm32u5xx_hal_adc.o
 .comment       0x0000000000000043       0x44 ./Drivers/STM32U5xx_HAL_Driver/Src/stm32u5xx_hal_cortex.o
 .comment       0x0000000000000043       0x44 ./Drivers/STM32U5xx_HAL_Driver/Src/stm32u5xx_hal_gpio.o
 .comment       0x0000000000000043       0x44 ./Drivers/STM32U5xx_HAL_Driver/Src/stm32u5xx_hal_hcd.o
 .comment       0x0000000000000043       0x44 ./Drivers/STM32U5xx_HAL_Driver/Src/stm32u5xx_hal_icache.o
 .comment       0x0000000000000043       0x44 ./Drivers/STM32U5xx_HAL_Driver/Src/stm32u5xx_hal_pwr_ex.o
 .comment       0x0000000000000043       0x44 ./Drivers/STM32U5xx_HAL_Driver/Src/stm32u5xx_hal_rcc.o
 .comment       0x0000000000000043       0x44 ./Drivers/STM32U5xx_HAL_Driver/Src/stm32u5xx_hal_rcc_ex.o
 .comment       0x0000000000000043       0x44 ./Drivers/STM32U5xx_HAL_Driver/Src/stm32u5xx_hal_spi.o
 .comment       0x0000000000000043       0x44 ./Drivers/STM32U5xx_HAL_Driver/Src/stm32u5xx_hal_spi_ex.o
 .comment       0x0000000000000043       0x44 ./Drivers/STM32U5xx_HAL_Driver/Src/stm32u5xx_hal_uart.o
 .comment       0x0000000000000043       0x44 ./Drivers/STM32U5xx_HAL_Driver/Src/stm32u5xx_hal_uart_ex.o
 .comment       0x0000000000000043       0x44 ./Drivers/STM32U5xx_HAL_Driver/Src/stm32u5xx_ll_gpio.o
 .comment       0x0000000000000043       0x44 ./Drivers/STM32U5xx_HAL_Driver/Src/stm32u5xx_ll_usb.o

.debug_info     0x0000000000000000    0x1ec2d
 .debug_info    0x0000000000000000      0x432 ./Core/Src/diskio.o
 .debug_info    0x0000000000000432      0x521 ./Core/Src/fatfs.o
 .debug_info    0x0000000000000953     0x215f ./Core/Src/ff.o
 .debug_info    0x0000000000002ab2      0x3d2 ./Core/Src/ff_gen_drv.o
 .debug_info    0x0000000000002e84     0x2c00 ./Core/Src/main.o
 .debug_info    0x0000000000005a84     0x228a ./Core/Src/stm32u5xx_hal_msp.o
 .debug_info    0x0000000000007d0e      0x16c ./Core/Src/stm32u5xx_it.o
 .debug_info    0x0000000000007e7a      0x6a3 ./Core/Src/syscalls.o
 .debug_info    0x000000000000851d      0x168 ./Core/Src/sysmem.o
 .debug_info    0x0000000000008685      0x929 ./Core/Src/system_stm32u5xx.o
 .debug_info    0x0000000000008fae      0x3fc ./Core/Src/user_diskio.o
 .debug_info    0x00000000000093aa      0xf6d ./Core/Src/user_diskio_spi.o
 .debug_info    0x000000000000a317      0x345 ./Core/Src/wav_header.o
 .debug_info    0x000000000000a65c       0x23 ./Core/Startup/startup_stm32u5a5zjtxq.o
 .debug_info    0x000000000000a67f     0x13d4 ./Drivers/STM32U5xx_HAL_Driver/Src/stm32u5xx_hal.o
 .debug_info    0x000000000000ba53     0x2706 ./Drivers/STM32U5xx_HAL_Driver/Src/stm32u5xx_hal_adc.o
 .debug_info    0x000000000000e159     0x1622 ./Drivers/STM32U5xx_HAL_Driver/Src/stm32u5xx_hal_cortex.o
 .debug_info    0x000000000000f77b      0x859 ./Drivers/STM32U5xx_HAL_Driver/Src/stm32u5xx_hal_gpio.o
 .debug_info    0x000000000000ffd4     0x11f3 ./Drivers/STM32U5xx_HAL_Driver/Src/stm32u5xx_hal_hcd.o
 .debug_info    0x00000000000111c7      0x53a ./Drivers/STM32U5xx_HAL_Driver/Src/stm32u5xx_hal_icache.o
 .debug_info    0x0000000000011701      0xf0c ./Drivers/STM32U5xx_HAL_Driver/Src/stm32u5xx_hal_pwr_ex.o
 .debug_info    0x000000000001260d     0x12b0 ./Drivers/STM32U5xx_HAL_Driver/Src/stm32u5xx_hal_rcc.o
 .debug_info    0x00000000000138bd     0x1610 ./Drivers/STM32U5xx_HAL_Driver/Src/stm32u5xx_hal_rcc_ex.o
 .debug_info    0x0000000000014ecd     0x15cc ./Drivers/STM32U5xx_HAL_Driver/Src/stm32u5xx_hal_spi.o
 .debug_info    0x0000000000016499      0xa97 ./Drivers/STM32U5xx_HAL_Driver/Src/stm32u5xx_hal_spi_ex.o
 .debug_info    0x0000000000016f30     0x456e ./Drivers/STM32U5xx_HAL_Driver/Src/stm32u5xx_hal_uart.o
 .debug_info    0x000000000001b49e     0x11f0 ./Drivers/STM32U5xx_HAL_Driver/Src/stm32u5xx_hal_uart_ex.o
 .debug_info    0x000000000001c68e      0xb17 ./Drivers/STM32U5xx_HAL_Driver/Src/stm32u5xx_ll_gpio.o
 .debug_info    0x000000000001d1a5     0x1a88 ./Drivers/STM32U5xx_HAL_Driver/Src/stm32u5xx_ll_usb.o

.debug_abbrev   0x0000000000000000     0x3e7a
 .debug_abbrev  0x0000000000000000      0x17e ./Core/Src/diskio.o