Archive member included to satisfy reference by file (symbol)

/Applications/STM32CubeIDE.app/Contents/Eclipse/plugins/com.st.stm32cube.ide.mcu.externaltools.gnu-tools-for-stm32.11.3.rel1.macos64_1.1.1.202309131626/tools/bin/../lib/gcc/arm-none-eabi/11.3.1/../../../../arm-none-eabi/lib/thumb/v8-m.main+fp/hard/libc_nano.a(libc_a-exit.o)
                              /Applications/STM32CubeIDE.app/Contents/Eclipse/plugins/com.st.stm32cube.ide.mcu.externaltools.gnu-tools-for-stm32.11.3.rel1.macos64_1.1.1.202309131626/tools/bin/../lib/gcc/arm-none-eabi/11.3.1/../../../../arm-none-eabi/lib/thumb/v8-m.main+fp/hard/crt0.o (exit)
/Applications/STM32CubeIDE.app/Contents/Eclipse/plugins/com.st.stm32cube.ide.mcu.externaltools.gnu-tools-for-stm32.11.3.rel1.macos64_1.1.1.202309131626/tools/bin/../lib/gcc/arm-none-eabi/11.3.1/../../../../arm-none-eabi/lib/thumb/v8-m.main+fp/hard/libc_nano.a(libc_a-sprintf.o)
                              ./Core/Src/main.o (sprintf)
/Applications/STM32CubeIDE.app/Contents/Eclipse/plugins/com.st.stm32cube.ide.mcu.externaltools.gnu-tools-for-stm32.11.3.rel1.macos64_1.1.1.202309131626/tools/bin/../lib/gcc/arm-none-eabi/11.3.1/../../../../arm-none-eabi/lib/thumb/v8-m.main+fp/hard/libc_nano.a(libc_a-findfp.o)
                              /Applications/STM32CubeIDE.app/Contents/Eclipse/plugins/com.st.stm32cube.ide.mcu.externaltools.gnu-tools-for-stm32.11.3.rel1.macos64_1.1.1.202309131626/tools/bin/../lib/gcc/arm-none-eabi/11.3.1/../../../../arm-none-eabi/lib/thumb/v8-m.main+fp/hard/libc_nano.a(libc_a-exit.o) (__stdio_exit_handler)
/Applications/STM32CubeIDE.app/Contents/Eclipse/plugins/com.st.stm32cube.ide.mcu.externaltools.gnu-tools-for-stm32.11.3.rel1.macos64_1.1.1.202309131626/tools/bin/../lib/gcc/arm-none-eabi/11.3.1/../../../../arm-none-eabi/lib/thumb/v8-m.main+fp/hard/libc_nano.a(libc_a-fwalk.o)
                              /Applications/STM32CubeIDE.app/Contents/Eclipse/plugins/com.st.stm32cube.ide.mcu.externaltools.gnu-tools-for-stm32.11.3.rel1.macos64_1.1.1.202309131626/tools/bin/../lib/gcc/arm-none-eabi/11.3.1/../../../../arm-none-eabi/lib/thumb/v8-m.main+fp/hard/libc_nano.a(libc_a-findfp.o) (_fwalk_sglue)
/Applications/STM32CubeIDE.app/Contents/Eclipse/plugins/com.st.stm32cube.ide.mcu.externaltools.gnu-tools-for-stm32.11.3.rel1.macos64_1.1.1.202309131626/tools/bin/../lib/gcc/arm-none-eabi/11.3.1/../../../../arm-none-eabi/lib/thumb/v8-m.main+fp/hard/libc_nano.a(libc_a-vsnprintf.o)
                              ./Core/Src/main.o (vsnprintf)
/Applications/STM32CubeIDE.app/Contents/Eclipse/plugins/com.st.stm32cube.ide.mcu.externaltools.gnu-tools-for-stm32.11.3.rel1.macos64_1.1.1.202309131626/tools/bin/../lib/gcc/arm-none-eabi/11.3.1/../../../../arm-none-eabi/lib/thumb/v8-m.main+fp/hard/libc_nano.a(libc_a-memset.o)
                              /Applications/STM32CubeIDE.app/Contents/Eclipse/plugins/com.st.stm32cube.ide.mcu.externaltools.gnu-tools-for-stm32.11.3.rel1.macos64_1.1.1.202309131626/tools/bin/../lib/gcc/arm-none-eabi/11.3.1/../../../../arm-none-eabi/lib/thumb/v8-m.main+fp/hard/crt0.o (memset)
/Applications/STM32CubeIDE.app/Contents/Eclipse/plugins/com.st.stm32cube.ide.mcu.externaltools.gnu-tools-for-stm32.11.3.rel1.macos64_1.1.1.202309131626/tools/bin/../lib/gcc/arm-none-eabi/11.3.1/../../../../arm-none-eabi/lib/thumb/v8-m.main+fp/hard/libc_nano.a(libc_a-impure.o)
                              /Applications/STM32CubeIDE.app/Contents/Eclipse/plugins/com.st.stm32cube.ide.mcu.externaltools.gnu-tools-for-stm32.11.3.rel1.macos64_1.1.1.202309131626/tools/bin/../lib/gcc/arm-none-eabi/11.3.1/../../../../arm-none-eabi/lib/thumb/v8-m.main+fp/hard/libc_nano.a(libc_a-sprintf.o) (_impure_ptr)
/Applications/STM32CubeIDE.app/Contents/Eclipse/plugins/com.st.stm32cube.ide.mcu.externaltools.gnu-tools-for-stm32.11.3.rel1.macos64_1.1.1.202309131626/tools/bin/../lib/gcc/arm-none-eabi/11.3.1/../../../../arm-none-eabi/lib/thumb/v8-m.main+fp/hard/libc_nano.a(libc_a-errno.o)
                              ./Core/Src/syscalls.o (__errno)
/Applications/STM32CubeIDE.app/Contents/Eclipse/plugins/com.st.stm32cube.ide.mcu.externaltools.gnu-tools-for-stm32.11.3.rel1.macos64_1.1.1.202309131626/tools/bin/../lib/gcc/arm-none-eabi/11.3.1/../../../../arm-none-eabi/lib/thumb/v8-m.main+fp/hard/libc_nano.a(libc_a-init.o)
                              /Applications/STM32CubeIDE.app/Contents/Eclipse/plugins/com.st.stm32cube.ide.mcu.externaltools.gnu-tools-for-stm32.11.3.rel1.macos64_1.1.1.202309131626/tools/bin/../lib/gcc/arm-none-eabi/11.3.1/../../../../arm-none-eabi/lib/thumb/v8-m.main+fp/hard/crt0.o (__libc_init_array)
/Applications/STM32CubeIDE.app/Contents/Eclipse/plugins/com.st.stm32cube.ide.mcu.externaltools.gnu-tools-for-stm32.11.3.rel1.macos64_1.1.1.202309131626/tools/bin/../lib/gcc/arm-none-eabi/11.3.1/../../../../arm-none-eabi/lib/thumb/v8-m.main+fp/hard/libc_nano.a(libc_a-lock.o)
[...]
Memory Configuration

Name             Origin             Length             Attributes
RAM              0x0000000020000000 0x0000000000270000 xrw
SRAM4            0x0000000028000000 0x0000000000004000 xrw
FLASH            0x0000000008000000 0x0000000000400000 xr
*default*        0x0000000000000000 0xffffffffffffffff

Linker script and memory map

LOAD /Applications/STM32CubeIDE.app/Contents/Eclipse/plugins/com.st.stm32cube.ide.mcu.externaltools.gnu-tools-for-stm32.11.3.rel1.macos64_1.1.1.202309131626/tools/bin/../lib/gcc/arm-none-eabi/11.3.1/thumb/v8-m.main+fp/hard/crti.o
LOAD /Applications/STM32CubeIDE.app/Contents/Eclipse/plugins/com.st.stm32cube.ide.mcu.externaltools.gnu-tools-for-stm32.11.3.rel1.macos64_1.1.1.202309131626/tools/bin/../lib/gcc/arm-none-eabi/11.3.1/thumb/v8-m.main+fp/hard/crtbegin.o
LOAD /Applications/STM32CubeIDE.app/Contents/Eclipse/plugins/com.st.stm32cube.ide.mcu.externaltools.gnu-tools-for-stm32.11.3.rel1.macos64_1.1.1.202309131626/tools/bin/../lib/gcc/arm-none-eabi/11.3.1/../../../../arm-none-eabi/lib/thumb/v8-m.main+fp/hard/crt0.o
LOAD ./Core/Src/diskio.o
LOAD ./Core/Src/fatfs.o
LOAD ./Core/Src/ff.o
LOAD ./Core/Src/ff_gen_drv.o
LOAD ./Core/Src/main.o
LOAD ./Core/Src/stm32u5xx_hal_msp.o
LOAD ./Core/Src/stm32u5xx_it.o
LOAD ./Core/Src/syscall.o
LOAD ./Core/Src/syscalls.o
LOAD ./Core/Src/sysmem.o
LOAD ./Core/Src/system_stm32u5xx.o
LOAD ./Core/Src/user_diskio.o
LOAD ./Core/Src/user_diskio_spi.o
LOAD ./Core/Src/wav_header.o
LOAD ./Core/Startup/startup_stm32u5a5zjtxq.o
LOAD ./Drivers/STM32U5xx_HAL_Driver/Src/stm32u5xx_hal.o
LOAD ./Drivers/STM32U5xx_HAL_Driver/Src/stm32u5xx_hal_adc.o
LOAD ./Drivers/STM32U5xx_HAL_Driver/Src/stm32u5xx_hal_adc_ex.o
LOAD ./Drivers/STM32U5xx_HAL_Driver/Src/stm32u5xx_hal_cortex.o
LOAD ./Drivers/STM32U5xx_HAL_Driver/Src/stm32u5xx_hal_dma.o
LOAD ./Drivers/STM32U5xx_HAL_Driver/Src/stm32u5xx_hal_dma_ex.o
LOAD ./Drivers/STM32U5xx_HAL_Driver/Src/stm32u5xx_hal_exti.o
LOAD ./Drivers/STM32U5xx_HAL_Driver/Src/stm32u5xx_hal_flash.o
LOAD ./Drivers/STM32U5xx_HAL_Driver/Src/stm32u5xx_hal_flash_ex.o
LOAD ./Drivers/STM32U5xx_HAL_Driver/Src/stm32u5xx_hal_gpio.o
LOAD ./Drivers/STM32U5xx_HAL_Driver/Src/stm32u5xx_hal_gtzc.o
LOAD ./Drivers/STM32U5xx_HAL_Driver/Src/stm32u5xx_hal_hcd.o
LOAD ./Drivers/STM32U5xx_HAL_Driver/Src/stm32u5xx_hal_i2c.o
LOAD ./Drivers/STM32U5xx_HAL_Driver/Src/stm32u5xx_hal_i2c_ex.o
LOAD ./Drivers/STM32U5xx_HAL_Driver/Src/stm32u5xx_hal_icache.o
LOAD ./Drivers/STM32U5xx_HAL_Driver/Src/stm32u5xx_hal_pwr.o
LOAD ./Drivers/STM32U5xx_HAL_Driver/Src/stm32u5xx_hal_pwr_ex.o
LOAD ./Drivers/STM32U5xx_HAL_Driver/Src/stm32u5xx_hal_rcc.o
LOAD ./Drivers/STM32U5xx_HAL_Driver/Src/stm32u5xx_hal_rcc_ex.o
LOAD ./Drivers/STM32U5xx_HAL_Driver/Src/stm32u5xx_hal_spi.o
LOAD ./Drivers/STM32U5xx_HAL_Driver/Src/stm32u5xx_hal_spi_ex.o
LOAD ./Drivers/STM32U5xx_HAL_Driver/Src/stm32u5xx_hal_tim.o
LOAD ./Drivers/STM32U5xx_HAL_Driver/Src/stm32u5xx_hal_tim_ex.o
LOAD ./Drivers/STM32U5xx_HAL_Driver/Src/stm32u5xx_hal_uart.o
LOAD ./Drivers/STM32U5xx_HAL_Driver/Src/stm32u5xx_hal_uart_ex.o
LOAD ./Drivers/STM32U5xx_HAL_Driver/Src/stm32u5xx_ll_dma.o
LOAD ./Drivers/STM32U5xx_HAL_Driver/Src/stm32u5xx_ll_exti.o
LOAD ./Drivers/STM32U5xx_HAL_Driver/Src/stm32u5xx_ll_gpio.o
LOAD ./Drivers/STM32U5xx_HAL_Driver/Src/stm32u5xx_ll_lpgpio.o
LOAD ./Drivers/STM32U5xx_HAL_Driver/Src/stm32u5xx_ll_ucpd.o
LOAD ./Drivers/STM32U5xx_HAL_Driver/Src/stm32u5xx_ll_usb.o
LOAD ./Drivers/STM32U5xx_HAL_Driver/Src/stm32u5xx_ll_utils.o
START GROUP
LOAD /Applications/STM32CubeIDE.app/Contents/Eclipse/plugins/com.st.stm32cube.ide.mcu.externaltools.gnu-tools-for-stm32.11.3.rel1.macos64_1.1.1.202309131626/tools/bin/../lib/gcc/arm-none-eabi/11.3.1/../../../../arm-none-eabi/lib/thumb/v8-m.main+fp/hard/libc_nano.a
LOAD /Applications/STM32CubeIDE.app/Contents/Eclipse/plugins/com.st.stm32cube.ide.mcu.externaltools.gnu-tools-for-stm32.11.3.rel1.macos64_1.1.1.202309131626/tools/bin/../lib/gcc/arm-none-eabi/11.3.1/../../../../arm-none-eabi/lib/thumb/v8-m.main+fp/hard/libm.a
END GROUP
START GROUP
LOAD /Applications/STM32CubeIDE.app/Contents/Eclipse/plugins/com.st.stm32cube.ide.mcu.externaltools.gnu-tools-for-stm32.11.3.rel1.macos64_1.1.1.202309131626/tools/bin/../lib/gcc/arm-none-eabi/11.3.1/thumb/v8-m.main+fp/hard/libgcc.a
LOAD /Applications/STM32CubeIDE.app/Contents/Eclipse/plugins/com.st.stm32cube.ide.mcu.externaltools.gnu-tools-for-stm32.11.3.rel1.macos64_1.1.1.202309131626/tools/bin/../lib/gcc/arm-none-eabi/11.3.1/../../../../arm-none-eabi/lib/thumb/v8-m.main+fp/hard/libc_nano.a
END GROUP
START GROUP
LOAD /Applications/STM32CubeIDE.app/Contents/Eclipse/plugins/com.st.stm32cube.ide.mcu.externaltools.gnu-tools-for-stm32.11.3.rel1.macos64_1.1.1.202309131626/tools/bin/../lib/gcc/arm-none-eabi/11.3.1/thumb/v8-m.main+fp/hard/libgcc.a
LOAD /Applications/STM32CubeIDE.app/Contents/Eclipse/plugins/com.st.stm32cube.ide.mcu.externaltools.gnu-tools-for-stm32.11.3.rel1.macos64_1.1.1.202309131626/tools/bin/../lib/gcc/arm-none-eabi/11.3.1/../../../../arm-none-eabi/lib/thumb/v8-m.main+fp/hard/libc_nano.a
LOAD /Applications/STM32CubeIDE.app/Contents/Eclipse/plugins/com.st.stm32cube.ide.mcu.externaltools.gnu-tools-for-stm32.11.3.rel1.macos64_1.1.1.202309131626/tools/bin/../lib/gcc/arm-none-eabi/11.3.1/../../../../arm-none-eabi/lib/thumb/v8-m.main+fp/hard/libnosys.a
END GROUP
START GROUP
LOAD /Applications/STM32CubeIDE.app/Contents/Eclipse/plugins/com.st.stm32cube.ide.mcu.externaltools.gnu-tools-for-stm32.11.3.rel1.macos64_1.1.1.202309131626/tools/bin/../lib/gcc/arm-none-eabi/11.3.1/thumb/v8-m.main+fp/hard/libgcc.a
LOAD /Applications/STM32CubeIDE.app/Contents/Eclipse/plugins/com.st.stm32cube.ide.mcu.externaltools.gnu-tools-for-stm32.11.3.rel1.macos64_1.1.1.202309131626/tools/bin/../lib/gcc/arm-none-eabi/11.3.1/../../../../arm-none-eabi/lib/thumb/v8-m.main+fp/hard/libc_nano.a
LOAD /Applications/STM32CubeIDE.app/Contents/Eclipse/plugins/com.st.stm32cube.ide.mcu.externaltools.gnu-tools-for-stm32.11.3.rel1.macos64_1.1.1.202309131626/tools/bin/../lib/gcc/arm-none-eabi/11.3.1/../../../../arm-none-eabi/lib/thumb/v8-m.main+fp/hard/libnosys.a
END GROUP
LOAD /Applications/STM32CubeIDE.app/Contents/Eclipse/plugins/com.st.stm32cube.ide.mcu.externaltools.gnu-tools-for-stm32.11.3.rel1.macos64_1.1.1.202309131626/tools/bin/../lib/gcc/arm-none-eabi/11.3.1/thumb/v8-m.main+fp/hard/crtend.o
LOAD /Applications/STM32CubeIDE.app/Contents/Eclipse/plugins/com.st.stm32cube.ide.mcu.externaltools.gnu-tools-for-stm32.11.3.rel1.macos64_1.1.1.202309131626/tools/bin/../lib/gcc/arm-none-eabi/11.3.1/thumb/v8-m.main+fp/hard/crtn.o
                0x0000000020270000                _estack = (ORIGIN (RAM) + LENGTH (RAM))
                0x0000000000000200                _Min_Heap_Size = 0x200
                0x0000000000000400                _Min_Stack_Size = 0x400

.isr_vector     0x0000000008000000      0x250
 *(.isr_vector)
 .isr_vector    0x0000000008000000      0x250 ./Core/Startup/startup_stm32u5a5zjtxq.o
                0x0000000008000000                g_pfnVectors

.text           0x0000000008000250     0xdfa0
 *(.text)
 .text          0x0000000008000250       0x40 /Applications/STM32CubeIDE.app/Contents/Eclipse/plugins/com.st.stm32cube.ide.mcu.externaltools.gnu-tools-for-stm32.11.3.rel1.macos64_1.1.1.202309131626/tools/bin/../lib/gcc/arm-none-eabi/11.3.1/thumb/v8-m.main+fp/hard/crtbegin.o
 .text          0x0000000008000290       0x10 /Applications/STM32CubeIDE.app/Contents/Eclipse/plugins/com.st.stm32cube.ide.mcu.externaltools.gnu-tools-for-stm32.11.3.rel1.macos64_1.1.1.202309131626/tools/bin/../lib/gcc/arm-none-eabi/11.3.1/../../../../arm-none-eabi/lib/thumb/v8-m.main+fp/hard/libc_nano.a(libc_a-strlen.o)
                0x0000000008000290                strlen
 .text          0x00000000080002a0       0x30 /Applications/STM32CubeIDE.app/Contents/Eclipse/plugins/com.st.stm32cube.ide.mcu.externaltools.gnu-tools-for-stm32.11.3.rel1.macos64_1.1.1.202309131626/tools/bin/../lib/gcc/arm-none-eabi/11.3.1/thumb/v8-m.main+fp/hard/libgcc.a(_aeabi_uldivmod.o)
                0x00000000080002a0                __aeabi_uldivmod
 .text          0x00000000080002d0      0x2ec /Applications/STM32CubeIDE.app/Contents/Eclipse/plugins/com.st.stm32cube.ide.mcu.externaltools.gnu-tools-for-stm32.11.3.rel1.macos64_1.1.1.202309131626/tools/bin/../lib/gcc/arm-none-eabi/11.3.1/thumb/v8-m.main+fp/hard/libgcc.a(_udivmoddi4.o)
                0x00000000080002d0                __udivmoddi4
 .text          0x00000000080005bc        0x4 /Applications/STM32CubeIDE.app/Contents/Eclipse/plugins/com.st.stm32cube.ide.mcu.externaltools.gnu-tools-for-stm32.11.3.rel1.macos64_1.1.1.202309131626/tools/bin/../lib/gcc/arm-none-eabi/11.3.1/thumb/v8-m.main+fp/hard/libgcc.a(_dvmd_tls.o)
                0x00000000080005bc                __aeabi_ldiv0
                0x00000000080005bc                __aeabi_idiv0
 *(.text*)
 .text.disk_status
                0x00000000080005c0       0x34 ./Core/Src/diskio.o
                0x00000000080005c0                disk_status
 .text.disk_initialize
                0x00000000080005f4       0x4c ./Core/Src/diskio.o
                0x00000000080005f4                disk_initialize
 .text.disk_read
                0x0000000008000640       0x40 ./Core/Src/diskio.o
                0x0000000008000640                disk_read
 .text.disk_write
                0x0000000008000680       0x40 ./Core/Src/diskio.o
                0x0000000008000680                disk_write
 .text.disk_ioctl
                0x00000000080006c0       0x3c ./Core/Src/diskio.o
                0x00000000080006c0                disk_ioctl
 .text.MX_FATFS_Init
                0x00000000080006fc       0x24 ./Core/Src/fatfs.o
                0x00000000080006fc                MX_FATFS_Init
 .text.get_fattime
                0x0000000008000720       0x10 ./Core/Src/fatfs.o
                0x0000000008000720                get_fattime
 .text.mem_cpy  0x0000000008000730       0x3e ./Core/Src/ff.o
 .text.mem_set  0x000000000800076e       0x36 ./Core/Src/ff.o
 .text.mem_cmp  0x00000000080007a4       0x4e ./Core/Src/ff.o
 .text.chk_chr  0x00000000080007f2       0x36 ./Core/Src/ff.o
 .text.chk_lock
                0x0000000008000828       0xdc ./Core/Src/ff.o
 .text.enq_lock
                0x0000000008000904       0x48 ./Core/Src/ff.o
 .text.inc_lock
                0x000000000800094c      0x170 ./Core/Src/ff.o
 .text.dec_lock
                0x0000000008000abc       0x88 ./Core/Src/ff.o
 .text.clear_lock
                0x0000000008000b44       0x54 ./Core/Src/ff.o
 .text.sync_window
                0x0000000008000b98       0x92 ./Core/Src/ff.o
 .text.move_window
                0x0000000008000c2a       0x5c ./Core/Src/ff.o
 .text.sync_fs  0x0000000008000c86      0x15a ./Core/Src/ff.o
 .text.clust2sect
                0x0000000008000de0       0x44 ./Core/Src/ff.o
                0x0000000008000de0                clust2sect
 .text.get_fat  0x0000000008000e24      0x174 ./Core/Src/ff.o
                0x0000000008000e24                get_fat
 .text.put_fat  0x0000000008000f98      0x21c ./Core/Src/ff.o
                0x0000000008000f98                put_fat
 .text.remove_chain
                0x00000000080011b4       0xb4 ./Core/Src/ff.o
 .text.create_chain
                0x0000000008001268      0x13a ./Core/Src/ff.o
 .text.clmt_clust
                0x00000000080013a2       0x6a ./Core/Src/ff.o
 .text.dir_sdi  0x000000000800140c      0x128 ./Core/Src/ff.o
 .text.dir_next
                0x0000000008001534      0x1ee ./Core/Src/ff.o
 .text.dir_alloc
                0x0000000008001722       0x94 ./Core/Src/ff.o
 .text.ld_clust
                0x00000000080017b6       0x5c ./Core/Src/ff.o
 .text.st_clust
                0x0000000008001812       0x4e ./Core/Src/ff.o
 .text.dir_find
                0x0000000008001860       0x9e ./Core/Src/ff.o
 .text.dir_register
                0x00000000080018fe       0x72 ./Core/Src/ff.o
 .text.create_name
                0x0000000008001970      0x180 ./Core/Src/ff.o
 .text.follow_path
                0x0000000008001af0       0xdc ./Core/Src/ff.o
 .text.get_ldnumber
                0x0000000008001bcc       0x88 ./Core/Src/ff.o
 .text.check_fs
                0x0000000008001c54       0xd4 ./Core/Src/ff.o
 .text.find_volume
                0x0000000008001d28      0x598 ./Core/Src/ff.o
 .text.validate
                0x00000000080022c0       0x66 ./Core/Src/ff.o
 *fill*         0x0000000008002326        0x2 
 .text.f_mount  0x0000000008002328       0x9c ./Core/Src/ff.o
                0x0000000008002328                f_mount
 .text.f_open   0x00000000080023c4      0x4f2 ./Core/Src/ff.o
                0x00000000080023c4                f_open
 .text.f_write  0x00000000080028b6      0x35a ./Core/Src/ff.o
                0x00000000080028b6                f_write
 .text.f_sync   0x0000000008002c10      0x174 ./Core/Src/ff.o
                0x0000000008002c10                f_sync
 .text.f_close  0x0000000008002d84       0x50 ./Core/Src/ff.o
                0x0000000008002d84                f_close
 .text.f_getfree
                0x0000000008002dd4      0x19a ./Core/Src/ff.o
                0x0000000008002dd4                f_getfree
 *fill*         0x0000000008002f6e        0x2 
 .text.FATFS_LinkDriverEx
                0x0000000008002f70       0x98 ./Core/Src/ff_gen_drv.o
                0x0000000008002f70                FATFS_LinkDriverEx
 .text.FATFS_LinkDriver
                0x0000000008003008       0x1e ./Core/Src/ff_gen_drv.o
                0x0000000008003008                FATFS_LinkDriver
 *fill*         0x0000000008003026        0x2 
 .text.LL_AHB2_GRP1_EnableClock
                0x0000000008003028       0x38 ./Core/Src/main.o
 .text.LL_APB1_GRP2_EnableClock
                0x0000000008003060       0x38 ./Core/Src/main.o
 .text.myprintf
                0x0000000008003098       0x4c ./Core/Src/main.o
                0x0000000008003098                myprintf
 .text.main     0x00000000080030e4      0x380 ./Core/Src/main.o
                0x00000000080030e4                main
 .text.SystemClock_Config
                0x0000000008003464       0xc2 ./Core/Src/main.o
                0x0000000008003464                SystemClock_Config
 .text.SystemPower_Config
                0x0000000008003526       0x1c ./Core/Src/main.o
 *fill*         0x0000000008003542        0x2 
 .text.MX_ADC1_Init
                0x0000000008003544       0xe0 ./Core/Src/main.o
 .text.MX_ICACHE_Init
                0x0000000008003624       0x26 ./Core/Src/main.o
 .text.MX_MEMORYMAP_Init
                0x000000000800364a        0xe ./Core/Src/main.o
 .text.MX_SPI1_Init
                0x0000000008003658       0xdc ./Core/Src/main.o
 .text.MX_UCPD1_Init
                0x0000000008003734       0x6c ./Core/Src/main.o
 .text.MX_USART1_UART_Init
                0x00000000080037a0       0x98 ./Core/Src/main.o
 .text.MX_USB_OTG_HS_HCD_Init
                0x0000000008003838       0x50 ./Core/Src/main.o
 .text.MX_GPIO_Init
                0x0000000008003888      0x1bc ./Core/Src/main.o
 .text.Error_Handler
                0x0000000008003a44        0xa ./Core/Src/main.o
                0x0000000008003a44                Error_Handler
 *fill*         0x0000000008003a4e        0x2 
 .text.HAL_MspInit
                0x0000000008003a50       0x34 ./Core/Src/stm32u5xx_hal_msp.o
                0x0000000008003a50                HAL_MspInit
 .text.HAL_ADC_MspInit
                0x0000000008003a84       0xc8 ./Core/Src/stm32u5xx_hal_msp.o
                0x0000000008003a84                HAL_ADC_MspInit
 .text.HAL_SPI_MspInit
                0x0000000008003b4c       0xd4 ./Core/Src/stm32u5xx_hal_msp.o
                0x0000000008003b4c                HAL_SPI_MspInit
 .text.HAL_UART_MspInit
                0x0000000008003c20       0xd4 ./Core/Src/stm32u5xx_hal_msp.o
                0x0000000008003c20                HAL_UART_MspInit
 .text.HAL_HCD_MspInit
                0x0000000008003cf4       0xf0 ./Core/Src/stm32u5xx_hal_msp.o
                0x0000000008003cf4                HAL_HCD_MspInit
 .text.NMI_Handler
                0x0000000008003de4        0x6 ./Core/Src/stm32u5xx_it.o
                0x0000000008003de4                NMI_Handler
 .text.HardFault_Handler
                0x0000000008003dea        0x6 ./Core/Src/stm32u5xx_it.o
                0x0000000008003dea                HardFault_Handler
 .text.MemManage_Handler
                0x0000000008003df0        0x6 ./Core/Src/stm32u5xx_it.o
                0x0000000008003df0                MemManage_Handler
 .text.BusFault_Handler
                0x0000000008003df6        0x6 ./Core/Src/stm32u5xx_it.o
                0x0000000008003df6                BusFault_Handler
 .text.UsageFault_Handler
                0x0000000008003dfc        0x6 ./Core/Src/stm32u5xx_it.o
                0x0000000008003dfc                UsageFault_Handler
 .text.SVC_Handler
                0x0000000008003e02        0xe ./Core/Src/stm32u5xx_it.o
                0x0000000008003e02                SVC_Handler
 .text.DebugMon_Handler
                0x0000000008003e10        0xe ./Core/Src/stm32u5xx_it.o
                0x0000000008003e10                DebugMon_Handler
 .text.PendSV_Handler
                0x0000000008003e1e        0xe ./Core/Src/stm32u5xx_it.o
                0x0000000008003e1e                PendSV_Handler
 .text.SysTick_Handler
                0x0000000008003e2c        0xc ./Core/Src/stm32u5xx_it.o
                0x0000000008003e2c                SysTick_Handler
 .text._sbrk    0x0000000008003e38       0x6c ./Core/Src/sysmem.o
                0x0000000008003e38                _sbrk
 .text.SystemInit
                0x0000000008003ea4       0x70 ./Core/Src/system_stm32u5xx.o
                0x0000000008003ea4                SystemInit
 .text.USER_initialize
                0x0000000008003f14       0x1c ./Core/Src/user_diskio.o
                0x0000000008003f14                USER_initialize
 .text.USER_status
                0x0000000008003f30       0x1c ./Core/Src/user_diskio.o
                0x0000000008003f30                USER_status
 .text.USER_read
                0x0000000008003f4c       0x26 ./Core/Src/user_diskio.o
                0x0000000008003f4c                USER_read
 .text.USER_write
                0x0000000008003f72       0x26 ./Core/Src/user_diskio.o
                0x0000000008003f72                USER_write
 .text.USER_ioctl
                0x0000000008003f98       0x26 ./Core/Src/user_diskio.o
                0x0000000008003f98                USER_ioctl
 *fill*         0x0000000008003fbe        0x2 
 .text.SPI_Timer_On
                0x0000000008003fc0       0x28 ./Core/Src/user_diskio_spi.o
                0x0000000008003fc0                SPI_Timer_On
 .text.SPI_Timer_Status
                0x0000000008003fe8       0x2c ./Core/Src/user_diskio_spi.o
                0x0000000008003fe8                SPI_Timer_Status
 .text.xchg_spi
                0x0000000008004014       0x2c ./Core/Src/user_diskio_spi.o
 .text.rcvr_spi_multi
                0x0000000008004040       0x38 ./Core/Src/user_diskio_spi.o
 .text.xmit_spi_multi
                0x0000000008004078       0x28 ./Core/Src/user_diskio_spi.o
 .text.wait_ready
                0x00000000080040a0       0x46 ./Core/Src/user_diskio_spi.o
 *fill*         0x00000000080040e6        0x2 
 .text.despiselect
                0x00000000080040e8       0x20 ./Core/Src/user_diskio_spi.o
 .text.spiselect
                0x0000000008004108       0x38 ./Core/Src/user_diskio_spi.o
 .text.rcvr_datablock
                0x0000000008004140       0x52 ./Core/Src/user_diskio_spi.o
 .text.xmit_datablock
                0x0000000008004192       0x64 ./Core/Src/user_diskio_spi.o
 .text.send_cmd
                0x00000000080041f6       0xde ./Core/Src/user_diskio_spi.o
 .text.USER_SPI_initialize
                0x00000000080042d4      0x1d8 ./Core/Src/user_diskio_spi.o
                0x00000000080042d4                USER_SPI_initialize
 .text.USER_SPI_status
                0x00000000080044ac       0x2c ./Core/Src/user_diskio_spi.o
                0x00000000080044ac                USER_SPI_status
 .text.USER_SPI_read
                0x00000000080044d8       0xcc ./Core/Src/user_diskio_spi.o
                0x00000000080044d8                USER_SPI_read
 .text.USER_SPI_write
                0x00000000080045a4       0xf8 ./Core/Src/user_diskio_spi.o
                0x00000000080045a4                USER_SPI_write
 .text.USER_SPI_ioctl
                0x000000000800469c      0x2e0 ./Core/Src/user_diskio_spi.o
                0x000000000800469c                USER_SPI_ioctl
 .text.create_header
                0x000000000800497c       0x98 ./Core/Src/wav_header.o
                0x000000000800497c                create_header
 .text.create_PCM_SC_header
                0x0000000008004a14       0x38 ./Core/Src/wav_header.o
                0x0000000008004a14                create_PCM_SC_header
 .text.create_PCM_SC_header_correct
                0x0000000008004a4c       0x42 ./Core/Src/wav_header.o
                0x0000000008004a4c                create_PCM_SC_header_correct
 *fill*         0x0000000008004a8e        0x2 
 .text.Reset_Handler
                0x0000000008004a90       0x50 ./Core/Startup/startup_stm32u5a5zjtxq.o
                0x0000000008004a90                Reset_Handler
 .text.Default_Handler
                0x0000000008004ae0        0x2 ./Core/Startup/startup_stm32u5a5zjtxq.o
                0x0000000008004ae0                HASH_IRQHandler
                0x0000000008004ae0                TIM8_TRG_COM_IRQHandler
                0x0000000008004ae0                TIM8_CC_IRQHandler
                0x0000000008004ae0                EXTI5_IRQHandler
                0x0000000008004ae0                FLASH_S_IRQHandler
                0x0000000008004ae0                EXTI13_IRQHandler
                0x0000000008004ae0                TIM1_CC_IRQHandler
                0x0000000008004ae0                TSC_IRQHandler
                0x0000000008004ae0                TAMP_IRQHandler
                0x0000000008004ae0                TIM6_IRQHandler
                0x0000000008004ae0                EXTI12_IRQHandler
                0x0000000008004ae0                CORDIC_IRQHandler
                0x0000000008004ae0                EXTI3_IRQHandler
                0x0000000008004ae0                LPTIM4_IRQHandler
                0x0000000008004ae0                GPDMA1_Channel5_IRQHandler
                0x0000000008004ae0                EXTI8_IRQHandler
                0x0000000008004ae0                LPTIM2_IRQHandler
                0x0000000008004ae0                I2C3_ER_IRQHandler
                0x0000000008004ae0                I2C5_EV_IRQHandler
                0x0000000008004ae0                PWR_S3WU_IRQHandler
                0x0000000008004ae0                MDF1_FLT2_IRQHandler
                0x0000000008004ae0                LPDMA1_Channel3_IRQHandler
                0x0000000008004ae0                LPTIM3_IRQHandler
                0x0000000008004ae0                EXTI0_IRQHandler
                0x0000000008004ae0                I2C2_EV_IRQHandler
                0x0000000008004ae0                FPU_IRQHandler
                0x0000000008004ae0                GPDMA1_Channel3_IRQHandler
                0x0000000008004ae0                GPDMA1_Channel7_IRQHandler
                0x0000000008004ae0                MDF1_FLT4_IRQHandler
                0x0000000008004ae0                FDCAN1_IT1_IRQHandler
                0x0000000008004ae0                RAMCFG_IRQHandler
                0x0000000008004ae0                ADC1_2_IRQHandler
                0x0000000008004ae0                GPDMA1_Channel9_IRQHandler
                0x0000000008004ae0                DCACHE1_IRQHandler
                0x0000000008004ae0                SPI1_IRQHandler
                0x0000000008004ae0                OCTOSPI1_IRQHandler
                0x0000000008004ae0                GPDMA1_Channel2_IRQHandler
                0x0000000008004ae0                TIM8_UP_IRQHandler
                0x0000000008004ae0                RCC_S_IRQHandler
                0x0000000008004ae0                OCTOSPI2_IRQHandler
                0x0000000008004ae0                SAI2_IRQHandler
                0x0000000008004ae0                MDF1_FLT1_IRQHandler
                0x0000000008004ae0                PKA_IRQHandler
                0x0000000008004ae0                USART6_IRQHandler
                0x0000000008004ae0                MDF1_FLT5_IRQHandler
                0x0000000008004ae0                EXTI15_IRQHandler
                0x0000000008004ae0                TIM17_IRQHandler
                0x0000000008004ae0                USART3_IRQHandler
                0x0000000008004ae0                RTC_IRQHandler
                0x0000000008004ae0                EXTI9_IRQHandler
                0x0000000008004ae0                HSPI1_IRQHandler
                0x0000000008004ae0                UART5_IRQHandler
                0x0000000008004ae0                TIM4_IRQHandler
                0x0000000008004ae0                I2C1_EV_IRQHandler
                0x0000000008004ae0                GPDMA1_Channel12_IRQHandler
                0x0000000008004ae0                GPDMA1_Channel1_IRQHandler
                0x0000000008004ae0                TIM16_IRQHandler
                0x0000000008004ae0                GPDMA1_Channel15_IRQHandler
                0x0000000008004ae0                UART4_IRQHandler
                0x0000000008004ae0                SecureFault_Handler
                0x0000000008004ae0                TIM3_IRQHandler
                0x0000000008004ae0                RCC_IRQHandler
                0x0000000008004ae0                TIM1_TRG_COM_IRQHandler
                0x0000000008004ae0                Default_Handler
                0x0000000008004ae0                GPDMA1_Channel8_IRQHandler
                0x0000000008004ae0                FMAC_IRQHandler
                0x0000000008004ae0                I2C5_ER_IRQHandler
                0x0000000008004ae0                OTFDEC1_IRQHandler
                0x0000000008004ae0                GPDMA1_Channel11_IRQHandler
                0x0000000008004ae0                TIM7_IRQHandler
                0x0000000008004ae0                SDMMC1_IRQHandler
                0x0000000008004ae0                SAES_IRQHandler
                0x0000000008004ae0                TIM5_IRQHandler
                0x0000000008004ae0                UCPD1_IRQHandler
                0x0000000008004ae0                GPDMA1_Channel0_IRQHandler
                0x0000000008004ae0                TIM15_IRQHandler
                0x0000000008004ae0                I2C3_EV_IRQHandler
                0x0000000008004ae0                LPDMA1_Channel0_IRQHandler
                0x0000000008004ae0                PVD_PVM_IRQHandler
                0x0000000008004ae0                SPI2_IRQHandler
                0x0000000008004ae0                LPDMA1_Channel1_IRQHandler
                0x0000000008004ae0                EXTI14_IRQHandler
                0x0000000008004ae0                EXTI11_IRQHandler
                0x0000000008004ae0                OTFDEC2_IRQHandler
                0x0000000008004ae0                CRS_IRQHandler
                0x0000000008004ae0                GPDMA1_Channel14_IRQHandler
                0x0000000008004ae0                LSECSSD_IRQHandler
                0x0000000008004ae0                EXTI4_IRQHandler
                0x0000000008004ae0                RTC_S_IRQHandler
                0x0000000008004ae0                GPDMA1_Channel13_IRQHandler
                0x0000000008004ae0                RNG_IRQHandler
                0x0000000008004ae0                COMP_IRQHandler
                0x0000000008004ae0                TIM1_UP_IRQHandler
                0x0000000008004ae0                ADC4_IRQHandler
                0x0000000008004ae0                WWDG_IRQHandler
                0x0000000008004ae0                I2C4_EV_IRQHandler
                0x0000000008004ae0                ADF1_IRQHandler
                0x0000000008004ae0                IWDG_IRQHandler
                0x0000000008004ae0                I2C6_ER_IRQHandler
                0x0000000008004ae0                LPUART1_IRQHandler
                0x0000000008004ae0                MDF1_FLT0_IRQHandler
                0x0000000008004ae0                FDCAN1_IT0_IRQHandler
                0x0000000008004ae0                TIM2_IRQHandler
                0x0000000008004ae0                GPDMA1_Channel4_IRQHandler
                0x0000000008004ae0                OTG_HS_IRQHandler
                0x0000000008004ae0                EXTI7_IRQHandler
                0x0000000008004ae0                DMA2D_IRQHandler
                0x0000000008004ae0                TIM1_BRK_IRQHandler
                0x0000000008004ae0                EXTI1_IRQHandler
                0x0000000008004ae0                SDMMC2_IRQHandler
                0x0000000008004ae0                AES_IRQHandler
                0x0000000008004ae0                DAC1_IRQHandler
                0x0000000008004ae0                GTZC_IRQHandler
                0x0000000008004ae0                MDF1_FLT3_IRQHandler
                0x0000000008004ae0                USART2_IRQHandler
                0x0000000008004ae0                I2C6_EV_IRQHandler
                0x0000000008004ae0                GPDMA1_Channel6_IRQHandler
                0x0000000008004ae0                I2C2_ER_IRQHandler
                0x0000000008004ae0                TIM8_BRK_IRQHandler
                0x0000000008004ae0                FLASH_IRQHandler
                0x0000000008004ae0                USART1_IRQHandler
                0x0000000008004ae0                EXTI10_IRQHandler
                0x0000000008004ae0                SPI3_IRQHandler
                0x0000000008004ae0                LPDMA1_Channel2_IRQHandler
                0x0000000008004ae0                I2C1_ER_IRQHandler
                0x0000000008004ae0                FMC_IRQHandler
                0x0000000008004ae0                EXTI6_IRQHandler
                0x0000000008004ae0                LPTIM1_IRQHandler
                0x0000000008004ae0                DCMI_PSSI_IRQHandler
                0x0000000008004ae0                I2C4_ER_IRQHandler
                0x0000000008004ae0                GPDMA1_Channel10_IRQHandler
                0x0000000008004ae0                ICACHE_IRQHandler
                0x0000000008004ae0                SAI1_IRQHandler
                0x0000000008004ae0                EXTI2_IRQHandler
 *fill*         0x0000000008004ae2        0x2 
 .text.HAL_Init
                0x0000000008004ae4       0x5c ./Drivers/STM32U5xx_HAL_Driver/Src/stm32u5xx_hal.o
                0x0000000008004ae4                HAL_Init
 .text.HAL_InitTick
                0x0000000008004b40       0x6c ./Drivers/STM32U5xx_HAL_Driver/Src/stm32u5xx_hal.o
                0x0000000008004b40                HAL_InitTick
 .text.HAL_IncTick
                0x0000000008004bac       0x28 ./Drivers/STM32U5xx_HAL_Driver/Src/stm32u5xx_hal.o
                0x0000000008004bac                HAL_IncTick
 .text.HAL_GetTick
                0x0000000008004bd4       0x18 ./Drivers/STM32U5xx_HAL_Driver/Src/stm32u5xx_hal.o
                0x0000000008004bd4                HAL_GetTick
 .text.HAL_Delay
                0x0000000008004bec       0x48 ./Drivers/STM32U5xx_HAL_Driver/Src/stm32u5xx_hal.o
                0x0000000008004bec                HAL_Delay
 .text.HAL_SYSCFG_EnableOTGPHY
                0x0000000008004c34       0x28 ./Drivers/STM32U5xx_HAL_Driver/Src/stm32u5xx_hal.o
                0x0000000008004c34                HAL_SYSCFG_EnableOTGPHY
 .text.HAL_SYSCFG_SetOTGPHYReferenceClockSelection
                0x0000000008004c5c       0x28 ./Drivers/STM32U5xx_HAL_Driver/Src/stm32u5xx_hal.o
                0x0000000008004c5c                HAL_SYSCFG_SetOTGPHYReferenceClockSelection
 .text.LL_ADC_SetCommonClock
                0x0000000008004c84       0x26 ./Drivers/STM32U5xx_HAL_Driver/Src/stm32u5xx_hal_adc.o
 .text.LL_ADC_SetCommonPathInternalCh
                0x0000000008004caa       0x26 ./Drivers/STM32U5xx_HAL_Driver/Src/stm32u5xx_hal_adc.o
 .text.LL_ADC_GetCommonPathInternalCh
                0x0000000008004cd0       0x1c ./Drivers/STM32U5xx_HAL_Driver/Src/stm32u5xx_hal_adc.o
 .text.LL_ADC_SetResolution
                0x0000000008004cec       0x40 ./Drivers/STM32U5xx_HAL_Driver/Src/stm32u5xx_hal_adc.o
 .text.LL_ADC_SetOffset
                0x0000000008004d2c       0x42 ./Drivers/STM32U5xx_HAL_Driver/Src/stm32u5xx_hal_adc.o
 .text.LL_ADC_GetOffsetChannel
                0x0000000008004d6e       0x2c ./Drivers/STM32U5xx_HAL_Driver/Src/stm32u5xx_hal_adc.o
 .text.LL_ADC_SetOffsetSign
                0x0000000008004d9a       0x36 ./Drivers/STM32U5xx_HAL_Driver/Src/stm32u5xx_hal_adc.o
 .text.LL_ADC_SetOffsetSignedSaturation
                0x0000000008004dd0       0x36 ./Drivers/STM32U5xx_HAL_Driver/Src/stm32u5xx_hal_adc.o
 .text.LL_ADC_SetOffsetUnsignedSaturation
                0x0000000008004e06       0x36 ./Drivers/STM32U5xx_HAL_Driver/Src/stm32u5xx_hal_adc.o
 .text.LL_ADC_SetGainCompensation
                0x0000000008004e3c       0x46 ./Drivers/STM32U5xx_HAL_Driver/Src/stm32u5xx_hal_adc.o
 .text.LL_ADC_SetSamplingTimeCommonChannels
                0x0000000008004e82       0x3e ./Drivers/STM32U5xx_HAL_Driver/Src/stm32u5xx_hal_adc.o
 .text.LL_ADC_REG_IsTriggerSourceSWStart
                0x0000000008004ec0       0x26 ./Drivers/STM32U5xx_HAL_Driver/Src/stm32u5xx_hal_adc.o
 *fill*         0x0000000008004ee6        0x2 
 .text.LL_ADC_REG_SetSequencerRanks
                0x0000000008004ee8       0xc0 ./Drivers/STM32U5xx_HAL_Driver/Src/stm32u5xx_hal_adc.o
 .text.LL_ADC_REG_SetSequencerChAdd
                0x0000000008004fa8       0x66 ./Drivers/STM32U5xx_HAL_Driver/Src/stm32u5xx_hal_adc.o
 .text.LL_ADC_REG_SetSequencerChRem
                0x000000000800500e       0x30 ./Drivers/STM32U5xx_HAL_Driver/Src/stm32u5xx_hal_adc.o
 *fill*         0x000000000800503e        0x2 
 .text.LL_ADC_SetChannelSamplingTime
                0x0000000008005040       0xc8 ./Drivers/STM32U5xx_HAL_Driver/Src/stm32u5xx_hal_adc.o
 .text.LL_ADC_SetChannelSingleDiff
                0x0000000008005108       0x48 ./Drivers/STM32U5xx_HAL_Driver/Src/stm32u5xx_hal_adc.o
 .text.LL_ADC_GetMultimode
                0x0000000008005150       0x1c ./Drivers/STM32U5xx_HAL_Driver/Src/stm32u5xx_hal_adc.o
 .text.LL_ADC_GetMultiDMATransfer
                0x000000000800516c       0x1c ./Drivers/STM32U5xx_HAL_Driver/Src/stm32u5xx_hal_adc.o
 .text.LL_ADC_DisableDeepPowerDown
                0x0000000008005188       0x24 ./Drivers/STM32U5xx_HAL_Driver/Src/stm32u5xx_hal_adc.o
 .text.LL_ADC_IsDeepPowerDownEnabled
                0x00000000080051ac       0x28 ./Drivers/STM32U5xx_HAL_Driver/Src/stm32u5xx_hal_adc.o
 .text.LL_ADC_EnableInternalRegulator
                0x00000000080051d4       0x28 ./Drivers/STM32U5xx_HAL_Driver/Src/stm32u5xx_hal_adc.o
 .text.LL_ADC_IsInternalRegulatorEnabled
                0x00000000080051fc       0x28 ./Drivers/STM32U5xx_HAL_Driver/Src/stm32u5xx_hal_adc.o
 .text.LL_ADC_Enable
                0x0000000008005224       0x28 ./Drivers/STM32U5xx_HAL_Driver/Src/stm32u5xx_hal_adc.o
 .text.LL_ADC_IsEnabled
                0x000000000800524c       0x26 ./Drivers/STM32U5xx_HAL_Driver/Src/stm32u5xx_hal_adc.o
 .text.LL_ADC_REG_StartConversion
                0x0000000008005272       0x28 ./Drivers/STM32U5xx_HAL_Driver/Src/stm32u5xx_hal_adc.o
 .text.LL_ADC_REG_IsConversionOngoing
                0x000000000800529a       0x26 ./Drivers/STM32U5xx_HAL_Driver/Src/stm32u5xx_hal_adc.o
 .text.LL_ADC_INJ_IsConversionOngoing
                0x00000000080052c0       0x26 ./Drivers/STM32U5xx_HAL_Driver/Src/stm32u5xx_hal_adc.o
 *fill*         0x00000000080052e6        0x2 
 .text.HAL_ADC_Init
                0x00000000080052e8      0x5d0 ./Drivers/STM32U5xx_HAL_Driver/Src/stm32u5xx_hal_adc.o
                0x00000000080052e8                HAL_ADC_Init
 .text.HAL_ADC_Start
                0x00000000080058b8      0x1bc ./Drivers/STM32U5xx_HAL_Driver/Src/stm32u5xx_hal_adc.o
                0x00000000080058b8                HAL_ADC_Start
 .text.HAL_ADC_PollForConversion
                0x0000000008005a74      0x2a4 ./Drivers/STM32U5xx_HAL_Driver/Src/stm32u5xx_hal_adc.o
                0x0000000008005a74                HAL_ADC_PollForConversion
 .text.HAL_ADC_GetValue
                0x0000000008005d18       0x1a ./Drivers/STM32U5xx_HAL_Driver/Src/stm32u5xx_hal_adc.o
                0x0000000008005d18                HAL_ADC_GetValue
 *fill*         0x0000000008005d32        0x2 
 .text.HAL_ADC_ConfigChannel
                0x0000000008005d34      0xc3c ./Drivers/STM32U5xx_HAL_Driver/Src/stm32u5xx_hal_adc.o
                0x0000000008005d34                HAL_ADC_ConfigChannel
 .text.ADC_Enable
                0x0000000008006970      0x134 ./Drivers/STM32U5xx_HAL_Driver/Src/stm32u5xx_hal_adc.o
                0x0000000008006970                ADC_Enable
 .text.__NVIC_SetPriorityGrouping
                0x0000000008006aa4       0x48 ./Drivers/STM32U5xx_HAL_Driver/Src/stm32u5xx_hal_cortex.o
 .text.__NVIC_GetPriorityGrouping
                0x0000000008006aec       0x1c ./Drivers/STM32U5xx_HAL_Driver/Src/stm32u5xx_hal_cortex.o
 .text.__NVIC_SetPriority
                0x0000000008006b08       0x54 ./Drivers/STM32U5xx_HAL_Driver/Src/stm32u5xx_hal_cortex.o
 .text.NVIC_EncodePriority
                0x0000000008006b5c       0x66 ./Drivers/STM32U5xx_HAL_Driver/Src/stm32u5xx_hal_cortex.o
 *fill*         0x0000000008006bc2        0x2 
 .text.SysTick_Config
                0x0000000008006bc4       0x44 ./Drivers/STM32U5xx_HAL_Driver/Src/stm32u5xx_hal_cortex.o
 .text.HAL_NVIC_SetPriorityGrouping
                0x0000000008006c08       0x16 ./Drivers/STM32U5xx_HAL_Driver/Src/stm32u5xx_hal_cortex.o
                0x0000000008006c08                HAL_NVIC_SetPriorityGrouping
 .text.HAL_NVIC_SetPriority
                0x0000000008006c1e       0x34 ./Drivers/STM32U5xx_HAL_Driver/Src/stm32u5xx_hal_cortex.o
                0x0000000008006c1e                HAL_NVIC_SetPriority
 .text.HAL_SYSTICK_Config
                0x0000000008006c52       0x18 ./Drivers/STM32U5xx_HAL_Driver/Src/stm32u5xx_hal_cortex.o
                0x0000000008006c52                HAL_SYSTICK_Config
 *fill*         0x0000000008006c6a        0x2 
 .text.HAL_GPIO_Init
                0x0000000008006c6c      0x3b0 ./Drivers/STM32U5xx_HAL_Driver/Src/stm32u5xx_hal_gpio.o
                0x0000000008006c6c                HAL_GPIO_Init
 .text.HAL_GPIO_WritePin
                0x000000000800701c       0x30 ./Drivers/STM32U5xx_HAL_Driver/Src/stm32u5xx_hal_gpio.o
                0x000000000800701c                HAL_GPIO_WritePin
 .text.HAL_GPIO_TogglePin
                0x000000000800704c       0x34 ./Drivers/STM32U5xx_HAL_Driver/Src/stm32u5xx_hal_gpio.o
                0x000000000800704c                HAL_GPIO_TogglePin
 .text.HAL_HCD_Init
                0x0000000008007080       0xac ./Drivers/STM32U5xx_HAL_Driver/Src/stm32u5xx_hal_hcd.o
                0x0000000008007080                HAL_HCD_Init
 .text.HAL_ICACHE_ConfigAssociativityMode
                0x000000000800712c       0x40 ./Drivers/STM32U5xx_HAL_Driver/Src/stm32u5xx_hal_icache.o
                0x000000000800712c                HAL_ICACHE_ConfigAssociativityMode
 .text.HAL_ICACHE_Enable
                0x000000000800716c       0x20 ./Drivers/STM32U5xx_HAL_Driver/Src/stm32u5xx_hal_icache.o
                0x000000000800716c                HAL_ICACHE_Enable
 .text.HAL_PWREx_ControlVoltageScaling
                0x000000000800718c       0xfc ./Drivers/STM32U5xx_HAL_Driver/Src/stm32u5xx_hal_pwr_ex.o
                0x000000000800718c                HAL_PWREx_ControlVoltageScaling
 .text.HAL_PWREx_GetVoltageRange
                0x0000000008007288       0x1c ./Drivers/STM32U5xx_HAL_Driver/Src/stm32u5xx_hal_pwr_ex.o
                0x0000000008007288                HAL_PWREx_GetVoltageRange
 .text.HAL_PWREx_ConfigSupply
                0x00000000080072a4       0xa0 ./Drivers/STM32U5xx_HAL_Driver/Src/stm32u5xx_hal_pwr_ex.o
                0x00000000080072a4                HAL_PWREx_ConfigSupply
 .text.HAL_PWREx_EnableVddUSB
                0x0000000008007344       0x20 ./Drivers/STM32U5xx_HAL_Driver/Src/stm32u5xx_hal_pwr_ex.o
                0x0000000008007344                HAL_PWREx_EnableVddUSB
 .text.HAL_PWREx_EnableVddIO2
                0x0000000008007364       0x20 ./Drivers/STM32U5xx_HAL_Driver/Src/stm32u5xx_hal_pwr_ex.o
                0x0000000008007364                HAL_PWREx_EnableVddIO2
 .text.HAL_PWREx_EnableVddA
                0x0000000008007384       0x20 ./Drivers/STM32U5xx_HAL_Driver/Src/stm32u5xx_hal_pwr_ex.o
                0x0000000008007384                HAL_PWREx_EnableVddA
 .text.HAL_PWREx_EnableUSBHSTranceiverSupply
                0x00000000080073a4       0x3c ./Drivers/STM32U5xx_HAL_Driver/Src/stm32u5xx_hal_pwr_ex.o
                0x00000000080073a4                HAL_PWREx_EnableUSBHSTranceiverSupply
 .text.HAL_RCC_OscConfig
                0x00000000080073e0      0xdb8 ./Drivers/STM32U5xx_HAL_Driver/Src/stm32u5xx_hal_rcc.o
                0x00000000080073e0                HAL_RCC_OscConfig
 .text.HAL_RCC_ClockConfig
                0x0000000008008198      0x3e4 ./Drivers/STM32U5xx_HAL_Driver/Src/stm32u5xx_hal_rcc.o
                0x0000000008008198                HAL_RCC_ClockConfig
 .text.HAL_RCC_GetSysClockFreq
                0x000000000800857c      0x204 ./Drivers/STM32U5xx_HAL_Driver/Src/stm32u5xx_hal_rcc.o
                0x000000000800857c                HAL_RCC_GetSysClockFreq
 .text.HAL_RCC_GetHCLKFreq
                0x0000000008008780       0x34 ./Drivers/STM32U5xx_HAL_Driver/Src/stm32u5xx_hal_rcc.o
                0x0000000008008780                HAL_RCC_GetHCLKFreq
 .text.HAL_RCC_GetPCLK1Freq
                0x00000000080087b4       0x28 ./Drivers/STM32U5xx_HAL_Driver/Src/stm32u5xx_hal_rcc.o
                0x00000000080087b4                HAL_RCC_GetPCLK1Freq
 .text.HAL_RCC_GetPCLK2Freq
                0x00000000080087dc       0x28 ./Drivers/STM32U5xx_HAL_Driver/Src/stm32u5xx_hal_rcc.o
                0x00000000080087dc                HAL_RCC_GetPCLK2Freq
 .text.HAL_RCC_GetPCLK3Freq
                0x0000000008008804       0x28 ./Drivers/STM32U5xx_HAL_Driver/Src/stm32u5xx_hal_rcc.o
                0x0000000008008804                HAL_RCC_GetPCLK3Freq
 .text.RCC_SetFlashLatencyFromMSIRange
                0x000000000800882c      0x10c ./Drivers/STM32U5xx_HAL_Driver/Src/stm32u5xx_hal_rcc.o
 .text.HAL_RCCEx_PeriphCLKConfig
                0x0000000008008938      0xd78 ./Drivers/STM32U5xx_HAL_Driver/Src/stm32u5xx_hal_rcc_ex.o
                0x0000000008008938                HAL_RCCEx_PeriphCLKConfig
 .text.HAL_RCCEx_GetPLL1ClockFreq
                0x00000000080096b0      0x2b4 ./Drivers/STM32U5xx_HAL_Driver/Src/stm32u5xx_hal_rcc_ex.o
                0x00000000080096b0                HAL_RCCEx_GetPLL1ClockFreq
 .text.HAL_RCCEx_GetPLL2ClockFreq
                0x0000000008009964      0x2b4 ./Drivers/STM32U5xx_HAL_Driver/Src/stm32u5xx_hal_rcc_ex.o
                0x0000000008009964                HAL_RCCEx_GetPLL2ClockFreq
 .text.HAL_RCCEx_GetPLL3ClockFreq
                0x0000000008009c18      0x2b4 ./Drivers/STM32U5xx_HAL_Driver/Src/stm32u5xx_hal_rcc_ex.o
                0x0000000008009c18                HAL_RCCEx_GetPLL3ClockFreq
 .text.HAL_RCCEx_GetPeriphCLKFreq
                0x0000000008009ecc     0x16bc ./Drivers/STM32U5xx_HAL_Driver/Src/stm32u5xx_hal_rcc_ex.o
                0x0000000008009ecc                HAL_RCCEx_GetPeriphCLKFreq
 .text.RCCEx_PLL2_Config
                0x000000000800b588      0x130 ./Drivers/STM32U5xx_HAL_Driver/Src/stm32u5xx_hal_rcc_ex.o
 .text.RCCEx_PLL3_Config
                0x000000000800b6b8      0x130 ./Drivers/STM32U5xx_HAL_Driver/Src/stm32u5xx_hal_rcc_ex.o
 .text.HAL_SPI_Init
                0x000000000800b7e8      0x22c ./Drivers/STM32U5xx_HAL_Driver/Src/stm32u5xx_hal_spi.o
                0x000000000800b7e8                HAL_SPI_Init
 .text.HAL_SPI_Transmit
                0x000000000800ba14      0x43c ./Drivers/STM32U5xx_HAL_Driver/Src/stm32u5xx_hal_spi.o
                0x000000000800ba14                HAL_SPI_Transmit
 .text.HAL_SPI_TransmitReceive
                0x000000000800be50      0x47c ./Drivers/STM32U5xx_HAL_Driver/Src/stm32u5xx_hal_spi.o
                0x000000000800be50                HAL_SPI_TransmitReceive
 .text.SPI_CloseTransfer
                0x000000000800c2cc      0x140 ./Drivers/STM32U5xx_HAL_Driver/Src/stm32u5xx_hal_spi.o
 .text.SPI_WaitOnFlagUntilTimeout
                0x000000000800c40c       0x5c ./Drivers/STM32U5xx_HAL_Driver/Src/stm32u5xx_hal_spi.o
 .text.SPI_GetPacketSize
                0x000000000800c468       0x36 ./Drivers/STM32U5xx_HAL_Driver/Src/stm32u5xx_hal_spi.o
 .text.HAL_SPIEx_SetConfigAutonomousMode
                0x000000000800c49e       0x82 ./Drivers/STM32U5xx_HAL_Driver/Src/stm32u5xx_hal_spi_ex.o
                0x000000000800c49e                HAL_SPIEx_SetConfigAutonomousMode
 .text.HAL_UART_Init
                0x000000000800c520       0xa0 ./Drivers/STM32U5xx_HAL_Driver/Src/stm32u5xx_hal_uart.o
                0x000000000800c520                HAL_UART_Init
 .text.HAL_UART_Transmit
                0x000000000800c5c0      0x11c ./Drivers/STM32U5xx_HAL_Driver/Src/stm32u5xx_hal_uart.o
                0x000000000800c5c0                HAL_UART_Transmit
 .text.UART_SetConfig
                0x000000000800c6dc      0x35c ./Drivers/STM32U5xx_HAL_Driver/Src/stm32u5xx_hal_uart.o
                0x000000000800c6dc                UART_SetConfig
 .text.UART_AdvFeatureConfig
                0x000000000800ca38      0x144 ./Drivers/STM32U5xx_HAL_Driver/Src/stm32u5xx_hal_uart.o
                0x000000000800ca38                UART_AdvFeatureConfig
 .text.UART_CheckIdleState
                0x000000000800cb7c      0x154 ./Drivers/STM32U5xx_HAL_Driver/Src/stm32u5xx_hal_uart.o
                0x000000000800cb7c                UART_CheckIdleState
 .text.UART_WaitOnFlagUntilTimeout
                0x000000000800ccd0       0xce ./Drivers/STM32U5xx_HAL_Driver/Src/stm32u5xx_hal_uart.o
                0x000000000800ccd0                UART_WaitOnFlagUntilTimeout
 .text.UART_EndRxTransfer
                0x000000000800cd9e       0xcc ./Drivers/STM32U5xx_HAL_Driver/Src/stm32u5xx_hal_uart.o
 .text.HAL_UARTEx_DisableFifoMode
                0x000000000800ce6a       0x72 ./Drivers/STM32U5xx_HAL_Driver/Src/stm32u5xx_hal_uart_ex.o
                0x000000000800ce6a                HAL_UARTEx_DisableFifoMode
 .text.HAL_UARTEx_SetTxFifoThreshold
                0x000000000800cedc       0x7c ./Drivers/STM32U5xx_HAL_Driver/Src/stm32u5xx_hal_uart_ex.o
                0x000000000800cedc                HAL_UARTEx_SetTxFifoThreshold
 .text.HAL_UARTEx_SetRxFifoThreshold
                0x000000000800cf58       0x7c ./Drivers/STM32U5xx_HAL_Driver/Src/stm32u5xx_hal_uart_ex.o
                0x000000000800cf58                HAL_UARTEx_SetRxFifoThreshold
 .text.UARTEx_SetNbDataToProcess
                0x000000000800cfd4       0x9c ./Drivers/STM32U5xx_HAL_Driver/Src/stm32u5xx_hal_uart_ex.o
 .text.LL_GPIO_SetPinMode
                0x000000000800d070       0x7a ./Drivers/STM32U5xx_HAL_Driver/Src/stm32u5xx_ll_gpio.o
 .text.LL_GPIO_SetPinOutputType
                0x000000000800d0ea       0x30 ./Drivers/STM32U5xx_HAL_Driver/Src/stm32u5xx_ll_gpio.o
 .text.LL_GPIO_SetPinSpeed
                0x000000000800d11a       0x7a ./Drivers/STM32U5xx_HAL_Driver/Src/stm32u5xx_ll_gpio.o
 .text.LL_GPIO_SetPinPull
                0x000000000800d194       0x7a ./Drivers/STM32U5xx_HAL_Driver/Src/stm32u5xx_ll_gpio.o
 .text.LL_GPIO_SetAFPin_0_7
                0x000000000800d20e       0x7a ./Drivers/STM32U5xx_HAL_Driver/Src/stm32u5xx_ll_gpio.o
 .text.LL_GPIO_SetAFPin_8_15
                0x000000000800d288       0x7e ./Drivers/STM32U5xx_HAL_Driver/Src/stm32u5xx_ll_gpio.o
 .text.LL_GPIO_Init
                0x000000000800d306       0xfc ./Drivers/STM32U5xx_HAL_Driver/Src/stm32u5xx_ll_gpio.o
                0x000000000800d306                LL_GPIO_Init
 .text.USB_CoreInit
                0x000000000800d402       0x5c ./Drivers/STM32U5xx_HAL_Driver/Src/stm32u5xx_ll_usb.o
                0x000000000800d402                USB_CoreInit
 .text.USB_DisableGlobalInt
                0x000000000800d45e       0x22 ./Drivers/STM32U5xx_HAL_Driver/Src/stm32u5xx_ll_usb.o
                0x000000000800d45e                USB_DisableGlobalInt
 .text.USB_SetCurrentMode
                0x000000000800d480       0x98 ./Drivers/STM32U5xx_HAL_Driver/Src/stm32u5xx_ll_usb.o
                0x000000000800d480                USB_SetCurrentMode
 .text.USB_FlushTxFifo
                0x000000000800d518       0x68 ./Drivers/STM32U5xx_HAL_Driver/Src/stm32u5xx_ll_usb.o
                0x000000000800d518                USB_FlushTxFifo
 .text.USB_FlushRxFifo
                0x000000000800d580       0x60 ./Drivers/STM32U5xx_HAL_Driver/Src/stm32u5xx_ll_usb.o
                0x000000000800d580                USB_FlushRxFifo
 .text.USB_GetMode
                0x000000000800d5e0       0x1c ./Drivers/STM32U5xx_HAL_Driver/Src/stm32u5xx_ll_usb.o
                0x000000000800d5e0                USB_GetMode
 .text.USB_CoreReset
                0x000000000800d5fc       0x68 ./Drivers/STM32U5xx_HAL_Driver/Src/stm32u5xx_ll_usb.o
 .text.USB_HostInit
                0x000000000800d664      0x198 ./Drivers/STM32U5xx_HAL_Driver/Src/stm32u5xx_ll_usb.o
                0x000000000800d664                USB_HostInit
 .text.sprintf  0x000000000800d7fc       0x40 /Applications/STM32CubeIDE.app/Contents/Eclipse/plugins/com.st.stm32cube.ide.mcu.externaltools.gnu-tools-for-stm32.11.3.rel1.macos64_1.1.1.202309131626/tools/bin/../lib/gcc/arm-none-eabi/11.3.1/../../../../arm-none-eabi/lib/thumb/v8-m.main+fp/hard/libc_nano.a(libc_a-sprintf.o)
                0x000000000800d7fc                sprintf
                0x000000000800d7fc                siprintf
 .text._vsnprintf_r
                0x000000000800d83c       0x56 /Applications/STM32CubeIDE.app/Contents/Eclipse/plugins/com.st.stm32cube.ide.mcu.externaltools.gnu-tools-for-stm32.11.3.rel1.macos64_1.1.1.202309131626/tools/bin/../lib/gcc/arm-none-eabi/11.3.1/../../../../arm-none-eabi/lib/thumb/v8-m.main+fp/hard/libc_nano.a(libc_a-vsnprintf.o)
                0x000000000800d83c                _vsnprintf_r
                0x000000000800d83c                _vsniprintf_r
 *fill*         0x000000000800d892        0x2 
 .text.vsnprintf
                0x000000000800d894       0x1c /Applications/STM32CubeIDE.app/Contents/Eclipse/plugins/com.st.stm32cube.ide.mcu.externaltools.gnu-tools-for-stm32.11.3.rel1.macos64_1.1.1.202309131626/tools/bin/../lib/gcc/arm-none-eabi/11.3.1/../../../../arm-none-eabi/lib/thumb/v8-m.main+fp/hard/libc_nano.a(libc_a-vsnprintf.o)
                0x000000000800d894                vsnprintf
                0x000000000800d894                vsniprintf
 .text.memset   0x000000000800d8b0       0x10 /Applications/STM32CubeIDE.app/Contents/Eclipse/plugins/com.st.stm32cube.ide.mcu.externaltools.gnu-tools-for-stm32.11.3.rel1.macos64_1.1.1.202309131626/tools/bin/../lib/gcc/arm-none-eabi/11.3.1/../../../../arm-none-eabi/lib/thumb/v8-m.main+fp/hard/libc_nano.a(libc_a-memset.o)
                0x000000000800d8b0                memset
 .text.__errno  0x000000000800d8c0        0xc /Applications/STM32CubeIDE.app/Contents/Eclipse/plugins/com.st.stm32cube.ide.mcu.externaltools.gnu-tools-for-stm32.11.3.rel1.macos64_1.1.1.202309131626/tools/bin/../lib/gcc/arm-none-eabi/11.3.1/../../../../arm-none-eabi/lib/thumb/v8-m.main+fp/hard/libc_nano.a(libc_a-errno.o)
                0x000000000800d8c0                __errno
 .text.__libc_init_array
                0x000000000800d8cc       0x48 /Applications/STM32CubeIDE.app/Contents/Eclipse/plugins/com.st.stm32cube.ide.mcu.externaltools.gnu-tools-for-stm32.11.3.rel1.macos64_1.1.1.202309131626/tools/bin/../lib/gcc/arm-none-eabi/11.3.1/../../../../arm-none-eabi/lib/thumb/v8-m.main+fp/hard/libc_nano.a(libc_a-init.o)
                0x000000000800d8cc                __libc_init_array
 .text.__retarget_lock_acquire_recursive
                0x000000000800d914        0x2 /Applications/STM32CubeIDE.app/Contents/Eclipse/plugins/com.st.stm32cube.ide.mcu.externaltools.gnu-tools-for-stm32.11.3.rel1.macos64_1.1.1.202309131626/tools/bin/../lib/gcc/arm-none-eabi/11.3.1/../../../../arm-none-eabi/lib/thumb/v8-m.main+fp/hard/libc_nano.a(libc_a-lock.o)
                0x000000000800d914                __retarget_lock_acquire_recursive
 .text.__retarget_lock_release_recursive
                0x000000000800d916        0x2 /Applications/STM32CubeIDE.app/Contents/Eclipse/plugins/com.st.stm32cube.ide.mcu.externaltools.gnu-tools-for-stm32.11.3.rel1.macos64_1.1.1.202309131626/tools/bin/../lib/gcc/arm-none-eabi/11.3.1/../../../../arm-none-eabi/lib/thumb/v8-m.main+fp/hard/libc_nano.a(libc_a-lock.o)
                0x000000000800d916                __retarget_lock_release_recursive
 .text.__ssputs_r
                0x000000000800d918       0xb4 /Applications/STM32CubeIDE.app/Contents/Eclipse/plugins/com.st.stm32cube.ide.mcu.externaltools.gnu-tools-for-stm32.11.3.rel1.macos64_1.1.1.202309131626/tools/bin/../lib/gcc/arm-none-eabi/11.3.1/../../../../arm-none-eabi/lib/thumb/v8-m.main+fp/hard/libc_nano.a(libc_a-nano-svfprintf.o)
                0x000000000800d918                __ssputs_r
 .text._svfprintf_r
                0x000000000800d9cc      0x1fc /Applications/STM32CubeIDE.app/Contents/Eclipse/plugins/com.st.stm32cube.ide.mcu.externaltools.gnu-tools-for-stm32.11.3.rel1.macos64_1.1.1.202309131626/tools/bin/../lib/gcc/arm-none-eabi/11.3.1/../../../../arm-none-eabi/lib/thumb/v8-m.main+fp/hard/libc_nano.a(libc_a-nano-svfprintf.o)
                0x000000000800d9cc                _svfprintf_r
                0x000000000800d9cc                _svfiprintf_r
 .text.sbrk_aligned
                0x000000000800dbc8       0x40 /Applications/STM32CubeIDE.app/Contents/Eclipse/plugins/com.st.stm32cube.ide.mcu.externaltools.gnu-tools-for-stm32.11.3.rel1.macos64_1.1.1.202309131626/tools/bin/../lib/gcc/arm-none-eabi/11.3.1/../../../../arm-none-eabi/lib/thumb/v8-m.main+fp/hard/libc_nano.a(libc_a-mallocr.o)
 .text._malloc_r
                0x000000000800dc08      0x100 /Applications/STM32CubeIDE.app/Contents/Eclipse/plugins/com.st.stm32cube.ide.mcu.externaltools.gnu-tools-for-stm32.11.3.rel1.macos64_1.1.1.202309131626/tools/bin/../lib/gcc/arm-none-eabi/11.3.1/../../../../arm-none-eabi/lib/thumb/v8-m.main+fp/hard/libc_nano.a(libc_a-mallocr.o)
                0x000000000800dc08                _malloc_r
 .text._printf_common
                0x000000000800dd08       0xe4 /Applications/STM32CubeIDE.app/Contents/Eclipse/plugins/com.st.stm32cube.ide.mcu.externaltools.gnu-tools-for-stm32.11.3.rel1.macos64_1.1.1.202309131626/tools/bin/../lib/gcc/arm-none-eabi/11.3.1/../../../../arm-none-eabi/lib/thumb/v8-m.main+fp/hard/libc_nano.a(libc_a-nano-vfprintf_i.o)
                0x000000000800dd08                _printf_common
 .text._printf_i
                0x000000000800ddec      0x240 /Applications/STM32CubeIDE.app/Contents/Eclipse/plugins/com.st.stm32cube.ide.mcu.externaltools.gnu-tools-for-stm32.11.3.rel1.macos64_1.1.1.202309131626/tools/bin/../lib/gcc/arm-none-eabi/11.3.1/../../../../arm-none-eabi/lib/thumb/v8-m.main+fp/hard/libc_nano.a(libc_a-nano-vfprintf_i.o)
                0x000000000800ddec                _printf_i
 .text.__malloc_lock
                0x000000000800e02c        0xc /Applications/STM32CubeIDE.app/Contents/Eclipse/plugins/com.st.stm32cube.ide.mcu.externaltools.gnu-tools-for-stm32.11.3.rel1.macos64_1.1.1.202309131626/tools/bin/../lib/gcc/arm-none-eabi/11.3.1/../../../../arm-none-eabi/lib/thumb/v8-m.main+fp/hard/libc_nano.a(libc_a-mlock.o)
                0x000000000800e02c                __malloc_lock
 .text.__malloc_unlock
                0x000000000800e038        0xc /Applications/STM32CubeIDE.app/Contents/Eclipse/plugins/com.st.stm32cube.ide.mcu.externaltools.gnu-tools-for-stm32.11.3.rel1.macos64_1.1.1.202309131626/tools/bin/../lib/gcc/arm-none-eabi/11.3.1/../../../../arm-none-eabi/lib/thumb/v8-m.main+fp/hard/libc_nano.a(libc_a-mlock.o)
                0x000000000800e038                __malloc_unlock
 .text._realloc_r
                0x000000000800e044       0x5e /Applications/STM32CubeIDE.app/Contents/Eclipse/plugins/com.st.stm32cube.ide.mcu.externaltools.gnu-tools-for-stm32.11.3.rel1.macos64_1.1.1.202309131626/tools/bin/../lib/gcc/arm-none-eabi/11.3.1/../../../../arm-none-eabi/lib/thumb/v8-m.main+fp/hard/libc_nano.a(libc_a-reallocr.o)
                0x000000000800e044                _realloc_r
 .text.memmove  0x000000000800e0a2       0x34 /Applications/STM32CubeIDE.app/Contents/Eclipse/plugins/com.st.stm32cube.ide.mcu.externaltools.gnu-tools-for-stm32.11.3.rel1.macos64_1.1.1.202309131626/tools/bin/../lib/gcc/arm-none-eabi/11.3.1/../../../../arm-none-eabi/lib/thumb/v8-m.main+fp/hard/libc_nano.a(libc_a-memmove.o)
                0x000000000800e0a2                memmove
 *fill*         0x000000000800e0d6        0x2 
 .text._sbrk_r  0x000000000800e0d8       0x20 /Applications/STM32CubeIDE.app/Contents/Eclipse/plugins/com.st.stm32cube.ide.mcu.externaltools.gnu-tools-for-stm32.11.3.rel1.macos64_1.1.1.202309131626/tools/bin/../lib/gcc/arm-none-eabi/11.3.1/../../../../arm-none-eabi/lib/thumb/v8-m.main+fp/hard/libc_nano.a(libc_a-sbrkr.o)
                0x000000000800e0d8                _sbrk_r
 .text.memchr   0x000000000800e0f8       0x1c /Applications/STM32CubeIDE.app/Contents/Eclipse/plugins/com.st.stm32cube.ide.mcu.externaltools.gnu-tools-for-stm32.11.3.rel1.macos64_1.1.1.202309131626/tools/bin/../lib/gcc/arm-none-eabi/11.3.1/../../../../arm-none-eabi/lib/thumb/v8-m.main+fp/hard/libc_nano.a(libc_a-memchr-stub.o)
                0x000000000800e0f8                memchr
 .text.memcpy   0x000000000800e114       0x1a /Applications/STM32CubeIDE.app/Contents/Eclipse/plugins/com.st.stm32cube.ide.mcu.externaltools.gnu-tools-for-stm32.11.3.rel1.macos64_1.1.1.202309131626/tools/bin/../lib/gcc/arm-none-eabi/11.3.1/../../../../arm-none-eabi/lib/thumb/v8-m.main+fp/hard/libc_nano.a(libc_a-memcpy-stub.o)
                0x000000000800e114                memcpy
 *fill*         0x000000000800e12e        0x2 
 .text._free_r  0x000000000800e130       0x98 /Applications/STM32CubeIDE.app/Contents/Eclipse/plugins/com.st.stm32cube.ide.mcu.externaltools.gnu-tools-for-stm32.11.3.rel1.macos64_1.1.1.202309131626/tools/bin/../lib/gcc/arm-none-eabi/11.3.1/../../../../arm-none-eabi/lib/thumb/v8-m.main+fp/hard/libc_nano.a(libc_a-freer.o)
                0x000000000800e130                _free_r
 .text._malloc_usable_size_r
                0x000000000800e1c8       0x10 /Applications/STM32CubeIDE.app/Contents/Eclipse/plugins/com.st.stm32cube.ide.mcu.externaltools.gnu-tools-for-stm32.11.3.rel1.macos64_1.1.1.202309131626/tools/bin/../lib/gcc/arm-none-eabi/11.3.1/../../../../arm-none-eabi/lib/thumb/v8-m.main+fp/hard/libc_nano.a(libc_a-msizer.o)
                0x000000000800e1c8                _malloc_usable_size_r
 *(.glue_7)
 .glue_7        0x000000000800e1d8        0x0 linker stubs
 *(.glue_7t)
 .glue_7t       0x000000000800e1d8        0x0 linker stubs
 *(.eh_frame)
 .eh_frame      0x000000000800e1d8        0x0 /Applications/STM32CubeIDE.app/Contents/Eclipse/plugins/com.st.stm32cube.ide.mcu.externaltools.gnu-tools-for-stm32.11.3.rel1.macos64_1.1.1.202309131626/tools/bin/../lib/gcc/arm-none-eabi/11.3.1/thumb/v8-m.main+fp/hard/crtbegin.o
 *(.init)
 .init          0x000000000800e1d8        0x4 /Applications/STM32CubeIDE.app/Contents/Eclipse/plugins/com.st.stm32cube.ide.mcu.externaltools.gnu-tools-for-stm32.11.3.rel1.macos64_1.1.1.202309131626/tools/bin/../lib/gcc/arm-none-eabi/11.3.1/thumb/v8-m.main+fp/hard/crti.o
                0x000000000800e1d8                _init
 .init          0x000000000800e1dc        0x8 /Applications/STM32CubeIDE.app/Contents/Eclipse/plugins/com.st.stm32cube.ide.mcu.externaltools.gnu-tools-for-stm32.11.3.rel1.macos64_1.1.1.202309131626/tools/bin/../lib/gcc/arm-none-eabi/11.3.1/thumb/v8-m.main+fp/hard/crtn.o
 *(.fini)
 .fini          0x000000000800e1e4        0x4 /Applications/STM32CubeIDE.app/Contents/Eclipse/plugins/com.st.stm32cube.ide.mcu.externaltools.gnu-tools-for-stm32.11.3.rel1.macos64_1.1.1.202309131626/tools/bin/../lib/gcc/arm-none-eabi/11.3.1/thumb/v8-m.main+fp/hard/crti.o
                0x000000000800e1e4                _fini
 .fini          0x000000000800e1e8        0x8 /Applications/STM32CubeIDE.app/Contents/Eclipse/plugins/com.st.stm32cube.ide.mcu.externaltools.gnu-tools-for-stm32.11.3.rel1.macos64_1.1.1.202309131626/tools/bin/../lib/gcc/arm-none-eabi/11.3.1/thumb/v8-m.main+fp/hard/crtn.o
                0x000000000800e1f0                _etext = .

.vfp11_veneer   0x000000000800e1f0        0x0
 .vfp11_veneer  0x000000000800e1f0        0x0 linker stubs

.v4_bx          0x000000000800e1f0        0x0
 .v4_bx         0x000000000800e1f0        0x0 linker stubs

.iplt           0x000000000800e1f0        0x0
 .iplt          0x000000000800e1f0        0x0 /Applications/STM32CubeIDE.app/Contents/Eclipse/plugins/com.st.stm32cube.ide.mcu.externaltools.gnu-tools-for-stm32.11.3.rel1.macos64_1.1.1.202309131626/tools/bin/../lib/gcc/arm-none-eabi/11.3.1/thumb/v8-m.main+fp/hard/crtbegin.o

.rodata         0x000000000800e1f0      0x327
 *(.rodata)
 .rodata        0x000000000800e1f0       0x68 ./Core/Src/ff.o
 .rodata        0x000000000800e258      0x109 ./Core/Src/main.o
 *(.rodata*)
 *fill*         0x000000000800e361        0x3 
 .rodata.ExCvt  0x000000000800e364       0x80 ./Core/Src/ff.o
 .rodata.AHBPrescTable
                0x000000000800e3e4       0x10 ./Core/Src/system_stm32u5xx.o
                0x000000000800e3e4                AHBPrescTable
 .rodata.APBPrescTable
                0x000000000800e3f4        0x8 ./Core/Src/system_stm32u5xx.o
                0x000000000800e3f4                APBPrescTable
 .rodata.MSIRangeTable
                0x000000000800e3fc       0x40 ./Core/Src/system_stm32u5xx.o
                0x000000000800e3fc                MSIRangeTable
 .rodata.LPGPIO_Map
                0x000000000800e43c       0x80 ./Drivers/STM32U5xx_HAL_Driver/Src/stm32u5xx_hal_gpio.o
 .rodata.UARTPrescTable
                0x000000000800e4bc       0x18 ./Drivers/STM32U5xx_HAL_Driver/Src/stm32u5xx_hal_uart.o
                0x000000000800e4bc                UARTPrescTable
 .rodata.numerator.1
                0x000000000800e4d4        0x8 ./Drivers/STM32U5xx_HAL_Driver/Src/stm32u5xx_hal_uart_ex.o
 .rodata.denominator.0
                0x000000000800e4dc        0x8 ./Drivers/STM32U5xx_HAL_Driver/Src/stm32u5xx_hal_uart_ex.o
 .rodata._svfprintf_r.str1.1
                0x000000000800e4e4       0x11 /Applications/STM32CubeIDE.app/Contents/Eclipse/plugins/com.st.stm32cube.ide.mcu.externaltools.gnu-tools-for-stm32.11.3.rel1.macos64_1.1.1.202309131626/tools/bin/../lib/gcc/arm-none-eabi/11.3.1/../../../../arm-none-eabi/lib/thumb/v8-m.main+fp/hard/libc_nano.a(libc_a-nano-svfprintf.o)
 .rodata._printf_i.str1.1
                0x000000000800e4f5       0x22 /Applications/STM32CubeIDE.app/Contents/Eclipse/plugins/com.st.stm32cube.ide.mcu.externaltools.gnu-tools-for-stm32.11.3.rel1.macos64_1.1.1.202309131626/tools/bin/../lib/gcc/arm-none-eabi/11.3.1/../../../../arm-none-eabi/lib/thumb/v8-m.main+fp/hard/libc_nano.a(libc_a-nano-vfprintf_i.o)

.ARM.extab
 *(.ARM.extab* .gnu.linkonce.armextab.*)

.ARM            0x000000000800e518        0x8
                0x000000000800e518                __exidx_start = .
 *(.ARM.exidx*)
 .ARM.exidx     0x000000000800e518        0x8 /Applications/STM32CubeIDE.app/Contents/Eclipse/plugins/com.st.stm32cube.ide.mcu.externaltools.gnu-tools-for-stm32.11.3.rel1.macos64_1.1.1.202309131626/tools/bin/../lib/gcc/arm-none-eabi/11.3.1/thumb/v8-m.main+fp/hard/libgcc.a(_udivmoddi4.o)
                0x000000000800e520                __exidx_end = .

.rel.dyn        0x000000000800e520        0x0
 .rel.iplt      0x000000000800e520        0x0 /Applications/STM32CubeIDE.app/Contents/Eclipse/plugins/com.st.stm32cube.ide.mcu.externaltools.gnu-tools-for-stm32.11.3.rel1.macos64_1.1.1.202309131626/tools/bin/../lib/gcc/arm-none-eabi/11.3.1/thumb/v8-m.main+fp/hard/crtbegin.o

.preinit_array  0x000000000800e520        0x0
                0x000000000800e520                PROVIDE (__preinit_array_start = .)
 *(.preinit_array*)
                0x000000000800e520                PROVIDE (__preinit_array_end = .)

.init_array     0x000000000800e520        0x4
                0x000000000800e520                PROVIDE (__init_array_start = .)
 *(SORT_BY_NAME(.init_array.*))
 *(.init_array*)
 .init_array    0x000000000800e520        0x4 /Applications/STM32CubeIDE.app/Contents/Eclipse/plugins/com.st.stm32cube.ide.mcu.externaltools.gnu-tools-for-stm32.11.3.rel1.macos64_1.1.1.202309131626/tools/bin/../lib/gcc/arm-none-eabi/11.3.1/thumb/v8-m.main+fp/hard/crtbegin.o
                0x000000000800e524                PROVIDE (__init_array_end = .)

.fini_array     0x000000000800e524        0x4
                [!provide]                        PROVIDE (__fini_array_start = .)
 *(SORT_BY_NAME(.fini_array.*))
 *(.fini_array*)
 .fini_array    0x000000000800e524        0x4 /Applications/STM32CubeIDE.app/Contents/Eclipse/plugins/com.st.stm32cube.ide.mcu.externaltools.gnu-tools-for-stm32.11.3.rel1.macos64_1.1.1.202309131626/tools/bin/../lib/gcc/arm-none-eabi/11.3.1/thumb/v8-m.main+fp/hard/crtbegin.o
                [!provide]                        PROVIDE (__fini_array_end = .)
                0x000000000800e528                _sidata = LOADADDR (.data)

.data           0x0000000020000000       0x74 load address 0x000000000800e528
                0x0000000020000000                _sdata = .
 *(.data)
 *(.data*)
 .data.SystemCoreClock
                0x0000000020000000        0x4 ./Core/Src/system_stm32u5xx.o
                0x0000000020000000                SystemCoreClock
 .data.USER_Driver
                0x0000000020000004       0x14 ./Core/Src/user_diskio.o
                0x0000000020000004                USER_Driver
 .data.Stat     0x0000000020000018        0x1 ./Core/Src/user_diskio_spi.o
 *fill*         0x0000000020000019        0x3 
 .data.uwTickPrio
                0x000000002000001c        0x4 ./Drivers/STM32U5xx_HAL_Driver/Src/stm32u5xx_hal.o
                0x000000002000001c                uwTickPrio
 .data.uwTickFreq
                0x0000000020000020        0x1 ./Drivers/STM32U5xx_HAL_Driver/Src/stm32u5xx_hal.o
                0x0000000020000020                uwTickFreq
 *fill*         0x0000000020000021        0x3 
 .data._impure_data
                0x0000000020000024       0x4c /Applications/STM32CubeIDE.app/Contents/Eclipse/plugins/com.st.stm32cube.ide.mcu.externaltools.gnu-tools-for-stm32.11.3.rel1.macos64_1.1.1.202309131626/tools/bin/../lib/gcc/arm-none-eabi/11.3.1/../../../../arm-none-eabi/lib/thumb/v8-m.main+fp/hard/libc_nano.a(libc_a-impure.o)
                0x0000000020000024                _impure_data
 .data._impure_ptr
                0x0000000020000070        0x4 /Applications/STM32CubeIDE.app/Contents/Eclipse/plugins/com.st.stm32cube.ide.mcu.externaltools.gnu-tools-for-stm32.11.3.rel1.macos64_1.1.1.202309131626/tools/bin/../lib/gcc/arm-none-eabi/11.3.1/../../../../arm-none-eabi/lib/thumb/v8-m.main+fp/hard/libc_nano.a(libc_a-impure.o)
                0x0000000020000070                _impure_ptr
 *(.RamFunc)
 *(.RamFunc*)
                0x0000000020000074                _edata = .

.igot.plt       0x0000000020000074        0x0 load address 0x000000000800e59c
 .igot.plt      0x0000000020000074        0x0 /Applications/STM32CubeIDE.app/Contents/Eclipse/plugins/com.st.stm32cube.ide.mcu.externaltools.gnu-tools-for-stm32.11.3.rel1.macos64_1.1.1.202309131626/tools/bin/../lib/gcc/arm-none-eabi/11.3.1/thumb/v8-m.main+fp/hard/crtbegin.o

.bss            0x0000000020000074      0x860 load address 0x000000000800e59c
                0x0000000020000074                _sbss = .
                0x0000000020000074                __bss_start__ = _sbss
 *(.bss)
 .bss           0x0000000020000074       0x1c /Applications/STM32CubeIDE.app/Contents/Eclipse/plugins/com.st.stm32cube.ide.mcu.externaltools.gnu-tools-for-stm32.11.3.rel1.macos64_1.1.1.202309131626/tools/bin/../lib/gcc/arm-none-eabi/11.3.1/thumb/v8-m.main+fp/hard/crtbegin.o
 *(.bss*)
 .bss.retUSER   0x0000000020000090        0x1 ./Core/Src/fatfs.o
                0x0000000020000090                retUSER
 *fill*         0x0000000020000091        0x3 
 .bss.USERPath  0x0000000020000094        0x4 ./Core/Src/fatfs.o
                0x0000000020000094                USERPath
 .bss.FatFs     0x0000000020000098        0x4 ./Core/Src/ff.o
 .bss.Fsid      0x000000002000009c        0x2 ./Core/Src/ff.o
 *fill*         0x000000002000009e        0x2 
 .bss.Files     0x00000000200000a0       0x18 ./Core/Src/ff.o
 .bss.disk      0x00000000200000b8        0xc ./Core/Src/ff_gen_drv.o
                0x00000000200000b8                disk
 .bss.hadc1     0x00000000200000c4       0x8c ./Core/Src/main.o
                0x00000000200000c4                hadc1
 .bss.hspi1     0x0000000020000150       0x90 ./Core/Src/main.o
                0x0000000020000150                hspi1
 .bss.huart1    0x00000000200001e0       0x94 ./Core/Src/main.o
                0x00000000200001e0                huart1
 .bss.hhcd_USB_OTG_HS
                0x0000000020000274      0x404 ./Core/Src/main.o
                0x0000000020000274                hhcd_USB_OTG_HS
 .bss.buffer.0  0x0000000020000678      0x100 ./Core/Src/main.o
 .bss.__sbrk_heap_end
                0x0000000020000778        0x4 ./Core/Src/sysmem.o
 .bss.CardType  0x000000002000077c        0x1 ./Core/Src/user_diskio_spi.o
 *fill*         0x000000002000077d        0x3 
 .bss.spiTimerTickStart
                0x0000000020000780        0x4 ./Core/Src/user_diskio_spi.o
                0x0000000020000780                spiTimerTickStart
 .bss.spiTimerTickDelay
                0x0000000020000784        0x4 ./Core/Src/user_diskio_spi.o
                0x0000000020000784                spiTimerTickDelay
 .bss.uwTick    0x0000000020000788        0x4 ./Drivers/STM32U5xx_HAL_Driver/Src/stm32u5xx_hal.o
                0x0000000020000788                uwTick
 .bss.__sf      0x000000002000078c      0x138 /Applications/STM32CubeIDE.app/Contents/Eclipse/plugins/com.st.stm32cube.ide.mcu.externaltools.gnu-tools-for-stm32.11.3.rel1.macos64_1.1.1.202309131626/tools/bin/../lib/gcc/arm-none-eabi/11.3.1/../../../../arm-none-eabi/lib/thumb/v8-m.main+fp/hard/libc_nano.a(libc_a-findfp.o)
                0x000000002000078c                __sf
 .bss.__lock___malloc_recursive_mutex
                0x00000000200008c4        0x1 /Applications/STM32CubeIDE.app/Contents/Eclipse/plugins/com.st.stm32cube.ide.mcu.externaltools.gnu-tools-for-stm32.11.3.rel1.macos64_1.1.1.202309131626/tools/bin/../lib/gcc/arm-none-eabi/11.3.1/../../../../arm-none-eabi/lib/thumb/v8-m.main+fp/hard/libc_nano.a(libc_a-lock.o)
                0x00000000200008c4                __lock___malloc_recursive_mutex
 *fill*         0x00000000200008c5        0x3 
 .bss.__malloc_free_list
                0x00000000200008c8        0x4 /Applications/STM32CubeIDE.app/Contents/Eclipse/plugins/com.st.stm32cube.ide.mcu.externaltools.gnu-tools-for-stm32.11.3.rel1.macos64_1.1.1.202309131626/tools/bin/../lib/gcc/arm-none-eabi/11.3.1/../../../../arm-none-eabi/lib/thumb/v8-m.main+fp/hard/libc_nano.a(libc_a-mallocr.o)
                0x00000000200008c8                __malloc_free_list
 .bss.__malloc_sbrk_start
                0x00000000200008cc        0x4 /Applications/STM32CubeIDE.app/Contents/Eclipse/plugins/com.st.stm32cube.ide.mcu.externaltools.gnu-tools-for-stm32.11.3.rel1.macos64_1.1.1.202309131626/tools/bin/../lib/gcc/arm-none-eabi/11.3.1/../../../../arm-none-eabi/lib/thumb/v8-m.main+fp/hard/libc_nano.a(libc_a-mallocr.o)
                0x00000000200008cc                __malloc_sbrk_start
 .bss.errno     0x00000000200008d0        0x4 /Applications/STM32CubeIDE.app/Contents/Eclipse/plugins/com.st.stm32cube.ide.mcu.externaltools.gnu-tools-for-stm32.11.3.rel1.macos64_1.1.1.202309131626/tools/bin/../lib/gcc/arm-none-eabi/11.3.1/../../../../arm-none-eabi/lib/thumb/v8-m.main+fp/hard/libc_nano.a(libc_a-reent.o)
                0x00000000200008d0                errno
 *(COMMON)
                0x00000000200008d4                _ebss = .
                0x00000000200008d4                __bss_end__ = _ebss

._user_heap_stack
                0x00000000200008d4      0x604 load address 0x000000000800e59c
                0x00000000200008d8                . = ALIGN (0x8)
 *fill*         0x00000000200008d4        0x4 
                [!provide]                        PROVIDE (end = .)
                0x00000000200008d8                PROVIDE (_end = .)
                0x0000000020000ad8                . = (. + _Min_Heap_Size)
 *fill*         0x00000000200008d8      0x200 
                0x0000000020000ed8                . = (. + _Min_Stack_Size)
 *fill*         0x0000000020000ad8      0x400 
                0x0000000020000ed8                . = ALIGN (0x8)

/DISCARD/
 libc.a(*)
 libm.a(*)
 libgcc.a(*)

.ARM.attributes
                0x0000000000000000       0x36
 *(.ARM.attributes)
 .ARM.attributes
                0x0000000000000000       0x22 /Applications/STM32CubeIDE.app/Contents/Eclipse/plugins/com.st.stm32cube.ide.mcu.externaltools.gnu-tools-for-stm32.11.3.rel1.macos64_1.1.1.202309131626/tools/bin/../lib/gcc/arm-none-eabi/11.3.1/thumb/v8-m.main+fp/hard/crti.o
 .ARM.attributes
                0x0000000000000022       0x38 /Applications/STM32CubeIDE.app/Contents/Eclipse/plugins/com.st.stm32cube.ide.mcu.externaltools.gnu-tools-for-stm32.11.3.rel1.macos64_1.1.1.202309131626/tools/bin/../lib/gcc/arm-none-eabi/11.3.1/thumb/v8-m.main+fp/hard/crtbegin.o
 .ARM.attributes
                0x000000000000005a       0x3a ./Core/Src/diskio.o
 .ARM.attributes
                0x0000000000000094       0x3a ./Core/Src/fatfs.o
 .ARM.attributes
                0x00000000000000ce       0x3a ./Core/Src/ff.o
 .ARM.attributes
                0x0000000000000108       0x3a ./Core/Src/ff_gen_drv.o
 .ARM.attributes
                0x0000000000000142       0x3a ./Core/Src/main.o
 .ARM.attributes
                0x000000000000017c       0x3a ./Core/Src/stm32u5xx_hal_msp.o
 .ARM.attributes
                0x00000000000001b6       0x3a ./Core/Src/stm32u5xx_it.o
 .ARM.attributes
                0x00000000000001f0       0x3a ./Core/Src/sysmem.o
 .ARM.attributes
                0x000000000000022a       0x3a ./Core/Src/system_stm32u5xx.o
 .ARM.attributes
                0x0000000000000264       0x3a ./Core/Src/user_diskio.o
 .ARM.attributes
                0x000000000000029e       0x3a ./Core/Src/user_diskio_spi.o
 .ARM.attributes
                0x00000000000002d8       0x3a ./Core/Src/wav_header.o
 .ARM.attributes
                0x0000000000000312       0x24 ./Core/Startup/startup_stm32u5a5zjtxq.o
 .ARM.attributes
                0x0000000000000336       0x3a ./Drivers/STM32U5xx_HAL_Driver/Src/stm32u5xx_hal.o
 .ARM.attributes
                0x0000000000000370       0x3a ./Drivers/STM32U5xx_HAL_Driver/Src/stm32u5xx_hal_adc.o
 .ARM.attributes
                0x00000000000003aa       0x3a ./Drivers/STM32U5xx_HAL_Driver/Src/stm32u5xx_hal_cortex.o
 .ARM.attributes
                0x00000000000003e4       0x3a ./Drivers/STM32U5xx_HAL_Driver/Src/stm32u5xx_hal_gpio.o
 .ARM.attributes
                0x000000000000041e       0x3a ./Drivers/STM32U5xx_HAL_Driver/Src/stm32u5xx_hal_hcd.o
 .ARM.attributes
                0x0000000000000458       0x3a ./Drivers/STM32U5xx_HAL_Driver/Src/stm32u5xx_hal_icache.o
 .ARM.attributes
                0x0000000000000492       0x3a ./Drivers/STM32U5xx_HAL_Driver/Src/stm32u5xx_hal_pwr_ex.o
 .ARM.attributes
                0x00000000000004cc       0x3a ./Drivers/STM32U5xx_HAL_Driver/Src/stm32u5xx_hal_rcc.o
 .ARM.attributes
                0x0000000000000506       0x3a ./Drivers/STM32U5xx_HAL_Driver/Src/stm32u5xx_hal_rcc_ex.o
 .ARM.attributes
                0x0000000000000540       0x3a ./Drivers/STM32U5xx_HAL_Driver/Src/stm32u5xx_hal_spi.o
 .ARM.attributes
                0x000000000000057a       0x3a ./Drivers/STM32U5xx_HAL_Driver/Src/stm32u5xx_hal_spi_ex.o
 .ARM.attributes
                0x00000000000005b4       0x3a ./Drivers/STM32U5xx_HAL_Driver/Src/stm32u5xx_hal_uart.o
 .ARM.attributes
                0x00000000000005ee       0x3a ./Drivers/STM32U5xx_HAL_Driver/Src/stm32u5xx_hal_uart_ex.o
 .ARM.attributes
                0x0000000000000628       0x3a ./Drivers/STM32U5xx_HAL_Driver/Src/stm32u5xx_ll_gpio.o
 .ARM.attributes
                0x0000000000000662       0x3a ./Drivers/STM32U5xx_HAL_Driver/Src/stm32u5xx_ll_usb.o
 .ARM.attributes
                0x000000000000069c       0x38 /Applications/STM32CubeIDE.app/Contents/Eclipse/plugins/com.st.stm32cube.ide.mcu.externaltools.gnu-tools-for-stm32.11.3.rel1.macos64_1.1.1.202309131626/tools/bin/../lib/gcc/arm-none-eabi/11.3.1/../../../../arm-none-eabi/lib/thumb/v8-m.main+fp/hard/libc_nano.a(libc_a-sprintf.o)
 .ARM.attributes
                0x00000000000006d4       0x38 /Applications/STM32CubeIDE.app/Contents/Eclipse/plugins/com.st.stm32cube.ide.mcu.externaltools.gnu-tools-for-stm32.11.3.rel1.macos64_1.1.1.202309131626/tools/bin/../lib/gcc/arm-none-eabi/11.3.1/../../../../arm-none-eabi/lib/thumb/v8-m.main+fp/hard/libc_nano.a(libc_a-findfp.o)
 .ARM.attributes
                0x000000000000070c       0x38 /Applications/STM32CubeIDE.app/Contents/Eclipse/plugins/com.st.stm32cube.ide.mcu.externaltools.gnu-tools-for-stm32.11.3.rel1.macos64_1.1.1.202309131626/tools/bin/../lib/gcc/arm-none-eabi/11.3.1/../../../../arm-none-eabi/lib/thumb/v8-m.main+fp/hard/libc_nano.a(libc_a-vsnprintf.o)
 .ARM.attributes
                0x0000000000000744       0x38 /Applications/STM32CubeIDE.app/Contents/Eclipse/plugins/com.st.stm32cube.ide.mcu.externaltools.gnu-tools-for-stm32.11.3.rel1.macos64_1.1.1.202309131626/tools/bin/../lib/gcc/arm-none-eabi/11.3.1/../../../../arm-none-eabi/lib/thumb/v8-m.main+fp/hard/libc_nano.a(libc_a-memset.o)
 .ARM.attributes
                0x000000000000077c       0x38 /Applications/STM32CubeIDE.app/Contents/Eclipse/plugins/com.st.stm32cube.ide.mcu.externaltools.gnu-tools-for-stm32.11.3.rel1.macos64_1.1.1.202309131626/tools/bin/../lib/gcc/arm-none-eabi/11.3.1/../../../../arm-none-eabi/lib/thumb/v8-m.main+fp/hard/libc_nano.a(libc_a-impure.o)
 .ARM.attributes
                0x00000000000007b4       0x38 /Applications/STM32CubeIDE.app/Contents/Eclipse/plugins/com.st.stm32cube.ide.mcu.externaltools.gnu-tools-for-stm32.11.3.rel1.macos64_1.1.1.202309131626/tools/bin/../lib/gcc/arm-none-eabi/11.3.1/../../../../arm-none-eabi/lib/thumb/v8-m.main+fp/hard/libc_nano.a(libc_a-errno.o)
 .ARM.attributes
                0x00000000000007ec       0x38 /Applications/STM32CubeIDE.app/Contents/Eclipse/plugins/com.st.stm32cube.ide.mcu.externaltools.gnu-tools-for-stm32.11.3.rel1.macos64_1.1.1.202309131626/tools/bin/../lib/gcc/arm-none-eabi/11.3.1/../../../../arm-none-eabi/lib/thumb/v8-m.main+fp/hard/libc_nano.a(libc_a-init.o)
 .ARM.attributes
                0x0000000000000824       0x38 /Applications/STM32CubeIDE.app/Contents/Eclipse/plugins/com.st.stm32cube.ide.mcu.externaltools.gnu-tools-for-stm32.11.3.rel1.macos64_1.1.1.202309131626/tools/bin/../lib/gcc/arm-none-eabi/11.3.1/../../../../arm-none-eabi/lib/thumb/v8-m.main+fp/hard/libc_nano.a(libc_a-lock.o)
 .ARM.attributes
                0x000000000000085c       0x17 /Applications/STM32CubeIDE.app/Contents/Eclipse/plugins/com.st.stm32cube.ide.mcu.externaltools.gnu-tools-for-stm32.11.3.rel1.macos64_1.1.1.202309131626/tools/bin/../lib/gcc/arm-none-eabi/11.3.1/../../../../arm-none-eabi/lib/thumb/v8-m.main+fp/hard/libc_nano.a(libc_a-strlen.o)
 .ARM.attributes
                0x0000000000000873       0x38 /Applications/STM32CubeIDE.app/Contents/Eclipse/plugins/com.st.stm32cube.ide.mcu.externaltools.gnu-tools-for-stm32.11.3.rel1.macos64_1.1.1.202309131626/tools/bin/../lib/gcc/arm-none-eabi/11.3.1/../../../../arm-none-eabi/lib/thumb/v8-m.main+fp/hard/libc_nano.a(libc_a-nano-svfprintf.o)
 .ARM.attributes
                0x00000000000008ab       0x38 /Applications/STM32CubeIDE.app/Contents/Eclipse/plugins/com.st.stm32cube.ide.mcu.externaltools.gnu-tools-for-stm32.11.3.rel1.macos64_1.1.1.202309131626/tools/bin/../lib/gcc/arm-none-eabi/11.3.1/../../../../arm-none-eabi/lib/thumb/v8-m.main+fp/hard/libc_nano.a(libc_a-mallocr.o)
 .ARM.attributes
                0x00000000000008e3       0x38 /Applications/STM32CubeIDE.app/Contents/Eclipse/plugins/com.st.stm32cube.ide.mcu.externaltools.gnu-tools-for-stm32.11.3.rel1.macos64_1.1.1.202309131626/tools/bin/../lib/gcc/arm-none-eabi/11.3.1/../../../../arm-none-eabi/lib/thumb/v8-m.main+fp/hard/libc_nano.a(libc_a-nano-vfprintf_i.o)
 .ARM.attributes
                0x000000000000091b       0x38 /Applications/STM32CubeIDE.app/Contents/Eclipse/plugins/com.st.stm32cube.ide.mcu.externaltools.gnu-tools-for-stm32.11.3.rel1.macos64_1.1.1.202309131626/tools/bin/../lib/gcc/arm-none-eabi/11.3.1/../../../../arm-none-eabi/lib/thumb/v8-m.main+fp/hard/libc_nano.a(libc_a-mlock.o)
 .ARM.attributes
                0x0000000000000953       0x38 /Applications/STM32CubeIDE.app/Contents/Eclipse/plugins/com.st.stm32cube.ide.mcu.externaltools.gnu-tools-for-stm32.11.3.rel1.macos64_1.1.1.202309131626/tools/bin/../lib/gcc/arm-none-eabi/11.3.1/../../../../arm-none-eabi/lib/thumb/v8-m.main+fp/hard/libc_nano.a(libc_a-reallocr.o)
 .ARM.attributes
                0x000000000000098b       0x38 /Applications/STM32CubeIDE.app/Contents/Eclipse/plugins/com.st.stm32cube.ide.mcu.externaltools.gnu-tools-for-stm32.11.3.rel1.macos64_1.1.1.202309131626/tools/bin/../lib/gcc/arm-none-eabi/11.3.1/../../../../arm-none-eabi/lib/thumb/v8-m.main+fp/hard/libc_nano.a(libc_a-memmove.o)
 .ARM.attributes
                0x00000000000009c3       0x38 /Applications/STM32CubeIDE.app/Contents/Eclipse/plugins/com.st.stm32cube.ide.mcu.externaltools.gnu-tools-for-stm32.11.3.rel1.macos64_1.1.1.202309131626/tools/bin/../lib/gcc/arm-none-eabi/11.3.1/../../../../arm-none-eabi/lib/thumb/v8-m.main+fp/hard/libc_nano.a(libc_a-reent.o)
 .ARM.attributes
                0x00000000000009fb       0x38 /Applications/STM32CubeIDE.app/Contents/Eclipse/plugins/com.st.stm32cube.ide.mcu.externaltools.gnu-tools-for-stm32.11.3.rel1.macos64_1.1.1.202309131626/tools/bin/../lib/gcc/arm-none-eabi/11.3.1/../../../../arm-none-eabi/lib/thumb/v8-m.main+fp/hard/libc_nano.a(libc_a-sbrkr.o)
 .ARM.attributes
                0x0000000000000a33       0x38 /Applications/STM32CubeIDE.app/Contents/Eclipse/plugins/com.st.stm32cube.ide.mcu.externaltools.gnu-tools-for-stm32.11.3.rel1.macos64_1.1.1.202309131626/tools/bin/../lib/gcc/arm-none-eabi/11.3.1/../../../../arm-none-eabi/lib/thumb/v8-m.main+fp/hard/libc_nano.a(libc_a-memchr-stub.o)
 .ARM.attributes
                0x0000000000000a6b       0x38 /Applications/STM32CubeIDE.app/Contents/Eclipse/plugins/com.st.stm32cube.ide.mcu.externaltools.gnu-tools-for-stm32.11.3.rel1.macos64_1.1.1.202309131626/tools/bin/../lib/gcc/arm-none-eabi/11.3.1/../../../../arm-none-eabi/lib/thumb/v8-m.main+fp/hard/libc_nano.a(libc_a-memcpy-stub.o)
 .ARM.attributes
                0x0000000000000aa3       0x38 /Applications/STM32CubeIDE.app/Contents/Eclipse/plugins/com.st.stm32cube.ide.mcu.externaltools.gnu-tools-for-stm32.11.3.rel1.macos64_1.1.1.202309131626/tools/bin/../lib/gcc/arm-none-eabi/11.3.1/../../../../arm-none-eabi/lib/thumb/v8-m.main+fp/hard/libc_nano.a(libc_a-freer.o)
 .ARM.attributes
                0x0000000000000adb       0x38 /Applications/STM32CubeIDE.app/Contents/Eclipse/plugins/com.st.stm32cube.ide.mcu.externaltools.gnu-tools-for-stm32.11.3.rel1.macos64_1.1.1.202309131626/tools/bin/../lib/gcc/arm-none-eabi/11.3.1/../../../../arm-none-eabi/lib/thumb/v8-m.main+fp/hard/libc_nano.a(libc_a-msizer.o)
 .ARM.attributes
                0x0000000000000b13       0x22 /Applications/STM32CubeIDE.app/Contents/Eclipse/plugins/com.st.stm32cube.ide.mcu.externaltools.gnu-tools-for-stm32.11.3.rel1.macos64_1.1.1.202309131626/tools/bin/../lib/gcc/arm-none-eabi/11.3.1/thumb/v8-m.main+fp/hard/libgcc.a(_aeabi_uldivmod.o)
 .ARM.attributes
                0x0000000000000b35       0x38 /Applications/STM32CubeIDE.app/Contents/Eclipse/plugins/com.st.stm32cube.ide.mcu.externaltools.gnu-tools-for-stm32.11.3.rel1.macos64_1.1.1.202309131626/tools/bin/../lib/gcc/arm-none-eabi/11.3.1/thumb/v8-m.main+fp/hard/libgcc.a(_udivmoddi4.o)
 .ARM.attributes
                0x0000000000000b6d       0x22 /Applications/STM32CubeIDE.app/Contents/Eclipse/plugins/com.st.stm32cube.ide.mcu.externaltools.gnu-tools-for-stm32.11.3.rel1.macos64_1.1.1.202309131626/tools/bin/../lib/gcc/arm-none-eabi/11.3.1/thumb/v8-m.main+fp/hard/libgcc.a(_dvmd_tls.o)
 .ARM.attributes
                0x0000000000000b8f       0x22 /Applications/STM32CubeIDE.app/Contents/Eclipse/plugins/com.st.stm32cube.ide.mcu.externaltools.gnu-tools-for-stm32.11.3.rel1.macos64_1.1.1.202309131626/tools/bin/../lib/gcc/arm-none-eabi/11.3.1/thumb/v8-m.main+fp/hard/crtn.o
OUTPUT(STM32-SDcard.elf elf32-littlearm)
LOAD linker stubs
LOAD /Applications/STM32CubeIDE.app/Contents/Eclipse/plugins/com.st.stm32cube.ide.mcu.externaltools.gnu-tools-for-stm32.11.3.rel1.macos64_1.1.1.202309131626/tools/bin/../lib/gcc/arm-none-eabi/11.3.1/../../../../arm-none-eabi/lib/thumb/v8-m.main+fp/hard/libc.a
LOAD /Applications/STM32CubeIDE.app/Contents/Eclipse/plugins/com.st.stm32cube.ide.mcu.externaltools.gnu-tools-for-stm32.11.3.rel1.macos64_1.1.1.202309131626/tools/bin/../lib/gcc/arm-none-eabi/11.3.1/../../../../arm-none-eabi/lib/thumb/v8-m.main+fp/hard/libm.a
LOAD /Applications/STM32CubeIDE.app/Contents/Eclipse/plugins/com.st.stm32cube.ide.mcu.externaltools.gnu-tools-for-stm32.11.3.rel1.macos64_1.1.1.202309131626/tools/bin/../lib/gcc/arm-none-eabi/11.3.1/thumb/v8-m.main+fp/hard/libgcc.a

.comment        0x0000000000000000       0x43
 .comment       0x0000000000000000       0x43 /Applications/STM32CubeIDE.app/Contents/Eclipse/plugins/com.st.stm32cube.ide.mcu.externaltools.gnu-tools-for-stm32.11.3.rel1.macos64_1.1.1.202309131626/tools/bin/../lib/gcc/arm-none-eabi/11.3.1/thumb/v8-m.main+fp/hard/crtbegin.o
                                         0x44 (size before relaxing)
 .comment       0x0000000000000043       0x44 ./Core/Src/diskio.o
 .comment       0x0000000000000043       0x44 ./Core/Src/fatfs.o
 .comment       0x0000000000000043       0x44 ./Core/Src/ff.o
 .comment       0x0000000000000043       0x44 ./Core/Src/ff_gen_drv.o
 .comment       0x0000000000000043       0x44 ./Core/Src/main.o
 .comment       0x0000000000000043       0x44 ./Core/Src/stm32u5xx_hal_msp.o
 .comment       0x0000000000000043       0x44 ./Core/Src/stm32u5xx_it.o
 .comment       0x0000000000000043       0x44 ./Core/Src/sysmem.o
 .comment       0x0000000000000043       0x44 ./Core/Src/system_stm32u5xx.o
 .comment       0x0000000000000043       0x44 ./Core/Src/user_diskio.o
 .comment       0x0000000000000043       0x44 ./Core/Src/user_diskio_spi.o
 .comment       0x0000000000000043       0x44 ./Core/Src/wav_header.o
 .comment       0x0000000000000043       0x44 ./Drivers/STM32U5xx_HAL_Driver/Src/stm32u5xx_hal.o
 .comment       0x0000000000000043       0x44 ./Drivers/STM32U5xx_HAL_Driver/Src/stm32u5xx_hal_adc.o
 .comment       0x0000000000000043       0x44 ./Drivers/STM32U5xx_HAL_Driver/Src/stm32u5xx_hal_cortex.o
 .comment       0x0000000000000043       0x44 ./Drivers/STM32U5xx_HAL_Driver/Src/stm32u5xx_hal_gpio.o
 .comment       0x0000000000000043       0x44 ./Drivers/STM32U5xx_HAL_Driver/Src/stm32u5xx_hal_hcd.o
 .comment       0x0000000000000043       0x44 ./Drivers/STM32U5xx_HAL_Driver/Src/stm32u5xx_hal_icache.o
 .comment       0x0000000000000043       0x44 ./Drivers/STM32U5xx_HAL_Driver/Src/stm32u5xx_hal_pwr_ex.o
 .comment       0x0000000000000043       0x44 ./Drivers/STM32U5xx_HAL_Driver/Src/stm32u5xx_hal_rcc.o
 .comment       0x0000000000000043       0x44 ./Drivers/STM32U5xx_HAL_Driver/Src/stm32u5xx_hal_rcc_ex.o
 .comment       0x0000000000000043       0x44 ./Drivers/STM32U5xx_HAL_Driver/Src/stm32u5xx_hal_spi.o
 .comment       0x0000000000000043       0x44 ./Drivers/STM32U5xx_HAL_Driver/Src/stm32u5xx_hal_spi_ex.o
 .comment       0x0000000000000043       0x44 ./Drivers/STM32U5xx_HAL_Driver/Src/stm32u5xx_hal_uart.o
 .comment       0x0000000000000043       0x44 ./Drivers/STM32U5xx_HAL_Driver/Src/stm32u5xx_hal_uart_ex.o
 .comment       0x0000000000000043       0x44 ./Drivers/STM32U5xx_HAL_Driver/Src/stm32u5xx_ll_gpio.o
 .comment       0x0000000000000043       0x44 ./Drivers/STM32U5xx_HAL_Driver/Src/stm32u5xx_ll_usb.o

.debug_info     0x0000000000000000    0x1e4d8
 .debug_info    0x0000000000000000      0x432 ./Core/Src/diskio.o
 .debug_info    0x0000000000000432      0x521 ./Core/Src/fatfs.o
 .debug_info    0x0000000000000953     0x215f ./Core/Src/ff.o
 .debug_info    0x0000000000002ab2      0x3d2 ./Core/Src/ff_gen_drv.o
 .debug_info    0x0000000000002e84     0x2bea ./Core/Src/main.o
 .debug_info    0x0000000000005a6e     0x228a ./Core/Src/stm32u5xx_hal_msp.o
 .debug_info    0x0000000000007cf8      0x16c ./Core/Src/stm32u5xx_it.o
 .debug_info    0x0000000000007e64      0x168 ./Core/Src/sysmem.o
 .debug_info    0x0000000000007fcc      0x929 ./Core/Src/system_stm32u5xx.o
 .debug_info    0x00000000000088f5      0x3fc ./Core/Src/user_diskio.o
 .debug_info    0x0000000000008cf1      0xf6d ./Core/Src/user_diskio_spi.o
 .debug_info    0x0000000000009c5e      0x2a9 ./Core/Src/wav_header.o
 .debug_info    0x0000000000009f07       0x23 ./Core/Startup/startup_stm32u5a5zjtxq.o
 .debug_info    0x0000000000009f2a     0x13d4 ./Drivers/STM32U5xx_HAL_Driver/Src/stm32u5xx_hal.o
 .debug_info    0x000000000000b2fe     0x2706 ./Drivers/STM32U5xx_HAL_Driver/Src/stm32u5xx_hal_adc.o
 .debug_info    0x000000000000da04     0x1622 ./Drivers/STM32U5xx_HAL_Driver/Src/stm32u5xx_hal_cortex.o
 .debug_info    0x000000000000f026      0x859 ./Drivers/STM32U5xx_HAL_Driver/Src/stm32u5xx_hal_gpio.o
 .debug_info    0x000000000000f87f     0x11f3 ./Drivers/STM32U5xx_HAL_Driver/Src/stm32u5xx_hal_hcd.o
 .debug_info    0x0000000000010a72      0x53a ./Drivers/STM32U5xx_HAL_Driver/Src/stm32u5xx_hal_icache.o
 .debug_info    0x0000000000010fac      0xf0c ./Drivers/STM32U5xx_HAL_Driver/Src/stm32u5xx_hal_pwr_ex.o
 .debug_info    0x0000000000011eb8     0x12b0 ./Drivers/STM32U5xx_HAL_Driver/Src/stm32u5xx_hal_rcc.o
 .debug_info    0x0000000000013168     0x1610 ./Drivers/STM32U5xx_HAL_Driver/Src/stm32u5xx_hal_rcc_ex.o
 .debug_info    0x0000000000014778     0x15cc ./Drivers/STM32U5xx_HAL_Driver/Src/stm32u5xx_hal_spi.o
 .debug_info    0x0000000000015d44      0xa97 ./Drivers/STM32U5xx_HAL_Driver/Src/stm32u5xx_hal_spi_ex.o
 .debug_info    0x00000000000167db     0x456e ./Drivers/STM32U5xx_HAL_Driver/Src/stm32u5xx_hal_uart.o
 .debug_info    0x000000000001ad49     0x11f0 ./Drivers/STM32U5xx_HAL_Driver/Src/stm32u5xx_hal_uart_ex.o
 .debug_info    0x000000000001bf39      0xb17 ./Drivers/STM32U5xx_HAL_Driver/Src/stm32u5xx_ll_gpio.o
 .debug_info    0x000000000001ca50     0x1a88 ./Drivers/STM32U5xx_HAL_Driver/Src/stm32u5xx_ll_usb.o

.debug_abbrev   0x0000000000000000     0x3c72
 .debug_abbrev  0x0000000000000000      0x17e ./Core/Src/diskio.o
 .debug_abbrev  0x000000000000017e      0x1b9 ./Core/Src/fatfs.o
 .debug_abbrev  0x0000000000000337      0x320 ./Core/Src/ff.o
 .debug_abbrev  0x0000000000000657      0x19c ./Core/Src/ff_gen_drv.o
 .debug_abbrev  0x00000000000007f3      0x3ca ./Core/Src/main.o
 .debug_abbrev  0x0000000000000bbd      0x299 ./Core/Src/stm32u5xx_hal_msp.o
 .debug_abbrev  0x0000000000000e56       0xac ./Core/Src/stm32u5xx_it.o
 .debug_abbrev  0x0000000000000f02       0xbc ./Core/Src/sysmem.o
 .debug_abbrev  0x0000000000000fbe      0x129 ./Core/Src/system_stm32u5xx.o
 .debug_abbrev  0x00000000000010e7      0x155 ./Core/Src/user_diskio.o
 .debug_abbrev  0x000000000000123c      0x319 ./Core/Src/user_diskio_spi.o
 .debug_abbrev  0x0000000000001555       0xce ./Core/Src/wav_header.o
 .debug_abbrev  0x0000000000001623       0x12 ./Core/Startup/startup_stm32u5a5zjtxq.o
 .debug_abbrev  0x0000000000001635      0x291 ./Drivers/STM32U5xx_HAL_Driver/Src/stm32u5xx_hal.o
 .debug_abbrev  0x00000000000018c6      0x2cc ./Drivers/STM32U5xx_HAL_Driver/Src/stm32u5xx_hal_adc.o
 .debug_abbrev  0x0000000000001b92      0x30d ./Drivers/STM32U5xx_HAL_Driver/Src/stm32u5xx_hal_cortex.o
 .debug_abbrev  0x0000000000001e9f      0x25a ./Drivers/STM32U5xx_HAL_Driver/Src/stm32u5xx_hal_gpio.o
 .debug_abbrev  0x00000000000020f9      0x293 ./Drivers/STM32U5xx_HAL_Driver/Src/stm32u5xx_hal_hcd.o
 .debug_abbrev  0x000000000000238c      0x23b ./Drivers/STM32U5xx_HAL_Driver/Src/stm32u5xx_hal_icache.o
 .debug_abbrev  0x00000000000025c7      0x243 ./Drivers/STM32U5xx_HAL_Driver/Src/stm32u5xx_hal_pwr_ex.o
 .debug_abbrev  0x000000000000280a      0x2cb ./Drivers/STM32U5xx_HAL_Driver/Src/stm32u5xx_hal_rcc.o
 .debug_abbrev  0x0000000000002ad5      0x23d ./Drivers/STM32U5xx_HAL_Driver/Src/stm32u5xx_hal_rcc_ex.o
 .debug_abbrev  0x0000000000002d12      0x2b3 ./Drivers/STM32U5xx_HAL_Driver/Src/stm32u5xx_hal_spi.o
 .debug_abbrev  0x0000000000002fc5      0x1c7 ./Drivers/STM32U5xx_HAL_Driver/Src/stm32u5xx_hal_spi_ex.o
 .debug_abbrev  0x000000000000318c      0x305 ./Drivers/STM32U5xx_HAL_Driver/Src/stm32u5xx_hal_uart.o
 .debug_abbrev  0x0000000000003491      0x2d4 ./Drivers/STM32U5xx_HAL_Driver/Src/stm32u5xx_hal_uart_ex.o
 .debug_abbrev  0x0000000000003765      0x25d ./Drivers/STM32U5xx_HAL_Driver/Src/stm32u5xx_ll_gpio.o
 .debug_abbrev  0x00000000000039c2      0x2b0 ./Drivers/STM32U5xx_HAL_Driver/Src/stm32u5xx_ll_usb.o

.debug_aranges  0x0000000000000000     0x17f0
 .debug_aranges
                0x0000000000000000       0x48 ./Core/Src/diskio.o
 .debug_aranges
                0x0000000000000048       0x28 ./Core/Src/fatfs.o
 .debug_aranges
                0x0000000000000070      0x1e8 ./Core/Src/ff.o
 .debug_aranges
                0x0000000000000258       0x40 ./Core/Src/ff_gen_drv.o
 .debug_aranges
                0x0000000000000298       0x90 ./Core/Src/main.o
 .debug_aranges
                0x0000000000000328       0x60 ./Core/Src/stm32u5xx_hal_msp.o
 .debug_aranges
                0x0000000000000388       0x60 ./Core/Src/stm32u5xx_it.o
 .debug_aranges
                0x00000000000003e8       0x20 ./Core/Src/sysmem.o
 .debug_aranges