../Core/Src/main.c:76:6:myprintf	16	static
../Core/Src/main.c:88:6:header_to_sd	24	static
../Core/Src/main.c:114:5:main	358728	static
../Core/Src/main.c:313:6:SystemClock_Config	128	static
../Core/Src/main.c:370:13:MX_ADC1_Init	40	static
../Core/Src/main.c:432:13:MX_MEMORYMAP_Init	4	static
../Core/Src/main.c:453:13:MX_SDMMC1_SD_Init	8	static
../Core/Src/main.c:484:13:MX_UART4_Init	8	static
../Core/Src/main.c:532:13:MX_GPIO_Init	24	static
../Core/Src/main.c:554:6:Error_Handler	4	static,ignoring_inline_asm
