../Core/Src/main.c:76:6:myprintf	16	static
../Core/Src/main.c:88:6:header_to_sd	24	static
../Core/Src/main.c:114:5:main	350280	static
../Core/Src/main.c:315:6:SystemClock_Config	128	static
../Core/Src/main.c:371:13:MX_ADC1_Init	40	static
../Core/Src/main.c:433:13:MX_MEMORYMAP_Init	4	static
../Core/Src/main.c:454:13:MX_SDMMC1_SD_Init	8	static
../Core/Src/main.c:485:13:MX_UART4_Init	8	static
../Core/Src/main.c:533:13:MX_GPIO_Init	56	static
../Core/Src/main.c:579:6:Error_Handler	4	static,ignoring_inline_asm
